Component: ARM Compiler 5.06 update 6 (build 750) Tool: armlink [4d35ed]

==============================================================================

Section Cross References

    main.o(i.main) refers to s32k144_api.o(i.SystemCoreClockConfigure) for SystemCoreClockConfigure
    main.o(i.main) refers to system_s32k144.o(i.SystemCoreClockUpdate) for SystemCoreClockUpdate
    main.o(i.main) refers to s32k144_api.o(i.InitHardware) for InitHardware
    main.o(i.main) refers to function.o(i.InitVarent) for InitVarent
    main.o(i.main) refers to rtx_kernel.o(i.osKernelInitialize) for osKernelInitialize
    main.o(i.main) refers to ccp.o(i.ccpInit) for ccpInit
    main.o(i.main) refers to rtx_thread.o(i.osThreadNew) for osThreadNew
    main.o(i.main) refers to rtx_kernel.o(i.osKernelGetState) for osKernelGetState
    main.o(i.main) refers to rtx_kernel.o(i.osKernelStart) for osKernelStart
    main.o(i.main) refers to maintask.o(.constdata) for app_main_attr
    main.o(i.main) refers to maintask.o(i.app_main) for app_main
    s32k144_api.o(i.CANTranQueue) refers to s32k144_api.o(.data) for Can0TranTop
    s32k144_api.o(i.CANTranQueue) refers to s32k144_api.o(.bss) for Can0TranBuffer
    s32k144_api.o(i.DmaInitial) refers to s32k144_api.o(.bss) for Can0ReceBuffer
    s32k144_api.o(i.GetAtdResult) refers to s32k144_api.o(.data) for Atd0Pos
    s32k144_api.o(i.InitCan) refers to s32k144_api.o(i.EnableCanClock) for EnableCanClock
    s32k144_api.o(i.InitHardware) refers to s32k144_api.o(i.InitATD) for InitATD
    s32k144_api.o(i.InitHardware) refers to s32k144_api.o(i.AutoCalibrationATD) for AutoCalibrationATD
    s32k144_api.o(i.InitHardware) refers to s32k144_api.o(i.FTM0_init) for FTM0_init
    s32k144_api.o(i.InitHardware) refers to s32k144_api.o(i.FTM1_init) for FTM1_init
    s32k144_api.o(i.InitHardware) refers to s32k144_api.o(i.DmaInitial) for DmaInitial
    s32k144_api.o(i.InitHardware) refers to s32k144_api.o(i.InitCan) for InitCan
    s32k144_api.o(i.InitHardware) refers to s32k144_api.o(RAMCODE) for FlexRamParden
    s32k144_api.o(i.InitHardware) refers to s32k144_api.o(i.FlexramEeprom) for FlexramEeprom
    s32k144_api.o(i.InitHardware) refers to s32k144_api.o(.data) for Atd0Pos
    s32k144_api.o(i.ReadCanData) refers to s32k144_api.o(.bss) for Can0ReceBuffer
    s32k144_api.o(i.ReadCanData) refers to s32k144_api.o(.data) for Can0RecePosition
    s32k144_api.o(i.StartAtdConver) refers to s32k144_api.o(.data) for Atd0Pos
    s32k144_api.o(.ARM.__AT_0x00000004) refers to startup_s32k144.o(.text) for Reset_Handler
    maintask.o(i.app_main) refers to eventrecorder.o(i.EventRecorderInitialize) for EventRecorderInitialize
    maintask.o(i.app_main) refers to eventrecorder.o(i.EventRecorderEnable) for EventRecorderEnable
    maintask.o(i.app_main) refers to rtx_thread.o(i.osThreadNew) for osThreadNew
    maintask.o(i.app_main) refers to rtx_kernel.o(i.osKernelGetTickCount) for osKernelGetTickCount
    maintask.o(i.app_main) refers to rtx_delay.o(i.osDelay) for osDelay
    maintask.o(i.app_main) refers to maintask.o(.constdata) for app_Task1_attr
    maintask.o(i.app_main) refers to task1.o(i.Task1) for Task1
    maintask.o(i.app_main) refers to maintask.o(.data) for tid_Task1
    maintask.o(i.app_main) refers to task2.o(i.Task2) for Task2
    maintask.o(i.app_main) refers to task3.o(i.Task3) for Task3
    maintask.o(i.app_main) refers to task4.o(i.Task4) for Task4
    maintask.o(i.app_main) refers to function.o(.data) for SysTickTime
    maintask.o(.constdata) refers to maintask.o(.bss) for app_main_stk
    task1.o(i.Task1) refers to rtx_delay.o(i.osDelay) for osDelay
    task2.o(i.Task2) refers to rt_memcpy_w.o(.text) for __aeabi_memcpy4
    task2.o(i.Task2) refers to filteringfunctions.o(i.arm_biquad_cascade_df1_init_f32) for arm_biquad_cascade_df1_init_f32
    task2.o(i.Task2) refers to rtx_delay.o(i.osDelay) for osDelay
    task2.o(i.Task2) refers to function.o(i.InputLRData) for InputLRData
    task2.o(i.Task2) refers to s32k144_api.o(i.ReadCanData) for ReadCanData
    task2.o(i.Task2) refers to rtx_kernel.o(i.osKernelGetTickCount) for osKernelGetTickCount
    task2.o(i.Task2) refers to filteringfunctions.o(i.arm_biquad_cascade_df1_f32) for arm_biquad_cascade_df1_f32
    task2.o(i.Task2) refers to function.o(i.OutputLRData) for OutputLRData
    task2.o(i.Task2) refers to rt_memcpy_v6.o(.text) for __aeabi_memcpy
    task2.o(i.Task2) refers to task2.o(.constdata) for .constdata
    task2.o(i.Task2) refers to task2.o(.bss) for state1
    task2.o(i.Task2) refers to function.o(.bss) for IisRightSoundData
    task2.o(i.Task2) refers to task2.o(.data) for music_threshold
    task2.o(i.Task2) refers to function.o(.data) for SysTickTime
    task3.o(i.CanCommandVehicle) refers to s32k144_api.o(.data) for HostCommandState
    task3.o(i.CanRepeatTranProc) refers to task3.o(i.UpdateCanData) for UpdateCanData
    task3.o(i.CanRepeatTranProc) refers to s32k144_api.o(i.CANTranQueue) for CANTranQueue
[...]
    __asm___14_rtx_msgqueue_c_a86a7a93__atomic_wr8 0x0000865d   Thumb Code    16  rtx_msgqueue.o(.emb_text)
    __asm___14_rtx_msgqueue_c_a86a7a93__atomic_set32 0x0000866d   Thumb Code    20  rtx_msgqueue.o(.emb_text)
    __asm___14_rtx_msgqueue_c_a86a7a93__atomic_clr32 0x00008681   Thumb Code    22  rtx_msgqueue.o(.emb_text)
    __asm___14_rtx_msgqueue_c_a86a7a93__atomic_chk32_all 0x00008697   Thumb Code    38  rtx_msgqueue.o(.emb_text)
    __asm___14_rtx_msgqueue_c_a86a7a93__atomic_chk32_any 0x000086bd   Thumb Code    34  rtx_msgqueue.o(.emb_text)
    __asm___14_rtx_msgqueue_c_a86a7a93__atomic_inc32 0x000086df   Thumb Code    18  rtx_msgqueue.o(.emb_text)
    __asm___14_rtx_msgqueue_c_a86a7a93__atomic_inc16_lt 0x000086f1   Thumb Code    30  rtx_msgqueue.o(.emb_text)
    __asm___14_rtx_msgqueue_c_a86a7a93__atomic_inc16_lim 0x0000870f   Thumb Code    26  rtx_msgqueue.o(.emb_text)
    __asm___14_rtx_msgqueue_c_a86a7a93__atomic_dec32 0x00008729   Thumb Code    18  rtx_msgqueue.o(.emb_text)
    __asm___14_rtx_msgqueue_c_a86a7a93__atomic_dec32_nz 0x0000873b   Thumb Code    26  rtx_msgqueue.o(.emb_text)
    __asm___14_rtx_msgqueue_c_a86a7a93__atomic_dec16_nz 0x00008755   Thumb Code    26  rtx_msgqueue.o(.emb_text)
    __asm___14_rtx_msgqueue_c_a86a7a93__atomic_link_get 0x0000876f   Thumb Code    26  rtx_msgqueue.o(.emb_text)
    __asm___14_rtx_msgqueue_c_a86a7a93__atomic_link_put 0x00008789   Thumb Code    28  rtx_msgqueue.o(.emb_text)
    __asm___12_rtx_system_c_024f2f18__atomic_wr8 0x000087a5   Thumb Code    16  rtx_system.o(.emb_text)
    __asm___12_rtx_system_c_024f2f18__atomic_set32 0x000087b5   Thumb Code    20  rtx_system.o(.emb_text)
    __asm___12_rtx_system_c_024f2f18__atomic_clr32 0x000087c9   Thumb Code    22  rtx_system.o(.emb_text)
    __asm___12_rtx_system_c_024f2f18__atomic_chk32_all 0x000087df   Thumb Code    38  rtx_system.o(.emb_text)
    __asm___12_rtx_system_c_024f2f18__atomic_chk32_any 0x00008805   Thumb Code    34  rtx_system.o(.emb_text)
    __asm___12_rtx_system_c_024f2f18__atomic_inc32 0x00008827   Thumb Code    18  rtx_system.o(.emb_text)
    __asm___12_rtx_system_c_024f2f18__atomic_inc16_lt 0x00008839   Thumb Code    30  rtx_system.o(.emb_text)
    __asm___12_rtx_system_c_024f2f18__atomic_inc16_lim 0x00008857   Thumb Code    26  rtx_system.o(.emb_text)
    __asm___12_rtx_system_c_024f2f18__atomic_dec32 0x00008871   Thumb Code    18  rtx_system.o(.emb_text)
    __asm___12_rtx_system_c_024f2f18__atomic_dec32_nz 0x00008883   Thumb Code    26  rtx_system.o(.emb_text)
    __asm___12_rtx_system_c_024f2f18__atomic_dec16_nz 0x0000889d   Thumb Code    26  rtx_system.o(.emb_text)
    __asm___12_rtx_system_c_024f2f18__atomic_link_get 0x000088b7   Thumb Code    26  rtx_system.o(.emb_text)
    __asm___12_rtx_system_c_024f2f18__atomic_link_put 0x000088d1   Thumb Code    28  rtx_system.o(.emb_text)
    __asm___12_rtx_thread_c_add96be5__atomic_wr8 0x000088ed   Thumb Code    16  rtx_thread.o(.emb_text)
    __asm___12_rtx_thread_c_add96be5__atomic_set32 0x000088fd   Thumb Code    20  rtx_thread.o(.emb_text)
    __asm___12_rtx_thread_c_add96be5__atomic_clr32 0x00008911   Thumb Code    22  rtx_thread.o(.emb_text)
    __asm___12_rtx_thread_c_add96be5__atomic_chk32_all 0x00008927   Thumb Code    38  rtx_thread.o(.emb_text)
    __asm___12_rtx_thread_c_add96be5__atomic_chk32_any 0x0000894d   Thumb Code    34  rtx_thread.o(.emb_text)
    __asm___12_rtx_thread_c_add96be5__atomic_inc32 0x0000896f   Thumb Code    18  rtx_thread.o(.emb_text)
    __asm___12_rtx_thread_c_add96be5__atomic_inc16_lt 0x00008981   Thumb Code    30  rtx_thread.o(.emb_text)
    __asm___12_rtx_thread_c_add96be5__atomic_inc16_lim 0x0000899f   Thumb Code    26  rtx_thread.o(.emb_text)
    __asm___12_rtx_thread_c_add96be5__atomic_dec32 0x000089b9   Thumb Code    18  rtx_thread.o(.emb_text)
    __asm___12_rtx_thread_c_add96be5__atomic_dec32_nz 0x000089cb   Thumb Code    26  rtx_thread.o(.emb_text)
    __asm___12_rtx_thread_c_add96be5__atomic_dec16_nz 0x000089e5   Thumb Code    26  rtx_thread.o(.emb_text)
    __asm___12_rtx_thread_c_add96be5__atomic_link_get 0x000089ff   Thumb Code    26  rtx_thread.o(.emb_text)
    __asm___12_rtx_thread_c_add96be5__atomic_link_put 0x00008a19   Thumb Code    28  rtx_thread.o(.emb_text)
    __asm___15_EventRecorder_c_e8d3082c__atomic_inc8 0x00008a35   Thumb Code    18  eventrecorder.o(.emb_text)
    __asm___15_EventRecorder_c_e8d3082c__atomic_inc32 0x00008a47   Thumb Code    18  eventrecorder.o(.emb_text)
    __asm___15_EventRecorder_c_e8d3082c__atomic_xch32 0x00008a59   Thumb Code    16  eventrecorder.o(.emb_text)
    __asm___15_EventRecorder_c_e8d3082c__LockRecord 0x00008a69   Thumb Code    34  eventrecorder.o(.emb_text)
    __asm___15_EventRecorder_c_e8d3082c__UnlockRecord 0x00008a8b   Thumb Code    30  eventrecorder.o(.emb_text)
    SVC_Handler                              0x00008aa9   Thumb Code   156  irq_armv7m.o(.text)
    PendSV_Handler                           0x00008b45   Thumb Code    16  irq_armv7m.o(.text)
    SysTick_Handler                          0x00008b55   Thumb Code    16  irq_armv7m.o(.text)
    Reset_Handler                            0x00008b71   Thumb Code    18  startup_s32k144.o(.text)
    NMI_Handler                              0x00008b83   Thumb Code     2  startup_s32k144.o(.text)
    HardFault_Handler                        0x00008b85   Thumb Code     2  startup_s32k144.o(.text)
    MemManage_Handler                        0x00008b87   Thumb Code     2  startup_s32k144.o(.text)
    BusFault_Handler                         0x00008b89   Thumb Code     2  startup_s32k144.o(.text)
    UsageFault_Handler                       0x00008b8b   Thumb Code     2  startup_s32k144.o(.text)
    DebugMon_Handler                         0x00008b8f   Thumb Code     2  startup_s32k144.o(.text)
    ADC0_IRQHandler                          0x00008b95   Thumb Code     0  startup_s32k144.o(.text)
    ADC1_IRQHandler                          0x00008b95   Thumb Code     0  startup_s32k144.o(.text)
    CAN0_Error_IRQHandler                    0x00008b95   Thumb Code     0  startup_s32k144.o(.text)
    CAN0_ORed_0_15_MB_IRQHandler             0x00008b95   Thumb Code     0  startup_s32k144.o(.text)
    CAN0_ORed_16_31_MB_IRQHandler            0x00008b95   Thumb Code     0  startup_s32k144.o(.text)
    CAN0_ORed_IRQHandler                     0x00008b95   Thumb Code     0  startup_s32k144.o(.text)
    CAN0_Wake_Up_IRQHandler                  0x00008b95   Thumb Code     0  startup_s32k144.o(.text)
    CAN1_Error_IRQHandler                    0x00008b95   Thumb Code     0  startup_s32k144.o(.text)
    CAN1_ORed_0_15_MB_IRQHandler             0x00008b95   Thumb Code     0  startup_s32k144.o(.text)
    CAN1_ORed_IRQHandler                     0x00008b95   Thumb Code     0  startup_s32k144.o(.text)
    CAN2_Error_IRQHandler                    0x00008b95   Thumb Code     0  startup_s32k144.o(.text)
    CAN2_ORed_0_15_MB_IRQHandler             0x00008b95   Thumb Code     0  startup_s32k144.o(.text)
    CAN2_ORed_IRQHandler                     0x00008b95   Thumb Code     0  startup_s32k144.o(.text)
    CMP0_IRQHandler                          0x00008b95   Thumb Code     0  startup_s32k144.o(.text)
    DMA0_IRQHandler                          0x00008b95   Thumb Code     0  startup_s32k144.o(.text)
    DMA10_IRQHandler                         0x00008b95   Thumb Code     0  startup_s32k144.o(.text)
    DMA11_IRQHandler                         0x00008b95   Thumb Code     0  startup_s32k144.o(.text)
    DMA12_IRQHandler                         0x00008b95   Thumb Code     0  startup_s32k144.o(.text)
    DMA13_IRQHandler                         0x00008b95   Thumb Code     0  startup_s32k144.o(.text)
    DMA14_IRQHandler                         0x00008b95   Thumb Code     0  startup_s32k144.o(.text)
    DMA15_IRQHandler                         0x00008b95   Thumb Code     0  startup_s32k144.o(.text)
    DMA1_IRQHandler                          0x00008b95   Thumb Code     0  startup_s32k144.o(.text)
    DMA2_IRQHandler                          0x00008b95   Thumb Code     0  startup_s32k144.o(.text)
    DMA3_IRQHandler                          0x00008b95   Thumb Code     0  startup_s32k144.o(.text)
    DMA4_IRQHandler                          0x00008b95   Thumb Code     0  startup_s32k144.o(.text)
    DMA5_IRQHandler                          0x00008b95   Thumb Code     0  startup_s32k144.o(.text)
    DMA6_IRQHandler                          0x00008b95   Thumb Code     0  startup_s32k144.o(.text)
    DMA7_IRQHandler                          0x00008b95   Thumb Code     0  startup_s32k144.o(.text)
    DMA8_IRQHandler                          0x00008b95   Thumb Code     0  startup_s32k144.o(.text)
    DMA9_IRQHandler                          0x00008b95   Thumb Code     0  startup_s32k144.o(.text)
    DMA_Error_IRQHandler                     0x00008b95   Thumb Code     0  startup_s32k144.o(.text)
    DefaultISR                               0x00008b95   Thumb Code     0  startup_s32k144.o(.text)
    ERM_double_fault_IRQHandler              0x00008b95   Thumb Code     0  startup_s32k144.o(.text)
    ERM_single_fault_IRQHandler              0x00008b95   Thumb Code     0  startup_s32k144.o(.text)
    FLEXIO_IRQHandler                        0x00008b95   Thumb Code     0  startup_s32k144.o(.text)
    FTFC_Fault_IRQHandler                    0x00008b95   Thumb Code     0  startup_s32k144.o(.text)
    FTFC_IRQHandler                          0x00008b95   Thumb Code     0  startup_s32k144.o(.text)
    FTM0_Ch0_Ch1_IRQHandler                  0x00008b95   Thumb Code     0  startup_s32k144.o(.text)
    FTM0_Ch2_Ch3_IRQHandler                  0x00008b95   Thumb Code     0  startup_s32k144.o(.text)
    FTM0_Ch4_Ch5_IRQHandler                  0x00008b95   Thumb Code     0  startup_s32k144.o(.text)
    FTM0_Ch6_Ch7_IRQHandler                  0x00008b95   Thumb Code     0  startup_s32k144.o(.text)
    FTM0_Fault_IRQHandler                    0x00008b95   Thumb Code     0  startup_s32k144.o(.text)
    FTM0_Ovf_Reload_IRQHandler               0x00008b95   Thumb Code     0  startup_s32k144.o(.text)
    FTM1_Ch0_Ch1_IRQHandler                  0x00008b95   Thumb Code     0  startup_s32k144.o(.text)
    FTM1_Ch2_Ch3_IRQHandler                  0x00008b95   Thumb Code     0  startup_s32k144.o(.text)
    FTM1_Ch4_Ch5_IRQHandler                  0x00008b95   Thumb Code     0  startup_s32k144.o(.text)
    FTM1_Ch6_Ch7_IRQHandler                  0x00008b95   Thumb Code     0  startup_s32k144.o(.text)
    FTM1_Fault_IRQHandler                    0x00008b95   Thumb Code     0  startup_s32k144.o(.text)
    FTM1_Ovf_Reload_IRQHandler               0x00008b95   Thumb Code     0  startup_s32k144.o(.text)
    FTM2_Ch0_Ch1_IRQHandler                  0x00008b95   Thumb Code     0  startup_s32k144.o(.text)
    FTM2_Ch2_Ch3_IRQHandler                  0x00008b95   Thumb Code     0  startup_s32k144.o(.text)
    FTM2_Ch4_Ch5_IRQHandler                  0x00008b95   Thumb Code     0  startup_s32k144.o(.text)
    FTM2_Ch6_Ch7_IRQHandler                  0x00008b95   Thumb Code     0  startup_s32k144.o(.text)
    FTM2_Fault_IRQHandler                    0x00008b95   Thumb Code     0  startup_s32k144.o(.text)
    FTM2_Ovf_Reload_IRQHandler               0x00008b95   Thumb Code     0  startup_s32k144.o(.text)
    FTM3_Ch0_Ch1_IRQHandler                  0x00008b95   Thumb Code     0  startup_s32k144.o(.text)
    FTM3_Ch2_Ch3_IRQHandler                  0x00008b95   Thumb Code     0  startup_s32k144.o(.text)
    FTM3_Ch4_Ch5_IRQHandler                  0x00008b95   Thumb Code     0  startup_s32k144.o(.text)
    FTM3_Ch6_Ch7_IRQHandler                  0x00008b95   Thumb Code     0  startup_s32k144.o(.text)
    FTM3_Fault_IRQHandler                    0x00008b95   Thumb Code     0  startup_s32k144.o(.text)
    FTM3_Ovf_Reload_IRQHandler               0x00008b95   Thumb Code     0  startup_s32k144.o(.text)
    LPI2C0_Master_IRQHandler                 0x00008b95   Thumb Code     0  startup_s32k144.o(.text)
    LPI2C0_Slave_IRQHandler                  0x00008b95   Thumb Code     0  startup_s32k144.o(.text)
    LPIT0_Ch0_IRQHandler                     0x00008b95   Thumb Code     0  startup_s32k144.o(.text)
    LPIT0_Ch1_IRQHandler                     0x00008b95   Thumb Code     0  startup_s32k144.o(.text)
    LPIT0_Ch2_IRQHandler                     0x00008b95   Thumb Code     0  startup_s32k144.o(.text)
    LPIT0_Ch3_IRQHandler                     0x00008b95   Thumb Code     0  startup_s32k144.o(.text)
    LPSPI0_IRQHandler                        0x00008b95   Thumb Code     0  startup_s32k144.o(.text)
    LPSPI1_IRQHandler                        0x00008b95   Thumb Code     0  startup_s32k144.o(.text)
    LPSPI2_IRQHandler                        0x00008b95   Thumb Code     0  startup_s32k144.o(.text)
    LPTMR0_IRQHandler                        0x00008b95   Thumb Code     0  startup_s32k144.o(.text)
    LPUART0_RxTx_IRQHandler                  0x00008b95   Thumb Code     0  startup_s32k144.o(.text)
    LPUART1_RxTx_IRQHandler                  0x00008b95   Thumb Code     0  startup_s32k144.o(.text)
    LPUART2_RxTx_IRQHandler                  0x00008b95   Thumb Code     0  startup_s32k144.o(.text)
    LVD_LVW_IRQHandler                       0x00008b95   Thumb Code     0  startup_s32k144.o(.text)
    MCM_IRQHandler                           0x00008b95   Thumb Code     0  startup_s32k144.o(.text)
    PDB0_IRQHandler                          0x00008b95   Thumb Code     0  startup_s32k144.o(.text)
    PDB1_IRQHandler                          0x00008b95   Thumb Code     0  startup_s32k144.o(.text)
    PORTA_IRQHandler                         0x00008b95   Thumb Code     0  startup_s32k144.o(.text)
    PORTB_IRQHandler                         0x00008b95   Thumb Code     0  startup_s32k144.o(.text)
    PORTC_IRQHandler                         0x00008b95   Thumb Code     0  startup_s32k144.o(.text)
    PORTD_IRQHandler                         0x00008b95   Thumb Code     0  startup_s32k144.o(.text)
    PORTE_IRQHandler                         0x00008b95   Thumb Code     0  startup_s32k144.o(.text)
    RCM_IRQHandler                           0x00008b95   Thumb Code     0  startup_s32k144.o(.text)
    RTC_IRQHandler                           0x00008b95   Thumb Code     0  startup_s32k144.o(.text)
    RTC_Seconds_IRQHandler                   0x00008b95   Thumb Code     0  startup_s32k144.o(.text)
    Read_Collision_IRQHandler                0x00008b95   Thumb Code     0  startup_s32k144.o(.text)
    Reserved100_IRQHandler                   0x00008b95   Thumb Code     0  startup_s32k144.o(.text)
    Reserved103_IRQHandler                   0x00008b95   Thumb Code     0  startup_s32k144.o(.text)
    Reserved105_IRQHandler                   0x00008b95   Thumb Code     0  startup_s32k144.o(.text)
    Reserved106_IRQHandler                   0x00008b95   Thumb Code     0  startup_s32k144.o(.text)
    Reserved107_IRQHandler                   0x00008b95   Thumb Code     0  startup_s32k144.o(.text)
    Reserved110_IRQHandler                   0x00008b95   Thumb Code     0  startup_s32k144.o(.text)
    Reserved112_IRQHandler                   0x00008b95   Thumb Code     0  startup_s32k144.o(.text)
    Reserved113_IRQHandler                   0x00008b95   Thumb Code     0  startup_s32k144.o(.text)
    Reserved114_IRQHandler                   0x00008b95   Thumb Code     0  startup_s32k144.o(.text)
    Reserved45_IRQHandler                    0x00008b95   Thumb Code     0  startup_s32k144.o(.text)
    Reserved46_IRQHandler                    0x00008b95   Thumb Code     0  startup_s32k144.o(.text)
    Reserved48_IRQHandler                    0x00008b95   Thumb Code     0  startup_s32k144.o(.text)
    Reserved50_IRQHandler                    0x00008b95   Thumb Code     0  startup_s32k144.o(.text)
    Reserved52_IRQHandler                    0x00008b95   Thumb Code     0  startup_s32k144.o(.text)
    Reserved53_IRQHandler                    0x00008b95   Thumb Code     0  startup_s32k144.o(.text)
    Reserved54_IRQHandler                    0x00008b95   Thumb Code     0  startup_s32k144.o(.text)
    Reserved58_IRQHandler                    0x00008b95   Thumb Code     0  startup_s32k144.o(.text)
    Reserved59_IRQHandler                    0x00008b95   Thumb Code     0  startup_s32k144.o(.text)
    Reserved69_IRQHandler                    0x00008b95   Thumb Code     0  startup_s32k144.o(.text)
    Reserved70_IRQHandler                    0x00008b95   Thumb Code     0  startup_s32k144.o(.text)
    Reserved71_IRQHandler                    0x00008b95   Thumb Code     0  startup_s32k144.o(.text)
    Reserved72_IRQHandler                    0x00008b95   Thumb Code     0  startup_s32k144.o(.text)
    Reserved81_IRQHandler                    0x00008b95   Thumb Code     0  startup_s32k144.o(.text)
    Reserved82_IRQHandler                    0x00008b95   Thumb Code     0  startup_s32k144.o(.text)
    Reserved83_IRQHandler                    0x00008b95   Thumb Code     0  startup_s32k144.o(.text)
    Reserved86_IRQHandler                    0x00008b95   Thumb Code     0  startup_s32k144.o(.text)
    Reserved87_IRQHandler                    0x00008b95   Thumb Code     0  startup_s32k144.o(.text)
    Reserved88_IRQHandler                    0x00008b95   Thumb Code     0  startup_s32k144.o(.text)
    Reserved89_IRQHandler                    0x00008b95   Thumb Code     0  startup_s32k144.o(.text)
    Reserved90_IRQHandler                    0x00008b95   Thumb Code     0  startup_s32k144.o(.text)
    Reserved91_IRQHandler                    0x00008b95   Thumb Code     0  startup_s32k144.o(.text)
    Reserved92_IRQHandler                    0x00008b95   Thumb Code     0  startup_s32k144.o(.text)
    Reserved93_IRQHandler                    0x00008b95   Thumb Code     0  startup_s32k144.o(.text)
    Reserved99_IRQHandler                    0x00008b95   Thumb Code     0  startup_s32k144.o(.text)
    SCG_IRQHandler                           0x00008b95   Thumb Code     0  startup_s32k144.o(.text)
    SWI_IRQHandler                           0x00008b95   Thumb Code     0  startup_s32k144.o(.text)
    WDOG_EWM_IRQHandler                      0x00008b95   Thumb Code     0  startup_s32k144.o(.text)
    __aeabi_memcpy                           0x00008ba9   Thumb Code     0  rt_memcpy_v6.o(.text)
    __rt_memcpy                              0x00008ba9   Thumb Code   138  rt_memcpy_v6.o(.text)
    _memcpy_lastbytes                        0x00008c0f   Thumb Code     0  rt_memcpy_v6.o(.text)
    __aeabi_memcpy4                          0x00008c33   Thumb Code     0  rt_memcpy_w.o(.text)
    __aeabi_memcpy8                          0x00008c33   Thumb Code     0  rt_memcpy_w.o(.text)
    __rt_memcpy_w                            0x00008c33   Thumb Code   100  rt_memcpy_w.o(.text)
    _memcpy_lastbytes_aligned                0x00008c7b   Thumb Code     0  rt_memcpy_w.o(.text)
    __aeabi_memclr                           0x00008c97   Thumb Code     0  rt_memclr.o(.text)
    __rt_memclr                              0x00008c97   Thumb Code    68  rt_memclr.o(.text)
    _memset                                  0x00008c9b   Thumb Code     0  rt_memclr.o(.text)
    __aeabi_memclr4                          0x00008cdb   Thumb Code     0  rt_memclr_w.o(.text)
    __aeabi_memclr8                          0x00008cdb   Thumb Code     0  rt_memclr_w.o(.text)
    __rt_memclr_w                            0x00008cdb   Thumb Code    78  rt_memclr_w.o(.text)
    _memset_w                                0x00008cdf   Thumb Code     0  rt_memclr_w.o(.text)
    exit                                     0x00008d29   Thumb Code    18  exit.o(.text)
    _sys_exit                                0x00008d3d   Thumb Code     8  sys_exit.o(.text)
    __I$use$semihosting                      0x00008d49   Thumb Code     0  use_no_semi.o(.text)
    __use_no_semihosting_swi                 0x00008d49   Thumb Code     2  use_no_semi.o(.text)
    Long Thumb to Thumb Veneer to FlexRamParden 0x00008d4b   Thumb Code    10  anon$$obj.o(Veneer$$Code)
    __semihosting_library_function           0x00008d4b   Thumb Code     0  indicate_semi.o(.text)
    _fp_init                                 0x00008d55   Thumb Code    18  rtx_lib.o(i.$Sub$$_fp_init)
    AutoCalibrationATD                       0x00008d6d   Thumb Code    74  s32k144_api.o(i.AutoCalibrationATD)
    CANTranQueue                             0x00008dbd   Thumb Code   108  s32k144_api.o(i.CANTranQueue)
    CanCommandVehicle                        0x00008e4d   Thumb Code   106  task3.o(i.CanCommandVehicle)
    CanRepeatTranProc                        0x00008ec5   Thumb Code   396  task3.o(i.CanRepeatTranProc)
    DisableDma                               0x00009059   Thumb Code    14  s32k144_api.o(i.DisableDma)
    DmaInitial                               0x0000906d   Thumb Code   140  s32k144_api.o(i.DmaInitial)
    EnableCanClock                           0x00009119   Thumb Code    50  s32k144_api.o(i.EnableCanClock)
    EventRecord2                             0x000091b5   Thumb Code    70  eventrecorder.o(i.EventRecord2)
    EventRecord4                             0x000091fb   Thumb Code   118  eventrecorder.o(i.EventRecord4)
    EventRecorderEnable                      0x00009349   Thumb Code    88  eventrecorder.o(i.EventRecorderEnable)
    EventRecorderInitialize                  0x000093a5   Thumb Code   270  eventrecorder.o(i.EventRecorderInitialize)
    EventRecorderStart                       0x000094cd   Thumb Code    40  eventrecorder.o(i.EventRecorderStart)
    EventRecorderTimerGetCount               0x000094fd   Thumb Code     6  eventrecorder.o(i.EventRecorderTimerGetCount)
    EventRecorderTimerGetFreq                0x00009509   Thumb Code     6  eventrecorder.o(i.EventRecorderTimerGetFreq)
    EventRecorderTimerSetup                  0x00009515   Thumb Code    28  eventrecorder.o(i.EventRecorderTimerSetup)
    EvrRtxDelay                              0x00009539   Thumb Code    16  rtx_evr.o(i.EvrRtxDelay)
    EvrRtxDelayCompleted                     0x0000954d   Thumb Code    16  rtx_evr.o(i.EvrRtxDelayCompleted)
    EvrRtxDelayError                         0x00009561   Thumb Code    18  rtx_evr.o(i.EvrRtxDelayError)
    EvrRtxDelayStarted                       0x00009575   Thumb Code    16  rtx_evr.o(i.EvrRtxDelayStarted)
    EvrRtxEventFlagsWaitTimeout              0x00009589   Thumb Code    16  rtx_evr.o(i.EvrRtxEventFlagsWaitTimeout)
    EvrRtxKernelError                        0x0000959d   Thumb Code    18  rtx_evr.o(i.EvrRtxKernelError)
    EvrRtxKernelErrorNotify                  0x000095af   Thumb Code    20  rtx_evr.o(i.EvrRtxKernelErrorNotify)
    EvrRtxKernelGetState                     0x000095c5   Thumb Code    16  rtx_evr.o(i.EvrRtxKernelGetState)
    EvrRtxKernelGetTickCount                 0x000095d9   Thumb Code    16  rtx_evr.o(i.EvrRtxKernelGetTickCount)
    EvrRtxKernelInitialize                   0x000095ed   Thumb Code    14  rtx_evr.o(i.EvrRtxKernelInitialize)
    EvrRtxKernelInitialized                  0x00009601   Thumb Code    14  rtx_evr.o(i.EvrRtxKernelInitialized)
    EvrRtxKernelStart                        0x00009615   Thumb Code    14  rtx_evr.o(i.EvrRtxKernelStart)
    EvrRtxKernelStarted                      0x00009629   Thumb Code    14  rtx_evr.o(i.EvrRtxKernelStarted)
    EvrRtxMemoryAlloc                        0x0000963d   Thumb Code    26  rtx_evr.o(i.EvrRtxMemoryAlloc)
    EvrRtxMemoryBlockAlloc                   0x0000965d   Thumb Code    18  rtx_evr.o(i.EvrRtxMemoryBlockAlloc)
    EvrRtxMemoryBlockFree                    0x00009675   Thumb Code    26  rtx_evr.o(i.EvrRtxMemoryBlockFree)
    EvrRtxMemoryBlockInit                    0x00009695   Thumb Code    26  rtx_evr.o(i.EvrRtxMemoryBlockInit)
    EvrRtxMemoryFree                         0x000096b5   Thumb Code    26  rtx_evr.o(i.EvrRtxMemoryFree)
    EvrRtxMemoryInit                         0x000096d5   Thumb Code    28  rtx_evr.o(i.EvrRtxMemoryInit)
    EvrRtxMessageQueueCreated                0x000096f1   Thumb Code    18  rtx_evr.o(i.EvrRtxMessageQueueCreated)
    EvrRtxMessageQueueError                  0x00009709   Thumb Code    20  rtx_evr.o(i.EvrRtxMessageQueueError)
    EvrRtxMessageQueueGet                    0x0000971d   Thumb Code    26  rtx_evr.o(i.EvrRtxMessageQueueGet)
    EvrRtxMessageQueueGetPending             0x0000973d   Thumb Code    26  rtx_evr.o(i.EvrRtxMessageQueueGetPending)
    EvrRtxMessageQueueGetTimeout             0x0000975d   Thumb Code    16  rtx_evr.o(i.EvrRtxMessageQueueGetTimeout)
    EvrRtxMessageQueueInsertPending          0x00009771   Thumb Code    18  rtx_evr.o(i.EvrRtxMessageQueueInsertPending)
    EvrRtxMessageQueueInserted               0x00009789   Thumb Code    18  rtx_evr.o(i.EvrRtxMessageQueueInserted)
    EvrRtxMessageQueueNotInserted            0x000097a1   Thumb Code    18  rtx_evr.o(i.EvrRtxMessageQueueNotInserted)
    EvrRtxMessageQueueNotRetrieved           0x000097b9   Thumb Code    18  rtx_evr.o(i.EvrRtxMessageQueueNotRetrieved)
    EvrRtxMessageQueuePut                    0x000097d1   Thumb Code    26  rtx_evr.o(i.EvrRtxMessageQueuePut)
    EvrRtxMessageQueuePutPending             0x000097f1   Thumb Code    26  rtx_evr.o(i.EvrRtxMessageQueuePutPending)
    EvrRtxMessageQueuePutTimeout             0x00009811   Thumb Code    16  rtx_evr.o(i.EvrRtxMessageQueuePutTimeout)
    EvrRtxMessageQueueRetrieved              0x00009825   Thumb Code    18  rtx_evr.o(i.EvrRtxMessageQueueRetrieved)
    EvrRtxMutexAcquire                       0x0000983d   Thumb Code    18  rtx_evr.o(i.EvrRtxMutexAcquire)
    EvrRtxMutexAcquirePending                0x00009855   Thumb Code    18  rtx_evr.o(i.EvrRtxMutexAcquirePending)
    EvrRtxMutexAcquireTimeout                0x0000986d   Thumb Code    16  rtx_evr.o(i.EvrRtxMutexAcquireTimeout)
    EvrRtxMutexAcquired                      0x00009881   Thumb Code    18  rtx_evr.o(i.EvrRtxMutexAcquired)
    EvrRtxMutexCreated                       0x00009899   Thumb Code    18  rtx_evr.o(i.EvrRtxMutexCreated)
    EvrRtxMutexDelete                        0x000098b1   Thumb Code    16  rtx_evr.o(i.EvrRtxMutexDelete)
    EvrRtxMutexDestroyed                     0x000098c5   Thumb Code    16  rtx_evr.o(i.EvrRtxMutexDestroyed)
    EvrRtxMutexError                         0x000098d9   Thumb Code    20  rtx_evr.o(i.EvrRtxMutexError)
    EvrRtxMutexNew                           0x000098ed   Thumb Code    16  rtx_evr.o(i.EvrRtxMutexNew)
    EvrRtxMutexNotAcquired                   0x00009901   Thumb Code    16  rtx_evr.o(i.EvrRtxMutexNotAcquired)
    EvrRtxMutexRelease                       0x00009915   Thumb Code    16  rtx_evr.o(i.EvrRtxMutexRelease)
    EvrRtxMutexReleased                      0x00009929   Thumb Code    18  rtx_evr.o(i.EvrRtxMutexReleased)
    EvrRtxSemaphoreAcquireTimeout            0x00009941   Thumb Code    16  rtx_evr.o(i.EvrRtxSemaphoreAcquireTimeout)
    EvrRtxThreadBlocked                      0x00009955   Thumb Code    18  rtx_evr.o(i.EvrRtxThreadBlocked)
    EvrRtxThreadCreated                      0x0000996d   Thumb Code    36  rtx_evr.o(i.EvrRtxThreadCreated)
    EvrRtxThreadDestroyed                    0x00009995   Thumb Code    16  rtx_evr.o(i.EvrRtxThreadDestroyed)
    EvrRtxThreadError                        0x000099a9   Thumb Code    20  rtx_evr.o(i.EvrRtxThreadError)
    EvrRtxThreadExit                         0x000099bd   Thumb Code    14  rtx_evr.o(i.EvrRtxThreadExit)
    EvrRtxThreadFlagsWaitCompleted           0x000099d1   Thumb Code    26  rtx_evr.o(i.EvrRtxThreadFlagsWaitCompleted)
    EvrRtxThreadFlagsWaitTimeout             0x000099f1   Thumb Code    16  rtx_evr.o(i.EvrRtxThreadFlagsWaitTimeout)
    EvrRtxThreadJoined                       0x00009a05   Thumb Code    16  rtx_evr.o(i.EvrRtxThreadJoined)
    EvrRtxThreadNew                          0x00009a19   Thumb Code    26  rtx_evr.o(i.EvrRtxThreadNew)
    EvrRtxThreadPreempted                    0x00009a39   Thumb Code    16  rtx_evr.o(i.EvrRtxThreadPreempted)
    EvrRtxThreadSwitched                     0x00009a4d   Thumb Code    16  rtx_evr.o(i.EvrRtxThreadSwitched)
    EvrRtxThreadUnblocked                    0x00009a61   Thumb Code    18  rtx_evr.o(i.EvrRtxThreadUnblocked)
    EvrRtxTimerCallback                      0x00009a79   Thumb Code    18  rtx_evr.o(i.EvrRtxTimerCallback)
    FTM0_PWM_init                            0x00009a91   Thumb Code   214  s32k144_api.o(i.FTM0_PWM_init)
    FTM0_init                                0x00009b6d   Thumb Code    62  s32k144_api.o(i.FTM0_init)
    FTM1_PWM_init                            0x00009bb5   Thumb Code   214  s32k144_api.o(i.FTM1_PWM_init)
    FTM1_init                                0x00009c91   Thumb Code    62  s32k144_api.o(i.FTM1_init)
    FlexIOInit                               0x00009cd9   Thumb Code   126  s32k144_api.o(i.FlexIOInit)
    FlexioDmaRece                            0x00009d8d   Thumb Code    88  s32k144_api.o(i.FlexioDmaRece)
    FlexramEeprom                            0x00009df1   Thumb Code    62  s32k144_api.o(i.FlexramEeprom)
    Fmt0Dma0Tran                             0x00009e35   Thumb Code    60  s32k144_api.o(i.Fmt0Dma0Tran)
    Fmt0Dma1Tran                             0x00009e7d   Thumb Code    58  s32k144_api.o(i.Fmt0Dma1Tran)
    GetAtdResult                             0x00009ec5   Thumb Code   190  s32k144_api.o(i.GetAtdResult)
    GetIisDmaPosition                        0x00009fc1   Thumb Code    12  s32k144_api.o(i.GetIisDmaPosition)
    GetSoundDrvPosition                      0x00009fd1   Thumb Code    10  s32k144_api.o(i.GetSoundDrvPosition)
    InitATD                                  0x00009fe1   Thumb Code    46  s32k144_api.o(i.InitATD)
    InitCan                                  0x0000a019   Thumb Code   404  s32k144_api.o(i.InitCan)
    InitHardware                             0x0000a1bd   Thumb Code   426  s32k144_api.o(i.InitHardware)
    InitVarent                               0x0000a3b5   Thumb Code   334  function.o(i.InitVarent)
    InputLRData                              0x0000a571   Thumb Code   156  function.o(i.InputLRData)
    OS_Tick_AcknowledgeIRQ                   0x0000a7a1   Thumb Code     8  os_systick.o(i.OS_Tick_AcknowledgeIRQ)
    OS_Tick_Enable                           0x0000a7a9   Thumb Code    38  os_systick.o(i.OS_Tick_Enable)
    OS_Tick_GetIRQn                          0x0000a7d9   Thumb Code     6  os_systick.o(i.OS_Tick_GetIRQn)
    OS_Tick_Setup                            0x0000a7e1   Thumb Code    66  os_systick.o(i.OS_Tick_Setup)
    OutputLRData                             0x0000a831   Thumb Code   344  function.o(i.OutputLRData)
    ReadCanData                              0x0000a9ad   Thumb Code   196  s32k144_api.o(i.ReadCanData)
    StartAtdConver                           0x0000aa8d   Thumb Code    24  s32k144_api.o(i.StartAtdConver)
    StartFtmCounter                          0x0000aaad   Thumb Code    58  s32k144_api.o(i.StartFtmCounter)
    SystemCoreClockConfigure                 0x0000aaf5   Thumb Code   244  s32k144_api.o(i.SystemCoreClockConfigure)
    SystemCoreClockUpdate                    0x0000ac05   Thumb Code   138  system_s32k144.o(i.SystemCoreClockUpdate)
    SystemInit                               0x0000acb1   Thumb Code    48  system_s32k144.o(i.SystemInit)
    Task1                                    0x0000acf1   Thumb Code    10  task1.o(i.Task1)
    Task2                                    0x0000acfd   Thumb Code  1234  task2.o(i.Task2)
    Task3                                    0x0000b1ed   Thumb Code    54  task3.o(i.Task3)
    Task4                                    0x0000b22d   Thumb Code    18  task4.o(i.Task4)
    TranCan                                  0x0000b2f5   Thumb Code   186  s32k144_api.o(i.TranCan)
    UpdateCanData                            0x0000b3bd   Thumb Code   174  task3.o(i.UpdateCanData)
    _mutex_acquire                           0x0000b493   Thumb Code    22  rtx_lib.o(i._mutex_acquire)
    _mutex_free                              0x0000b4a9   Thumb Code    12  rtx_lib.o(i._mutex_free)
    _mutex_initialize                        0x0000b4b5   Thumb Code    34  rtx_lib.o(i._mutex_initialize)
    _mutex_release                           0x0000b4d7   Thumb Code    18  rtx_lib.o(i._mutex_release)
    _platform_post_stackheap_init            0x0000b4e9   Thumb Code     8  rtx_lib.o(i._platform_post_stackheap_init)
    app_main                                 0x0000b4f1   Thumb Code   122  maintask.o(i.app_main)
    arm_biquad_cascade_df1_f32               0x0000b5a5   Thumb Code   172  filteringfunctions.o(i.arm_biquad_cascade_df1_f32)
    arm_biquad_cascade_df1_init_f32          0x0000b651   Thumb Code    30  filteringfunctions.o(i.arm_biquad_cascade_df1_init_f32)
    ccpCommand                               0x0000b6b9   Thumb Code   848  ccp.o(i.ccpCommand)
    ccpDaq                                   0x0000ba15   Thumb Code   232  ccp.o(i.ccpDaq)
    ccpGetPointer                            0x0000bb01   Thumb Code     6  ccp_can_interface.o(i.ccpGetPointer)
    ccpInit                                  0x0000bb09   Thumb Code    22  ccp.o(i.ccpInit)
    ccpSend                                  0x0000bcf5   Thumb Code    80  ccp_can_interface.o(i.ccpSend)
    ccpSendCrm                               0x0000bd49   Thumb Code    52  ccp.o(i.ccpSendCrm)
    init_data_bss                            0x0000bf4d   Thumb Code    68  startup.o(i.init_data_bss)
    main                                     0x0000c119   Thumb Code    82  main.o(i.main)
    osDelay                                  0x0000c179   Thumb Code    54  rtx_delay.o(i.osDelay)
    osKernelGetState                         0x0000c1b5   Thumb Code    44  rtx_kernel.o(i.osKernelGetState)
    osKernelGetTickCount                     0x0000c1e5   Thumb Code    38  rtx_kernel.o(i.osKernelGetTickCount)
    osKernelInitialize                       0x0000c211   Thumb Code    52  rtx_kernel.o(i.osKernelInitialize)
    osKernelStart                            0x0000c249   Thumb Code    48  rtx_kernel.o(i.osKernelStart)
    osMessageQueueGet                        0x0000c27d   Thumb Code    78  rtx_msgqueue.o(i.osMessageQueueGet)
    osMessageQueuePut                        0x0000c2d1   Thumb Code    78  rtx_msgqueue.o(i.osMessageQueuePut)
    osMutexAcquire                           0x0000c325   Thumb Code    62  rtx_mutex.o(i.osMutexAcquire)
    osMutexDelete                            0x0000c369   Thumb Code    56  rtx_mutex.o(i.osMutexDelete)
    osMutexNew                               0x0000c3a5   Thumb Code    54  rtx_mutex.o(i.osMutexNew)
    osMutexRelease                           0x0000c3e1   Thumb Code    56  rtx_mutex.o(i.osMutexRelease)
    osRtxErrorNotify                         0x0000c41d   Thumb Code    32  rtx_config.o(i.osRtxErrorNotify)
    osRtxIdleThread                          0x0000c43d   Thumb Code   346  rtx_config.o(i.osRtxIdleThread)
    osRtxKernelErrorNotify                   0x0000c5c9   Thumb Code    24  rtx_kernel.o(i.osRtxKernelErrorNotify)
    osRtxKernelPreInit                       0x0000c5ed   Thumb Code     2  rtx_kernel.o(i.osRtxKernelPreInit)
    osRtxMemoryAlloc                         0x0000c5ef   Thumb Code   238  rtx_memory.o(i.osRtxMemoryAlloc)
    osRtxMemoryFree                          0x0000c6dd   Thumb Code   124  rtx_memory.o(i.osRtxMemoryFree)
    osRtxMemoryInit                          0x0000c759   Thumb Code   106  rtx_memory.o(i.osRtxMemoryInit)
    osRtxMemoryPoolAlloc                     0x0000c7c3   Thumb Code    48  rtx_mempool.o(i.osRtxMemoryPoolAlloc)
    osRtxMemoryPoolFree                      0x0000c7f3   Thumb Code    68  rtx_mempool.o(i.osRtxMemoryPoolFree)
    osRtxMemoryPoolInit                      0x0000c837   Thumb Code    88  rtx_mempool.o(i.osRtxMemoryPoolInit)
    osRtxMessageQueueTimerSetup              0x0000c999   Thumb Code    36  rtx_msgqueue.o(i.osRtxMessageQueueTimerSetup)
    osRtxMutexOwnerRelease                   0x0000c9c5   Thumb Code   102  rtx_mutex.o(i.osRtxMutexOwnerRelease)
    osRtxMutexOwnerRestore                   0x0000ca2b   Thumb Code    88  rtx_mutex.o(i.osRtxMutexOwnerRestore)
    osRtxPendSV_Handler                      0x0000ca85   Thumb Code   130  rtx_system.o(i.osRtxPendSV_Handler)
    osRtxPostProcess                         0x0000cb0d   Thumb Code    50  rtx_system.o(i.osRtxPostProcess)
    osRtxThreadDelayTick                     0x0000cc51   Thumb Code   234  rtx_thread.o(i.osRtxThreadDelayTick)
    osRtxThreadDispatch                      0x0000cd81   Thumb Code   102  rtx_thread.o(i.osRtxThreadDispatch)
    osRtxThreadListGet                       0x0000ce83   Thumb Code    26  rtx_thread.o(i.osRtxThreadListGet)
    osRtxThreadListPut                       0x0000ce9d   Thumb Code    44  rtx_thread.o(i.osRtxThreadListPut)
    osRtxThreadListRemove                    0x0000cec9   Thumb Code    26  rtx_thread.o(i.osRtxThreadListRemove)
    osRtxThreadListSort                      0x0000cef3   Thumb Code    42  rtx_thread.o(i.osRtxThreadListSort)
    osRtxThreadReadyPut                      0x0000cf51   Thumb Code    18  rtx_thread.o(i.osRtxThreadReadyPut)
    osRtxThreadRegPtr                        0x0000cf69   Thumb Code    24  rtx_thread.o(i.osRtxThreadRegPtr)
    osRtxThreadStackCheck                    0x0000cf99   Thumb Code    28  rtx_thread.o(i.osRtxThreadStackCheck)
    osRtxThreadStartup                       0x0000cfb9   Thumb Code    76  rtx_thread.o(i.osRtxThreadStartup)
    osRtxThreadSwitch                        0x0000d011   Thumb Code    20  rtx_thread.o(i.osRtxThreadSwitch)
    osRtxThreadWaitEnter                     0x0000d029   Thumb Code    72  rtx_thread.o(i.osRtxThreadWaitEnter)
    osRtxThreadWaitExit                      0x0000d075   Thumb Code    54  rtx_thread.o(i.osRtxThreadWaitExit)
    osRtxTick_Handler                        0x0000d0ad   Thumb Code   152  rtx_system.o(i.osRtxTick_Handler)
    osRtxTimerSetup                          0x0000d149   Thumb Code    24  rtx_timer.o(i.osRtxTimerSetup)
    osRtxTimerThread                         0x0000d169   Thumb Code    44  rtx_timer.o(i.osRtxTimerThread)
    osThreadExit                             0x0000d225   Thumb Code    28  rtx_thread.o(i.osThreadExit)
    osThreadNew                              0x0000d245   Thumb Code    70  rtx_thread.o(i.osThreadNew)
    $Super$$_fp_init                         0x0000e05d   Thumb Code    10  fpinit.o(x$fpl$fpinit)
    __fplib_config_fpu_vfp                   0x0000e065   Thumb Code     0  fpinit.o(x$fpl$fpinit)
    __fplib_config_pureend_doubles           0x0000e065   Thumb Code     0  fpinit.o(x$fpl$fpinit)
    app_main_attr                            0x0000e068   Data          36  maintask.o(.constdata)
    app_Task1_attr                           0x0000e08c   Data          36  maintask.o(.constdata)
    app_Task2_attr                           0x0000e0b0   Data          36  maintask.o(.constdata)
    app_Task3_attr                           0x0000e0d4   Data          36  maintask.o(.constdata)
    app_Task4_attr                           0x0000e0f8   Data          36  maintask.o(.constdata)
    irqRtxLib                                0x0000e16c   Data           1  irq_armv7m.o(.constdata)
    irqRtxLibRef                             0x0000e1d0   Data           4  rtx_lib.o(.constdata)
    osRtxUserSVC                             0x0000e1d4   Data           4  rtx_lib.o(.constdata)
    EventRecorderInfo                        0x0000e1d8   Data          24  eventrecorder.o(.constdata)
    osRtxConfig                              0x0000e210   Data         112  rtx_lib.o(.rodata)
    os_cb_sections                           0x0000e280   Data          56  rtx_lib.o(.rodata)
    Region$$Table$$Base                      0x0000e2b8   Number         0  anon$$obj.o(Region$$Table)
    Region$$Table$$Limit                     0x0000e308   Number         0  anon$$obj.o(Region$$Table)
    .bss.os.msgqueue.cb$$Base                0x1fff8000   Number         0  rtx_lib.o(.bss.os.msgqueue.cb)
    Image$$RW_m_data$$Base                   0x1fff8000   Number         0  anon$$obj.o ABSOLUTE
    .bss.os.msgqueue.cb$$Limit               0x1fff8034   Number         0  rtx_lib.o(.bss.os.msgqueue.cb)
    Can0TranTop                              0x1fff8034   Data           4  s32k144_api.o(.data)
    Can0TranTail                             0x1fff8038   Data           4  s32k144_api.o(.data)
    Can1TranTop                              0x1fff803c   Data           4  s32k144_api.o(.data)
    Can1TranTail                             0x1fff8040   Data           4  s32k144_api.o(.data)
    Can2TranTop                              0x1fff8044   Data           4  s32k144_api.o(.data)
    Can2TranTail                             0x1fff8048   Data           4  s32k144_api.o(.data)
    Can0RecePosition                         0x1fff804c   Data           4  s32k144_api.o(.data)
    Can1RecePosition                         0x1fff8050   Data           4  s32k144_api.o(.data)
    Can2RecePosition                         0x1fff8054   Data           4  s32k144_api.o(.data)
    HostCommandState                         0x1fff8058   Data           4  s32k144_api.o(.data)
    SystemTicksPrev                          0x1fff805c   Data           4  s32k144_api.o(.data)
    HostData                                 0x1fff8060   Data           8  s32k144_api.o(.data)
    CcpDataBuff                              0x1fff8068   Data           8  s32k144_api.o(.data)
    Atd0Pos                                  0x1fff8070   Data           4  s32k144_api.o(.data)
    UbVoltageValue                           0x1fff8074   Data           4  s32k144_api.o(.data)
    Ad2428Vout2Value                         0x1fff8078   Data           4  s32k144_api.o(.data)
    AD2428PowerValue                         0x1fff807c   Data           4  s32k144_api.o(.data)
    UbVoltageBuff                            0x1fff8080   Data           4  s32k144_api.o(.data)
    Ad2428Vout2Buff                          0x1fff8084   Data           4  s32k144_api.o(.data)
    Ad2428PowerBuff                          0x1fff8088   Data           4  s32k144_api.o(.data)
    UbVoltage                                0x1fff808c   Data           4  s32k144_api.o(.data)
    Ad2428Vout2                              0x1fff8090   Data           4  s32k144_api.o(.data)
    Ad2428Power                              0x1fff8094   Data           4  s32k144_api.o(.data)
    tid_Task1                                0x1fff8098   Data           4  maintask.o(.data)
    tid_Task2                                0x1fff809c   Data           4  maintask.o(.data)
    tid_Task3                                0x1fff80a0   Data           4  maintask.o(.data)
    tid_Task4                                0x1fff80a4   Data           4  maintask.o(.data)
    SoundNumber                              0x1fff80a8   Data           4  task3.o(.data)
    SoundNumber1                             0x1fff80ac   Data           4  task3.o(.data)
    osRtxInfo                                0x1fff80b0   Data         164  rtx_kernel.o(.data.os)
    IisDataBuffer                            0x1fff8154   Data        9620  function.o(.bss)
    SoundOutputDriver1                       0x1fffa6e8   Data        4810  function.o(.bss)
    SoundOutputDriver2                       0x1fffb9b2   Data        4810  function.o(.bss)
    IisLeftSoundData                         0x1fffcc7c   Data        2000  function.o(.bss)
    IisRightSoundData                        0x1fffd44c   Data        2000  function.o(.bss)
    SoundLeftOutData                         0x1fffdc1c   Data        2000  function.o(.bss)
    SoundRightOutData                        0x1fffe3ec   Data        2000  function.o(.bss)
    FlexRamParden                            0x20000001   Thumb Code    82  s32k144_api.o(RAMCODE)
    EepromQuickWrite                         0x20000053   Thumb Code   104  s32k144_api.o(RAMCODE)
    EraseFlashSector                         0x200000bb   Thumb Code    62  s32k144_api.o(RAMCODE)
    WriteFlash                               0x200000f9   Thumb Code    96  s32k144_api.o(RAMCODE)
    .bss.os.thread.cb$$Base                  0x20001294   Number         0  rtx_lib.o(.bss.os.thread.cb)
    .bss.os.thread.cb$$Limit                 0x2000131c   Number         0  rtx_lib.o(.bss.os.thread.cb)
    FILTER_ORDER                             0x200015e8   Data           4  task2.o(.data)
    split_size                               0x200015ec   Data           4  task2.o(.data)
    alert_audio                              0x200015f0   Data         960  task2.o(.data)
    scaleValue                               0x200019b0   Data           4  task2.o(.data)
    CanRepeatBuff                            0x200019c0   Data         224  function.o(.data)
    SysTickTime                              0x20001aa0   Data           4  function.o(.data)
    SystemTimes                              0x20001aa4   Data           4  function.o(.data)
    IisReceTop                               0x20001aa8   Data           4  function.o(.data)
    IisReceBottom                            0x20001aac   Data           4  function.o(.data)
    ReceDataSize                             0x20001ab0   Data           4  function.o(.data)
    SoundTopPoint                            0x20001ab4   Data           4  function.o(.data)
    SoundBottomPoint                         0x20001ab8   Data           4  function.o(.data)
    SoundDataLength                          0x20001abc   Data           4  function.o(.data)
    SoundDriveMark                           0x20001ac0   Data           4  function.o(.data)
    SoundDrvTop                              0x20001ac4   Data           4  function.o(.data)
    SoundDrvBottom                           0x20001ac8   Data           4  function.o(.data)
    ccpStationId                             0x20001acc   Data           9  ccp.o(.data)
    CRC16CCITTtab                            0x20001ad6   Data         512  ccp.o(.data)
    SystemCoreClock                          0x20001cd8   Data           4  system_s32k144.o(.data)
    Can0TranBuffer                           0x20001cdc   Data         640  s32k144_api.o(.bss)
    Can1TranBuffer                           0x20001f5c   Data          80  s32k144_api.o(.bss)
    Can2TranBuffer                           0x20001fac   Data          80  s32k144_api.o(.bss)
    Can0ReceBuffer                           0x20001ffc   Data         512  s32k144_api.o(.bss)
    Can1ReceBuffer                           0x200021fc   Data          80  s32k144_api.o(.bss)
    Can2ReceBuffer                           0x2000224c   Data          80  s32k144_api.o(.bss)
    app_main_stk                             0x200022a0   Data        1024  maintask.o(.bss)
    app_Task1_stk                            0x200026a0   Data        1024  maintask.o(.bss)
    app_Task2_stk                            0x20002aa0   Data        1024  maintask.o(.bss)
    app_Task3_stk                            0x20002ea0   Data        1024  maintask.o(.bss)
    app_Task4_stk                            0x200032a0   Data        1024  maintask.o(.bss)
    BUFFER1                                  0x200036a0   Data         200  task2.o(.bss)
    BUFFER2                                  0x20003768   Data         200  task2.o(.bss)
    BUFFER3                                  0x20003830   Data         960  task2.o(.bss)
    BUFFER4                                  0x20003bf0   Data         960  task2.o(.bss)
    ccp                                      0x20003ffc   Data        5672  ccp.o(.bss)
    Image$$ARM_LIB_HEAP$$ZI$$Base            0x200057e4   Number         0  anon$$obj.o ABSOLUTE
    Image$$ARM_LIB_HEAP$$ZI$$Limit           0x200059e4   Number         0  anon$$obj.o ABSOLUTE
    Image$$ARM_LIB_STACK$$ZI$$Limit          0x20007000   Number         0  anon$$obj.o ABSOLUTE



==============================================================================

Memory Map of the image

  Image Entry point : 0x00008411

  Load Region LR_m_text (Base: 0x00008410, Size: 0x00007c88, Max: 0x00077bf0, ABSOLUTE, COMPRESSED[0x000066ac])

    Execution Region ER_m_text (Exec base: 0x00008410, Load base: 0x00008410, Size: 0x00005ef8, Max: 0x00077bf0, ABSOLUTE)

    Exec Addr    Load Addr    Size         Type   Attr      Idx    E Section Name        Object

    0x00008410   0x00008410   0x00000008   Code   RO        10316  * !!!main             c_w.l(__main.o)
    0x00008418   0x00008418   0x00000034   Code   RO        10701    !!!scatter          c_w.l(__scatter.o)
    0x0000844c   0x0000844c   0x0000005a   Code   RO        10699    !!dczerorl2         c_w.l(__dczerorl2.o)
    0x000084a6   0x000084a6   0x00000002   PAD
    0x000084a8   0x000084a8   0x0000001a   Code   RO        10703    !!handler_copy      c_w.l(__scatter_copy.o)
    0x000084c2   0x000084c2   0x00000002   PAD
    0x000084c4   0x000084c4   0x0000001c   Code   RO        10705    !!handler_zi        c_w.l(__scatter_zi.o)
    0x000084e0   0x000084e0   0x00000002   Code   RO        10568    .ARM.Collect$$libinit$$00000000  c_w.l(libinit.o)
    0x000084e2   0x000084e2   0x00000004   Code   RO        10579    .ARM.Collect$$libinit$$00000001  c_w.l(libinit2.o)
    0x000084e6   0x000084e6   0x00000000   Code   RO        10582    .ARM.Collect$$libinit$$00000004  c_w.l(libinit2.o)
    0x000084e6   0x000084e6   0x00000000   Code   RO        10585    .ARM.Collect$$libinit$$0000000A  c_w.l(libinit2.o)
    0x000084e6   0x000084e6   0x00000000   Code   RO        10587    .ARM.Collect$$libinit$$0000000C  c_w.l(libinit2.o)
    0x000084e6   0x000084e6   0x00000000   Code   RO        10589    .ARM.Collect$$libinit$$0000000E  c_w.l(libinit2.o)
    0x000084e6   0x000084e6   0x00000000   Code   RO        10592    .ARM.Collect$$libinit$$00000011  c_w.l(libinit2.o)
    0x000084e6   0x000084e6   0x00000000   Code   RO        10594    .ARM.Collect$$libinit$$00000013  c_w.l(libinit2.o)
    0x000084e6   0x000084e6   0x00000000   Code   RO        10596    .ARM.Collect$$libinit$$00000015  c_w.l(libinit2.o)
    0x000084e6   0x000084e6   0x00000000   Code   RO        10598    .ARM.Collect$$libinit$$00000017  c_w.l(libinit2.o)
    0x000084e6   0x000084e6   0x00000000   Code   RO        10600    .ARM.Collect$$libinit$$00000019  c_w.l(libinit2.o)
    0x000084e6   0x000084e6   0x00000000   Code   RO        10602    .ARM.Collect$$libinit$$0000001B  c_w.l(libinit2.o)
    0x000084e6   0x000084e6   0x00000000   Code   RO        10604    .ARM.Collect$$libinit$$0000001D  c_w.l(libinit2.o)
    0x000084e6   0x000084e6   0x00000000   Code   RO        10606    .ARM.Collect$$libinit$$0000001F  c_w.l(libinit2.o)
    0x000084e6   0x000084e6   0x00000000   Code   RO        10608    .ARM.Collect$$libinit$$00000021  c_w.l(libinit2.o)
    0x000084e6   0x000084e6   0x00000000   Code   RO        10610    .ARM.Collect$$libinit$$00000023  c_w.l(libinit2.o)
    0x000084e6   0x000084e6   0x00000000   Code   RO        10612    .ARM.Collect$$libinit$$00000025  c_w.l(libinit2.o)
    0x000084e6   0x000084e6   0x00000000   Code   RO        10616    .ARM.Collect$$libinit$$0000002C  c_w.l(libinit2.o)
    0x000084e6   0x000084e6   0x00000000   Code   RO        10618    .ARM.Collect$$libinit$$0000002E  c_w.l(libinit2.o)
    0x000084e6   0x000084e6   0x00000000   Code   RO        10620    .ARM.Collect$$libinit$$00000030  c_w.l(libinit2.o)
    0x000084e6   0x000084e6   0x00000000   Code   RO        10622    .ARM.Collect$$libinit$$00000032  c_w.l(libinit2.o)
    0x000084e6   0x000084e6   0x00000002   Code   RO        10623    .ARM.Collect$$libinit$$00000033  c_w.l(libinit2.o)
    0x000084e8   0x000084e8   0x00000002   Code   RO        10656    .ARM.Collect$$libshutdown$$00000000  c_w.l(libshutdown.o)
    0x000084ea   0x000084ea   0x00000000   Code   RO        10682    .ARM.Collect$$libshutdown$$00000002  c_w.l(libshutdown2.o)
    0x000084ea   0x000084ea   0x00000000   Code   RO        10684    .ARM.Collect$$libshutdown$$00000004  c_w.l(libshutdown2.o)
    0x000084ea   0x000084ea   0x00000000   Code   RO        10687    .ARM.Collect$$libshutdown$$00000007  c_w.l(libshutdown2.o)
    0x000084ea   0x000084ea   0x00000000   Code   RO        10690    .ARM.Collect$$libshutdown$$0000000A  c_w.l(libshutdown2.o)
    0x000084ea   0x000084ea   0x00000000   Code   RO        10692    .ARM.Collect$$libshutdown$$0000000C  c_w.l(libshutdown2.o)
    0x000084ea   0x000084ea   0x00000000   Code   RO        10695    .ARM.Collect$$libshutdown$$0000000F  c_w.l(libshutdown2.o)
    0x000084ea   0x000084ea   0x00000002   Code   RO        10696    .ARM.Collect$$libshutdown$$00000010  c_w.l(libshutdown2.o)
    0x000084ec   0x000084ec   0x00000000   Code   RO        10464    .ARM.Collect$$rtentry$$00000000  c_w.l(__rtentry.o)
    0x000084ec   0x000084ec   0x00000000   Code   RO        10526    .ARM.Collect$$rtentry$$00000002  c_w.l(__rtentry2.o)
    0x000084ec   0x000084ec   0x00000004   Code   RO        10540    .ARM.Collect$$rtentry$$00000007  c_w.l(__rtentry7.o)
    0x000084f0   0x000084f0   0x00000008   Code   RO        10527    .ARM.Collect$$rtentry$$00000008  c_w.l(__rtentry2.o)
    0x000084f8   0x000084f8   0x00000004   Code   RO        10529    .ARM.Collect$$rtentry$$0000000A  c_w.l(__rtentry2.o)
    0x000084fc   0x000084fc   0x00000000   Code   RO        10531    .ARM.Collect$$rtentry$$0000000C  c_w.l(__rtentry2.o)
    0x000084fc   0x000084fc   0x00000008   Code   RO        10532    .ARM.Collect$$rtentry$$0000000D  c_w.l(__rtentry2.o)
    0x00008504   0x00008504   0x00000004   Code   RO        10541    .ARM.Collect$$rtentry$$00002718  c_w.l(__rtentry7.o)
    0x00008508   0x00008508   0x00000002   Code   RO        10571    .ARM.Collect$$rtexit$$00000000  c_w.l(rtexit.o)
    0x0000850a   0x0000850a   0x00000000   Code   RO        10634    .ARM.Collect$$rtexit$$00000002  c_w.l(rtexit2.o)
    0x0000850a   0x0000850a   0x00000004   Code   RO        10635    .ARM.Collect$$rtexit$$00000003  c_w.l(rtexit2.o)
    0x0000850e   0x0000850e   0x00000006   Code   RO        10636    .ARM.Collect$$rtexit$$00000004  c_w.l(rtexit2.o)
    0x00008514   0x00008514   0x00000148   Code   RO         7844    .emb_text           rtx_mempool.o
    0x0000865c   0x0000865c   0x00000148   Code   RO         8001    .emb_text           rtx_msgqueue.o
    0x000087a4   0x000087a4   0x00000148   Code   RO         8416    .emb_text           rtx_system.o
    0x000088ec   0x000088ec   0x00000148   Code   RO         8472    .emb_text           rtx_thread.o
    0x00008a34   0x00008a34   0x00000074   Code   RO         9169    .emb_text           eventrecorder.o
    0x00008aa8   0x00008aa8   0x000000c8   Code   RO         6298    .text               irq_armv7m.o
    0x00008b70   0x00008b70   0x00000038   Code   RO        10251    .text               startup_s32k144.o
    0x00008ba8   0x00008ba8   0x0000008a   Code   RO        10308    .text               c_w.l(rt_memcpy_v6.o)
    0x00008c32   0x00008c32   0x00000064   Code   RO        10310    .text               c_w.l(rt_memcpy_w.o)
    0x00008c96   0x00008c96   0x00000044   Code   RO        10312    .text               c_w.l(rt_memclr.o)
    0x00008cda   0x00008cda   0x0000004e   Code   RO        10314    .text               c_w.l(rt_memclr_w.o)
    0x00008d28   0x00008d28   0x00000012   Code   RO        10559    .text               c_w.l(exit.o)
    0x00008d3a   0x00008d3a   0x00000002   PAD
    0x00008d3c   0x00008d3c   0x0000000c   Code   RO        10628    .text               c_w.l(sys_exit.o)
    0x00008d48   0x00008d48   0x00000002   Code   RO        10630    .text               c_w.l(use_no_semi.o)
    0x00008d4a   0x00008d4a   0x00000000   Code   RO        10632    .text               c_w.l(indicate_semi.o)
    0x00008d4a   0x00008d4a   0x0000000a   Ven    RO        10707    Veneer$$Code        anon$$obj.o
    0x00008d54   0x00008d54   0x00000018   Code   RO         7708    i.$Sub$$_fp_init    rtx_lib.o
    0x00008d6c   0x00008d6c   0x00000050   Code   RO           98    i.AutoCalibrationATD  s32k144_api.o
    0x00008dbc   0x00008dbc   0x00000090   Code   RO           99    i.CANTranQueue      s32k144_api.o
    0x00008e4c   0x00008e4c   0x00000078   Code   RO          597    i.CanCommandVehicle  task3.o
    0x00008ec4   0x00008ec4   0x00000194   Code   RO          598    i.CanRepeatTranProc  task3.o
    0x00009058   0x00009058   0x00000014   Code   RO          101    i.DisableDma        s32k144_api.o
    0x0000906c   0x0000906c   0x000000ac   Code   RO          102    i.DmaInitial        s32k144_api.o
    0x00009118   0x00009118   0x00000038   Code   RO          105    i.EnableCanClock    s32k144_api.o
    0x00009150   0x00009150   0x00000028   Code   RO         9170    i.EventCheckFilter  eventrecorder.o
    0x00009178   0x00009178   0x0000003c   Code   RO         9171    i.EventGetTS        eventrecorder.o
    0x000091b4   0x000091b4   0x00000046   Code   RO         9172    i.EventRecord2      eventrecorder.o
    0x000091fa   0x000091fa   0x00000076   Code   RO         9173    i.EventRecord4      eventrecorder.o
    0x00009270   0x00009270   0x000000d8   Code   RO         9175    i.EventRecordItem   eventrecorder.o
    0x00009348   0x00009348   0x0000005c   Code   RO         9178    i.EventRecorderEnable  eventrecorder.o
    0x000093a4   0x000093a4   0x00000128   Code   RO         9179    i.EventRecorderInitialize  eventrecorder.o
    0x000094cc   0x000094cc   0x00000030   Code   RO         9180    i.EventRecorderStart  eventrecorder.o
    0x000094fc   0x000094fc   0x0000000c   Code   RO         9182    i.EventRecorderTimerGetCount  eventrecorder.o
    0x00009508   0x00009508   0x0000000c   Code   RO         9183    i.EventRecorderTimerGetFreq  eventrecorder.o
    0x00009514   0x00009514   0x00000024   Code   RO         9184    i.EventRecorderTimerSetup  eventrecorder.o
    0x00009538   0x00009538   0x00000014   Code   RO         6527    i.EvrRtxDelay       rtx_evr.o
    0x0000954c   0x0000954c   0x00000014   Code   RO         6528    i.EvrRtxDelayCompleted  rtx_evr.o
    0x00009560   0x00009560   0x00000012   Code   RO         6529    i.EvrRtxDelayError  rtx_evr.o
    0x00009572   0x00009572   0x00000002   PAD
    0x00009574   0x00009574   0x00000014   Code   RO         6530    i.EvrRtxDelayStarted  rtx_evr.o
    0x00009588   0x00009588   0x00000014   Code   RO         6548    i.EvrRtxEventFlagsWaitTimeout  rtx_evr.o
    0x0000959c   0x0000959c   0x00000012   Code   RO         6549    i.EvrRtxKernelError  rtx_evr.o
    0x000095ae   0x000095ae   0x00000014   Code   RO         6550    i.EvrRtxKernelErrorNotify  rtx_evr.o
    0x000095c2   0x000095c2   0x00000002   PAD
    0x000095c4   0x000095c4   0x00000014   Code   RO         6552    i.EvrRtxKernelGetState  rtx_evr.o
    0x000095d8   0x000095d8   0x00000014   Code   RO         6555    i.EvrRtxKernelGetTickCount  rtx_evr.o
    0x000095ec   0x000095ec   0x00000014   Code   RO         6558    i.EvrRtxKernelInitialize  rtx_evr.o
    0x00009600   0x00009600   0x00000014   Code   RO         6559    i.EvrRtxKernelInitialized  rtx_evr.o
    0x00009614   0x00009614   0x00000014   Code   RO         6566    i.EvrRtxKernelStart  rtx_evr.o
    0x00009628   0x00009628   0x00000014   Code   RO         6567    i.EvrRtxKernelStarted  rtx_evr.o
    0x0000963c   0x0000963c   0x00000020   Code   RO         6572    i.EvrRtxMemoryAlloc  rtx_evr.o
    0x0000965c   0x0000965c   0x00000018   Code   RO         6573    i.EvrRtxMemoryBlockAlloc  rtx_evr.o
    0x00009674   0x00009674   0x00000020   Code   RO         6574    i.EvrRtxMemoryBlockFree  rtx_evr.o
    0x00009694   0x00009694   0x00000020   Code   RO         6575    i.EvrRtxMemoryBlockInit  rtx_evr.o
    0x000096b4   0x000096b4   0x00000020   Code   RO         6576    i.EvrRtxMemoryFree  rtx_evr.o
    0x000096d4   0x000096d4   0x0000001c   Code   RO         6577    i.EvrRtxMemoryInit  rtx_evr.o
    0x000096f0   0x000096f0   0x00000018   Code   RO         6578    i.EvrRtxMessageQueueCreated  rtx_evr.o
    0x00009708   0x00009708   0x00000014   Code   RO         6581    i.EvrRtxMessageQueueError  rtx_evr.o
    0x0000971c   0x0000971c   0x00000020   Code   RO         6582    i.EvrRtxMessageQueueGet  rtx_evr.o
    0x0000973c   0x0000973c   0x00000020   Code   RO         6587    i.EvrRtxMessageQueueGetPending  rtx_evr.o
    0x0000975c   0x0000975c   0x00000014   Code   RO         6589    i.EvrRtxMessageQueueGetTimeout  rtx_evr.o
    0x00009770   0x00009770   0x00000018   Code   RO         6590    i.EvrRtxMessageQueueInsertPending  rtx_evr.o
    0x00009788   0x00009788   0x00000018   Code   RO         6591    i.EvrRtxMessageQueueInserted  rtx_evr.o
    0x000097a0   0x000097a0   0x00000018   Code   RO         6593    i.EvrRtxMessageQueueNotInserted  rtx_evr.o
    0x000097b8   0x000097b8   0x00000018   Code   RO         6594    i.EvrRtxMessageQueueNotRetrieved  rtx_evr.o
    0x000097d0   0x000097d0   0x00000020   Code   RO         6595    i.EvrRtxMessageQueuePut  rtx_evr.o
    0x000097f0   0x000097f0   0x00000020   Code   RO         6596    i.EvrRtxMessageQueuePutPending  rtx_evr.o
    0x00009810   0x00009810   0x00000014   Code   RO         6597    i.EvrRtxMessageQueuePutTimeout  rtx_evr.o
    0x00009824   0x00009824   0x00000018   Code   RO         6600    i.EvrRtxMessageQueueRetrieved  rtx_evr.o
    0x0000983c   0x0000983c   0x00000018   Code   RO         6601    i.EvrRtxMutexAcquire  rtx_evr.o
    0x00009854   0x00009854   0x00000018   Code   RO         6602    i.EvrRtxMutexAcquirePending  rtx_evr.o
    0x0000986c   0x0000986c   0x00000014   Code   RO         6603    i.EvrRtxMutexAcquireTimeout  rtx_evr.o
    0x00009880   0x00009880   0x00000018   Code   RO         6604    i.EvrRtxMutexAcquired  rtx_evr.o
    0x00009898   0x00009898   0x00000018   Code   RO         6605    i.EvrRtxMutexCreated  rtx_evr.o
    0x000098b0   0x000098b0   0x00000014   Code   RO         6606    i.EvrRtxMutexDelete  rtx_evr.o
    0x000098c4   0x000098c4   0x00000014   Code   RO         6607    i.EvrRtxMutexDestroyed  rtx_evr.o
    0x000098d8   0x000098d8   0x00000014   Code   RO         6608    i.EvrRtxMutexError  rtx_evr.o
    0x000098ec   0x000098ec   0x00000014   Code   RO         6611    i.EvrRtxMutexNew    rtx_evr.o
    0x00009900   0x00009900   0x00000014   Code   RO         6612    i.EvrRtxMutexNotAcquired  rtx_evr.o
    0x00009914   0x00009914   0x00000014   Code   RO         6613    i.EvrRtxMutexRelease  rtx_evr.o
    0x00009928   0x00009928   0x00000018   Code   RO         6614    i.EvrRtxMutexReleased  rtx_evr.o
    0x00009940   0x00009940   0x00000014   Code   RO         6617    i.EvrRtxSemaphoreAcquireTimeout  rtx_evr.o
    0x00009954   0x00009954   0x00000018   Code   RO         6629    i.EvrRtxThreadBlocked  rtx_evr.o
    0x0000996c   0x0000996c   0x00000028   Code   RO         6630    i.EvrRtxThreadCreated  rtx_evr.o
    0x00009994   0x00009994   0x00000014   Code   RO         6631    i.EvrRtxThreadDestroyed  rtx_evr.o
    0x000099a8   0x000099a8   0x00000014   Code   RO         6635    i.EvrRtxThreadError  rtx_evr.o
    0x000099bc   0x000099bc   0x00000014   Code   RO         6636    i.EvrRtxThreadExit  rtx_evr.o
    0x000099d0   0x000099d0   0x00000020   Code   RO         6644    i.EvrRtxThreadFlagsWaitCompleted  rtx_evr.o
    0x000099f0   0x000099f0   0x00000014   Code   RO         6647    i.EvrRtxThreadFlagsWaitTimeout  rtx_evr.o
    0x00009a04   0x00009a04   0x00000014   Code   RO         6657    i.EvrRtxThreadJoined  rtx_evr.o
    0x00009a18   0x00009a18   0x00000020   Code   RO         6658    i.EvrRtxThreadNew   rtx_evr.o
    0x00009a38   0x00009a38   0x00000014   Code   RO         6659    i.EvrRtxThreadPreempted  rtx_evr.o
    0x00009a4c   0x00009a4c   0x00000014   Code   RO         6666    i.EvrRtxThreadSwitched  rtx_evr.o
    0x00009a60   0x00009a60   0x00000018   Code   RO         6668    i.EvrRtxThreadUnblocked  rtx_evr.o
    0x00009a78   0x00009a78   0x00000018   Code   RO         6670    i.EvrRtxTimerCallback  rtx_evr.o
    0x00009a90   0x00009a90   0x000000dc   Code   RO          106    i.FTM0_PWM_init     s32k144_api.o
    0x00009b6c   0x00009b6c   0x00000048   Code   RO          107    i.FTM0_init         s32k144_api.o
    0x00009bb4   0x00009bb4   0x000000dc   Code   RO          108    i.FTM1_PWM_init     s32k144_api.o
    0x00009c90   0x00009c90   0x00000048   Code   RO          109    i.FTM1_init         s32k144_api.o
    0x00009cd8   0x00009cd8   0x000000b4   Code   RO          110    i.FlexIOInit        s32k144_api.o
    0x00009d8c   0x00009d8c   0x00000064   Code   RO          111    i.FlexioDmaRece     s32k144_api.o
    0x00009df0   0x00009df0   0x00000044   Code   RO          112    i.FlexramEeprom     s32k144_api.o
    0x00009e34   0x00009e34   0x00000048   Code   RO          113    i.Fmt0Dma0Tran      s32k144_api.o
    0x00009e7c   0x00009e7c   0x00000048   Code   RO          114    i.Fmt0Dma1Tran      s32k144_api.o
    0x00009ec4   0x00009ec4   0x000000ec   Code   RO          115    i.GetAtdResult      s32k144_api.o
    0x00009fb0   0x00009fb0   0x00000010   Code   RO         9185    i.GetContext        eventrecorder.o
    0x00009fc0   0x00009fc0   0x00000010   Code   RO          116    i.GetIisDmaPosition  s32k144_api.o
    0x00009fd0   0x00009fd0   0x00000010   Code   RO          117    i.GetSoundDrvPosition  s32k144_api.o
    0x00009fe0   0x00009fe0   0x00000038   Code   RO          118    i.InitATD           s32k144_api.o
    0x0000a018   0x0000a018   0x000001a4   Code   RO          119    i.InitCan           s32k144_api.o
    0x0000a1bc   0x0000a1bc   0x000001f8   Code   RO          121    i.InitHardware      s32k144_api.o
    0x0000a3b4   0x0000a3b4   0x000001bc   Code   RO          701    i.InitVarent        function.o
    0x0000a570   0x0000a570   0x000000ac   Code   RO          702    i.InputLRData       function.o
    0x0000a61c   0x0000a61c   0x00000010   Code   RO         6306    i.IsException       rtx_delay.o
    0x0000a62c   0x0000a62c   0x00000010   Code   RO         7477    i.IsException       rtx_kernel.o
    0x0000a63c   0x0000a63c   0x00000010   Code   RO         8002    i.IsException       rtx_msgqueue.o
    0x0000a64c   0x0000a64c   0x00000010   Code   RO         8183    i.IsException       rtx_mutex.o
    0x0000a65c   0x0000a65c   0x00000010   Code   RO         8473    i.IsException       rtx_thread.o
    0x0000a66c   0x0000a66c   0x00000018   Code   RO         6307    i.IsIrqMasked       rtx_delay.o
    0x0000a684   0x0000a684   0x00000018   Code   RO         7478    i.IsIrqMasked       rtx_kernel.o
    0x0000a69c   0x0000a69c   0x00000018   Code   RO         8003    i.IsIrqMasked       rtx_msgqueue.o
    0x0000a6b4   0x0000a6b4   0x00000018   Code   RO         8184    i.IsIrqMasked       rtx_mutex.o
    0x0000a6cc   0x0000a6cc   0x00000018   Code   RO         8474    i.IsIrqMasked       rtx_thread.o
    0x0000a6e4   0x0000a6e4   0x00000010   Code   RO         7479    i.IsPrivileged      rtx_kernel.o
    0x0000a6f4   0x0000a6f4   0x0000000a   Code   RO         7797    i.MemBlockPtr       rtx_memory.o
    0x0000a6fe   0x0000a6fe   0x00000034   Code   RO         8004    i.MessageQueueGet   rtx_msgqueue.o
    0x0000a732   0x0000a732   0x0000004c   Code   RO         8005    i.MessageQueuePut   rtx_msgqueue.o
    0x0000a77e   0x0000a77e   0x00000022   Code   RO         8006    i.MessageQueueRemove  rtx_msgqueue.o
    0x0000a7a0   0x0000a7a0   0x00000008   Code   RO         9040    i.OS_Tick_AcknowledgeIRQ  os_systick.o
    0x0000a7a8   0x0000a7a8   0x00000030   Code   RO         9042    i.OS_Tick_Enable    os_systick.o
    0x0000a7d8   0x0000a7d8   0x00000006   Code   RO         9045    i.OS_Tick_GetIRQn   os_systick.o
    0x0000a7de   0x0000a7de   0x00000002   PAD
    0x0000a7e0   0x0000a7e0   0x00000050   Code   RO         9048    i.OS_Tick_Setup     os_systick.o
    0x0000a830   0x0000a830   0x0000017c   Code   RO          703    i.OutputLRData      function.o
    0x0000a9ac   0x0000a9ac   0x000000e0   Code   RO          123    i.ReadCanData       s32k144_api.o
    0x0000aa8c   0x0000aa8c   0x00000020   Code   RO          127    i.StartAtdConver    s32k144_api.o
    0x0000aaac   0x0000aaac   0x00000048   Code   RO          129    i.StartFtmCounter   s32k144_api.o
    0x0000aaf4   0x0000aaf4   0x00000110   Code   RO          130    i.SystemCoreClockConfigure  s32k144_api.o
    0x0000ac04   0x0000ac04   0x000000ac   Code   RO        10258    i.SystemCoreClockUpdate  system_s32k144.o
    0x0000acb0   0x0000acb0   0x00000040   Code   RO        10259    i.SystemInit        system_s32k144.o
    0x0000acf0   0x0000acf0   0x0000000a   Code   RO          428    i.Task1             task1.o
    0x0000acfa   0x0000acfa   0x00000002   PAD
    0x0000acfc   0x0000acfc   0x000004f0   Code   RO          463    i.Task2             task2.o
    0x0000b1ec   0x0000b1ec   0x00000040   Code   RO          599    i.Task3             task3.o
    0x0000b22c   0x0000b22c   0x00000018   Code   RO          645    i.Task4             task4.o
    0x0000b244   0x0000b244   0x00000056   Code   RO         8475    i.ThreadFlagsCheck  rtx_thread.o
    0x0000b29a   0x0000b29a   0x00000002   PAD
    0x0000b29c   0x0000b29c   0x00000040   Code   RO         8905    i.TimerInsert       rtx_timer.o
    0x0000b2dc   0x0000b2dc   0x00000018   Code   RO         8907    i.TimerUnlink       rtx_timer.o
    0x0000b2f4   0x0000b2f4   0x000000c8   Code   RO          131    i.TranCan           s32k144_api.o
    0x0000b3bc   0x0000b3bc   0x000000cc   Code   RO          600    i.UpdateCanData     task3.o
    0x0000b488   0x0000b488   0x0000000a   Code   RO         7482    i.__set_CONTROL     rtx_kernel.o
    0x0000b492   0x0000b492   0x00000016   Code   RO         7710    i._mutex_acquire    rtx_lib.o
    0x0000b4a8   0x0000b4a8   0x0000000c   Code   RO         7711    i._mutex_free       rtx_lib.o
    0x0000b4b4   0x0000b4b4   0x00000022   Code   RO         7712    i._mutex_initialize  rtx_lib.o
    0x0000b4d6   0x0000b4d6   0x00000012   Code   RO         7713    i._mutex_release    rtx_lib.o
    0x0000b4e8   0x0000b4e8   0x00000008   Code   RO         7714    i._platform_post_stackheap_init  rtx_lib.o
    0x0000b4f0   0x0000b4f0   0x000000b4   Code   RO          365    i.app_main          maintask.o
    0x0000b5a4   0x0000b5a4   0x000000ac   Code   RO         2513    i.arm_biquad_cascade_df1_f32  filteringfunctions.o
    0x0000b650   0x0000b650   0x0000001e   Code   RO         2516    i.arm_biquad_cascade_df1_init_f32  filteringfunctions.o
    0x0000b66e   0x0000b66e   0x00000002   PAD
    0x0000b670   0x0000b670   0x00000048   Code   RO          743    i.ccpClearDaqList   ccp.o
    0x0000b6b8   0x0000b6b8   0x0000035c   Code   RO          744    i.ccpCommand        ccp.o
    0x0000ba14   0x0000ba14   0x000000ec   Code   RO          745    i.ccpDaq            ccp.o
    0x0000bb00   0x0000bb00   0x00000006   Code   RO          842    i.ccpGetPointer     ccp_can_interface.o
    0x0000bb06   0x0000bb06   0x00000002   PAD
    0x0000bb08   0x0000bb08   0x0000001c   Code   RO          746    i.ccpInit           ccp.o
    0x0000bb24   0x0000bb24   0x00000078   Code   RO          747    i.ccpPrepareDaq     ccp.o
    0x0000bb9c   0x0000bb9c   0x00000030   Code   RO          748    i.ccpReadMTA        ccp.o
    0x0000bbcc   0x0000bbcc   0x00000128   Code   RO          749    i.ccpSampleAndSendNextDtm  ccp.o
    0x0000bcf4   0x0000bcf4   0x00000054   Code   RO          843    i.ccpSend           ccp_can_interface.o
    0x0000bd48   0x0000bd48   0x00000038   Code   RO          751    i.ccpSendCrm        ccp.o
    0x0000bd80   0x0000bd80   0x0000003c   Code   RO          752    i.ccpSendDtm        ccp.o
    0x0000bdbc   0x0000bdbc   0x0000004c   Code   RO          753    i.ccpStartAllPreparedDaq  ccp.o
    0x0000be08   0x0000be08   0x00000038   Code   RO          754    i.ccpStartDaq       ccp.o
    0x0000be40   0x0000be40   0x00000038   Code   RO          755    i.ccpStopAllDaq     ccp.o
    0x0000be78   0x0000be78   0x0000005c   Code   RO          756    i.ccpStopDaq        ccp.o
    0x0000bed4   0x0000bed4   0x00000034   Code   RO          757    i.ccpWriteMTA       ccp.o
    0x0000bf08   0x0000bf08   0x00000042   Code   RO         9186    i.crc16_ccitt       eventrecorder.o
    0x0000bf4a   0x0000bf4a   0x00000002   PAD
    0x0000bf4c   0x0000bf4c   0x00000054   Code   RO         9295    i.init_data_bss     startup.o
    0x0000bfa0   0x0000bfa0   0x00000082   Code   RO         8007    i.isrRtxMessageQueueGet  rtx_msgqueue.o
    0x0000c022   0x0000c022   0x00000086   Code   RO         8008    i.isrRtxMessageQueuePut  rtx_msgqueue.o
    0x0000c0a8   0x0000c0a8   0x00000034   Code   RO         8417    i.isr_queue_get     rtx_system.o
    0x0000c0dc   0x0000c0dc   0x0000003c   Code   RO         8418    i.isr_queue_put     rtx_system.o
    0x0000c118   0x0000c118   0x00000060   Code   RO            7    i.main              main.o
    0x0000c178   0x0000c178   0x0000003c   Code   RO         6308    i.osDelay           rtx_delay.o
    0x0000c1b4   0x0000c1b4   0x00000030   Code   RO         7484    i.osKernelGetState  rtx_kernel.o
    0x0000c1e4   0x0000c1e4   0x0000002c   Code   RO         7487    i.osKernelGetTickCount  rtx_kernel.o
    0x0000c210   0x0000c210   0x00000038   Code   RO         7489    i.osKernelInitialize  rtx_kernel.o
    0x0000c248   0x0000c248   0x00000034   Code   RO         7493    i.osKernelStart     rtx_kernel.o
    0x0000c27c   0x0000c27c   0x00000054   Code   RO         8010    i.osMessageQueueGet  rtx_msgqueue.o
    0x0000c2d0   0x0000c2d0   0x00000054   Code   RO         8017    i.osMessageQueuePut  rtx_msgqueue.o
    0x0000c324   0x0000c324   0x00000044   Code   RO         8185    i.osMutexAcquire    rtx_mutex.o
    0x0000c368   0x0000c368   0x0000003c   Code   RO         8186    i.osMutexDelete     rtx_mutex.o
    0x0000c3a4   0x0000c3a4   0x0000003c   Code   RO         8189    i.osMutexNew        rtx_mutex.o
    0x0000c3e0   0x0000c3e0   0x0000003c   Code   RO         8190    i.osMutexRelease    rtx_mutex.o
    0x0000c41c   0x0000c41c   0x00000020   Code   RO         9114    i.osRtxErrorNotify  rtx_config.o
    0x0000c43c   0x0000c43c   0x0000018c   Code   RO         9115    i.osRtxIdleThread   rtx_config.o
    0x0000c5c8   0x0000c5c8   0x00000018   Code   RO         7496    i.osRtxKernelErrorNotify  rtx_kernel.o
    0x0000c5e0   0x0000c5e0   0x0000000c   Code   RO         8479    i.osRtxKernelGetState  rtx_thread.o
    0x0000c5ec   0x0000c5ec   0x00000002   Code   RO         7497    i.osRtxKernelPreInit  rtx_kernel.o
    0x0000c5ee   0x0000c5ee   0x000000ee   Code   RO         7798    i.osRtxMemoryAlloc  rtx_memory.o
    0x0000c6dc   0x0000c6dc   0x0000007c   Code   RO         7799    i.osRtxMemoryFree   rtx_memory.o
    0x0000c758   0x0000c758   0x0000006a   Code   RO         7800    i.osRtxMemoryInit   rtx_memory.o
    0x0000c7c2   0x0000c7c2   0x00000030   Code   RO         7856    i.osRtxMemoryPoolAlloc  rtx_mempool.o
    0x0000c7f2   0x0000c7f2   0x00000044   Code   RO         7857    i.osRtxMemoryPoolFree  rtx_mempool.o
    0x0000c836   0x0000c836   0x00000058   Code   RO         7858    i.osRtxMemoryPoolInit  rtx_mempool.o
    0x0000c88e   0x0000c88e   0x00000108   Code   RO         8019    i.osRtxMessageQueuePostProcess  rtx_msgqueue.o
    0x0000c996   0x0000c996   0x00000002   PAD
    0x0000c998   0x0000c998   0x0000002c   Code   RO         8020    i.osRtxMessageQueueTimerSetup  rtx_msgqueue.o
    0x0000c9c4   0x0000c9c4   0x00000066   Code   RO         8191    i.osRtxMutexOwnerRelease  rtx_mutex.o
    0x0000ca2a   0x0000ca2a   0x00000058   Code   RO         8192    i.osRtxMutexOwnerRestore  rtx_mutex.o
    0x0000ca82   0x0000ca82   0x00000002   PAD
    0x0000ca84   0x0000ca84   0x00000088   Code   RO         8419    i.osRtxPendSV_Handler  rtx_system.o
    0x0000cb0c   0x0000cb0c   0x0000003c   Code   RO         8420    i.osRtxPostProcess  rtx_system.o
    0x0000cb48   0x0000cb48   0x00000040   Code   RO         8480    i.osRtxThreadBlock  rtx_thread.o
    0x0000cb88   0x0000cb88   0x00000068   Code   RO         8481    i.osRtxThreadDelayInsert  rtx_thread.o
    0x0000cbf0   0x0000cbf0   0x00000060   Code   RO         8482    i.osRtxThreadDelayRemove  rtx_thread.o
    0x0000cc50   0x0000cc50   0x000000f0   Code   RO         8483    i.osRtxThreadDelayTick  rtx_thread.o
    0x0000cd40   0x0000cd40   0x00000040   Code   RO         8484    i.osRtxThreadDestroy  rtx_thread.o
    0x0000cd80   0x0000cd80   0x0000006c   Code   RO         8485    i.osRtxThreadDispatch  rtx_thread.o
    0x0000cdec   0x0000cdec   0x00000064   Code   RO         8486    i.osRtxThreadFree   rtx_thread.o
    0x0000ce50   0x0000ce50   0x0000000c   Code   RO         8487    i.osRtxThreadGetRunning  rtx_thread.o
    0x0000ce5c   0x0000ce5c   0x00000026   Code   RO         8488    i.osRtxThreadJoinWakeup  rtx_thread.o
    0x0000ce82   0x0000ce82   0x0000001a   Code   RO         8489    i.osRtxThreadListGet  rtx_thread.o
    0x0000ce9c   0x0000ce9c   0x0000002c   Code   RO         8490    i.osRtxThreadListPut  rtx_thread.o
    0x0000cec8   0x0000cec8   0x0000001a   Code   RO         8491    i.osRtxThreadListRemove  rtx_thread.o
    0x0000cee2   0x0000cee2   0x00000010   Code   RO         8492    i.osRtxThreadListRoot  rtx_thread.o
    0x0000cef2   0x0000cef2   0x0000002a   Code   RO         8493    i.osRtxThreadListSort  rtx_thread.o
    0x0000cf1c   0x0000cf1c   0x00000034   Code   RO         8495    i.osRtxThreadPostProcess  rtx_thread.o
    0x0000cf50   0x0000cf50   0x00000018   Code   RO         8496    i.osRtxThreadReadyPut  rtx_thread.o
    0x0000cf68   0x0000cf68   0x00000018   Code   RO         8497    i.osRtxThreadRegPtr  rtx_thread.o
    0x0000cf80   0x0000cf80   0x0000000c   Code   RO         8498    i.osRtxThreadSetRunning  rtx_thread.o
    0x0000cf8c   0x0000cf8c   0x0000000c   Code   RO         8908    i.osRtxThreadSetRunning  rtx_timer.o
    0x0000cf98   0x0000cf98   0x00000020   Code   RO         8499    i.osRtxThreadStackCheck  rtx_thread.o
    0x0000cfb8   0x0000cfb8   0x00000058   Code   RO         8500    i.osRtxThreadStartup  rtx_thread.o
    0x0000d010   0x0000d010   0x00000018   Code   RO         8501    i.osRtxThreadSwitch  rtx_thread.o
    0x0000d028   0x0000d028   0x0000004c   Code   RO         8502    i.osRtxThreadWaitEnter  rtx_thread.o
    0x0000d074   0x0000d074   0x00000036   Code   RO         8503    i.osRtxThreadWaitExit  rtx_thread.o
    0x0000d0aa   0x0000d0aa   0x00000002   PAD
    0x0000d0ac   0x0000d0ac   0x0000009c   Code   RO         8421    i.osRtxTick_Handler  rtx_system.o
    0x0000d148   0x0000d148   0x00000020   Code   RO         8909    i.osRtxTimerSetup   rtx_timer.o
    0x0000d168   0x0000d168   0x0000002c   Code   RO         8910    i.osRtxTimerThread  rtx_timer.o
    0x0000d194   0x0000d194   0x00000090   Code   RO         8911    i.osRtxTimerTick    rtx_timer.o
    0x0000d224   0x0000d224   0x00000020   Code   RO         8506    i.osThreadExit      rtx_thread.o
    0x0000d244   0x0000d244   0x0000004c   Code   RO         8519    i.osThreadNew       rtx_thread.o
    0x0000d290   0x0000d290   0x00000020   Code   RO         7715    i.os_kernel_is_active  rtx_lib.o
    0x0000d2b0   0x0000d2b0   0x00000038   Code   RO         6310    i.svcRtxDelay       rtx_delay.o
    0x0000d2e8   0x0000d2e8   0x00000018   Code   RO         7499    i.svcRtxKernelGetState  rtx_kernel.o
    0x0000d300   0x0000d300   0x00000014   Code   RO         7502    i.svcRtxKernelGetTickCount  rtx_kernel.o
    0x0000d314   0x0000d314   0x00000218   Code   RO         7504    i.svcRtxKernelInitialize  rtx_kernel.o
    0x0000d52c   0x0000d52c   0x000000d4   Code   RO         7508    i.svcRtxKernelStart  rtx_kernel.o
    0x0000d600   0x0000d600   0x00000128   Code   RO         8022    i.svcRtxMessageQueueGet  rtx_msgqueue.o
    0x0000d728   0x0000d728   0x00000188   Code   RO         8028    i.svcRtxMessageQueueNew  rtx_msgqueue.o
    0x0000d8b0   0x0000d8b0   0x00000118   Code   RO         8029    i.svcRtxMessageQueuePut  rtx_msgqueue.o
    0x0000d9c8   0x0000d9c8   0x0000010c   Code   RO         8193    i.svcRtxMutexAcquire  rtx_mutex.o
    0x0000dad4   0x0000dad4   0x000000e4   Code   RO         8194    i.svcRtxMutexDelete  rtx_mutex.o
    0x0000dbb8   0x0000dbb8   0x000000ac   Code   RO         8197    i.svcRtxMutexNew    rtx_mutex.o
    0x0000dc64   0x0000dc64   0x00000110   Code   RO         8198    i.svcRtxMutexRelease  rtx_mutex.o
    0x0000dd74   0x0000dd74   0x00000068   Code   RO         8527    i.svcRtxThreadExit  rtx_thread.o
    0x0000dddc   0x0000dddc   0x00000280   Code   RO         8540    i.svcRtxThreadNew   rtx_thread.o
    0x0000e05c   0x0000e05c   0x0000000a   Code   RO        10350    x$fpl$fpinit        fz_wm.l(fpinit.o)
    0x0000e066   0x0000e066   0x00000002   PAD
    0x0000e068   0x0000e068   0x000000b4   Data   RO          367    .constdata          maintask.o
    0x0000e11c   0x0000e11c   0x00000050   Data   RO          465    .constdata          task2.o
    0x0000e16c   0x0000e16c   0x00000001   Data   RO         6297    .constdata          irq_armv7m.o
    0x0000e16d   0x0000e16d   0x00000003   PAD
    0x0000e170   0x0000e170   0x00000068   Data   RO         7723    .constdata          rtx_lib.o
    0x0000e1d8   0x0000e1d8   0x00000018   Data   RO         9188    .constdata          eventrecorder.o
    0x0000e1f0   0x0000e1f0   0x00000004   Data   RO         9296    .constdata          startup.o
    0x0000e1f4   0x0000e1f4   0x00000010   Data   RO        10261    .constdata          system_s32k144.o
    0x0000e204   0x0000e204   0x0000000b   Data   RO         7511    .conststrlit        rtx_kernel.o
    0x0000e20f   0x0000e20f   0x00000001   PAD
    0x0000e210   0x0000e210   0x000000a8   Data   RO         7725    .rodata             rtx_lib.o
    0x0000e2b8   0x0000e2b8   0x00000050   Data   RO        10697    Region$$Table       anon$$obj.o


    Execution Region RW_EEPROM_data (Exec base: 0x14000000, Load base: 0x0000e95c, Size: 0x00000000, Max: 0x00001000, ABSOLUTE)

    **** No section assigned to this execution region ****


    Execution Region RW_m_data (Exec base: 0x1fff8000, Load base: 0x0000e308, Size: 0x00006bbc, Max: 0x00008000, ABSOLUTE, COMPRESSED[0x0000000c])

    Exec Addr    Load Addr    Size         Type   Attr      Idx    E Section Name        Object

    0x1fff8000   COMPRESSED   0x00000034   Data   RW         7718    .bss.os.msgqueue.cb  rtx_lib.o
    0x1fff8034   COMPRESSED   0x00000064   Data   RW          138    .data               s32k144_api.o
    0x1fff8098   COMPRESSED   0x00000010   Data   RW          368    .data               maintask.o
    0x1fff80a8   COMPRESSED   0x00000008   Data   RW          601    .data               task3.o
    0x1fff80b0   COMPRESSED   0x000000a4   Data   RW         7512    .data.os            rtx_kernel.o
    0x1fff8154        -       0x00006a68   Zero   RW          704    .bss                function.o


    Execution Region RW_MYRAM1 (Exec base: 0x20000000, Load base: 0x0000e95c, Size: 0x00000160, Max: 0x00000200, ABSOLUTE)

    Exec Addr    Load Addr    Size         Type   Attr      Idx    E Section Name        Object

    0x20000000   0x0000e95c   0x00000160   Code   RO           97    RAMCODE             s32k144_api.o


    Execution Region RW_m_data_2 (Exec base: 0x20000200, Load base: 0x0000e314, Size: 0x000055e4, Max: 0x00006a00, ABSOLUTE, COMPRESSED[0x00000648])

    Exec Addr    Load Addr    Size         Type   Attr      Idx    E Section Name        Object

    0x20000200   COMPRESSED   0x00001040   Data   RW         7716    .bss.os             rtx_lib.o
    0x20001240   COMPRESSED   0x00000001   Data   RW         9049    .bss.os             os_systick.o
    0x20001241   COMPRESSED   0x00000003   PAD
    0x20001244   COMPRESSED   0x00000050   Data   RW         7719    .bss.os.msgqueue.mem  rtx_lib.o
    0x20001294   COMPRESSED   0x00000088   Data   RW         7720    .bss.os.thread.cb   rtx_lib.o
    0x2000131c   COMPRESSED   0x00000004   PAD
    0x20001320   COMPRESSED   0x00000200   Data   RW         7721    .bss.os.thread.idle.stack  rtx_lib.o
    0x20001520   COMPRESSED   0x000000c8   Data   RW         7722    .bss.os.thread.timer.stack  rtx_lib.o
    0x200015e8   COMPRESSED   0x000003d8   Data   RW          466    .data               task2.o
    0x200019c0   COMPRESSED   0x0000010c   Data   RW          705    .data               function.o
    0x20001acc   COMPRESSED   0x0000020a   Data   RW          759    .data               ccp.o
    0x20001cd6   COMPRESSED   0x00000001   Data   RW         7724    .data               rtx_lib.o
    0x20001cd7   COMPRESSED   0x00000001   PAD
    0x20001cd8   COMPRESSED   0x00000004   Data   RW        10262    .data               system_s32k144.o
    0x20001cdc        -       0x000005c0   Zero   RW          137    .bss                s32k144_api.o
    0x2000229c   COMPRESSED   0x00000004   PAD
    0x200022a0        -       0x00001400   Zero   RW          366    .bss                maintask.o
    0x200036a0        -       0x0000095c   Zero   RW          464    .bss                task2.o
    0x20003ffc        -       0x00001628   Zero   RW          758    .bss                ccp.o
    0x20005624   COMPRESSED   0x0000001c   PAD
    0x20005640        -       0x000001a4   Zero   RW         9187    .bss.noinit         eventrecorder.o


    Execution Region ARM_LIB_HEAP (Exec base: 0x200057e4, Load base: 0x0000e95c, Size: 0x00000200, Max: 0x00000200, ABSOLUTE)

    Exec Addr    Load Addr    Size         Type   Attr      Idx    E Section Name        Object

    0x200057e4        -       0x00000200   Zero   RW            1    ARM_LIB_HEAP.bss    anon$$obj.o


    Execution Region ARM_LIB_STACK (Exec base: 0x20006e00, Load base: 0x0000e95c, Size: 0x00000200, Max: 0x00000200, ABSOLUTE)

    Exec Addr    Load Addr    Size         Type   Attr      Idx    E Section Name        Object

    0x20006e00        -       0x00000200   Zero   RW            2    ARM_LIB_STACK.bss   anon$$obj.o



  Load Region LR_m_interrupts (Base: 0x00008000, Size: 0x00000400, Max: 0x00000400, ABSOLUTE)

    Execution Region VECTOR_RAM (Exec base: 0x00008000, Load base: 0x00008000, Size: 0x00000000, Max: 0x00000000, ABSOLUTE)

    Exec Addr    Load Addr    Size         Type   Attr      Idx    E Section Name        Object

    0x00008000        -       0x00000000   Zero   RW            3    VECTOR_RAM.bss      anon$$obj.o


    Execution Region VECTOR_ROM (Exec base: 0x00008000, Load base: 0x00008000, Size: 0x00000400, Max: 0x00000400, ABSOLUTE)

    Exec Addr    Load Addr    Size         Type   Attr      Idx    E Section Name        Object

    0x00008000   0x00008000   0x00000400   Data   RO        10249    RESET               startup_s32k144.o



  Load Region LR_m_flash_config (Base: 0x00008400, Size: 0x00000010, Max: 0x00000010, ABSOLUTE)

    Execution Region ER_m_flash_config (Exec base: 0x00008400, Load base: 0x00008400, Size: 0x00000010, Max: 0x00000010, ABSOLUTE)

    Exec Addr    Load Addr    Size         Type   Attr      Idx    E Section Name        Object

    0x00008400   0x00008400   0x00000010   Data   RO        10250    FlashConfig         startup_s32k144.o



  Load Region LR$$.ARM.__AT_0x00000000 (Base: 0x00000000, Size: 0x00000004, Max: 0x00000004, ABSOLUTE)

    Execution Region ER$$.ARM.__AT_0x00000000 (Exec base: 0x00000000, Load base: 0x00000000, Size: 0x00000004, Max: 0x00000004, ABSOLUTE, UNINIT)

    Exec Addr    Load Addr    Size         Type   Attr      Idx    E Section Name        Object

    0x00000000   0x00000000   0x00000004   Data   RO          135    .ARM.__AT_0x00000000  s32k144_api.o



  Load Region LR$$.ARM.__AT_0x00000004 (Base: 0x00000004, Size: 0x00000004, Max: 0x00000004, ABSOLUTE)

    Execution Region ER$$.ARM.__AT_0x00000004 (Exec base: 0x00000004, Load base: 0x00000004, Size: 0x00000004, Max: 0x00000004, ABSOLUTE, UNINIT)

    Exec Addr    Load Addr    Size         Type   Attr      Idx    E Section Name        Object

    0x00000004   0x00000004   0x00000004   Data   RO          136    .ARM.__AT_0x00000004  s32k144_api.o


==============================================================================

Image component sizes


      Code (inc. data)   RO Data    RW Data    ZI Data      Debug   Object Name

      2108         92          0        522       5672      14122   ccp.o
        90          4          0          0          0       1370   ccp_can_interface.o
      1198         86         24          0        420      19910   eventrecorder.o
       202          0          0          0          0       8259   filteringfunctions.o
       996        162          0        268      27240       6048   function.o
       200         14          1          0          0        724   irq_armv7m.o
        96         14          0          0          0     446453   main.o
       180         58        180         16       5120       6072   maintask.o
       142         24          0          1          0       2500   os_systick.o
       428         56          0          0          0       1541   rtx_config.o
       156          6          0          0          0      18329   rtx_delay.o
      1364        264          0          0          0      50329   rtx_evr.o
      1084         52         11        164          0      27314   rtx_kernel.o
       150         10        272       5141          0      18695   rtx_lib.o
       478          0          0          0          0       4191   rtx_memory.o
       532          0          0          0          0       4071   rtx_mempool.o
      2238         40          0          0          0      18030   rtx_msgqueue.o
      1418         36          0          0          0      13021   rtx_mutex.o
       792         40          0          0          0       9877   rtx_system.o
      2684        128          0          0          0      34818   rtx_thread.o
       320         32          0          0          0       6861   rtx_timer.o
      3948        500          8        100       1472      26006   s32k144_api.o
        84         16          4          0          0       1676   startup.o
        56         18       1040          0          0        936   startup_s32k144.o
       236         50         16          4          0       2483   system_s32k144.o
        10          0          0          0          0        520   task1.o
      1264        128         80        984       2396      16443   task2.o
       792         62          0          8          0       3751   task3.o
        24          6          0          0          0        568   task4.o

    ----------------------------------------------------------------------
     23302       1898       1720       7216      43376     764918   Object Totals
        10          0         80          0       1024          0   (incl. Generated)
        22          0          4          8         32          0   (incl. Padding)

    ----------------------------------------------------------------------

      Code (inc. data)   RO Data    RW Data    ZI Data      Debug   Library Member Name

        90          0          0          0          0          0   __dczerorl2.o
         8          0          0          0          0         68   __main.o
         0          0          0          0          0          0   __rtentry.o
        20          0          0          0          0          0   __rtentry2.o
         8          4          0          0          0          0   __rtentry7.o
        52          8          0          0          0          0   __scatter.o
        26          0          0          0          0          0   __scatter_copy.o
        28          0          0          0          0          0   __scatter_zi.o
        18          0          0          0          0         80   exit.o
         0          0          0          0          0          0   indicate_semi.o
         2          0          0          0          0          0   libinit.o
         6          0          0          0          0          0   libinit2.o
         2          0          0          0          0          0   libshutdown.o
         2          0          0          0          0          0   libshutdown2.o
        68          0          0          0          0         68   rt_memclr.o
        78          0          0          0          0         80   rt_memclr_w.o
       138          0          0          0          0         68   rt_memcpy_v6.o
       100          0          0          0          0         80   rt_memcpy_w.o
         2          0          0          0          0          0   rtexit.o
        10          0          0          0          0          0   rtexit2.o
        12          4          0          0          0         68   sys_exit.o
         2          0          0          0          0         68   use_no_semi.o
        10          0          0          0          0        116   fpinit.o

    ----------------------------------------------------------------------
       690         16          0          0          0        696   Library Totals
         8          0          0          0          0          0   (incl. Padding)

    ----------------------------------------------------------------------

      Code (inc. data)   RO Data    RW Data    ZI Data      Debug   Library Name

       672         16          0          0          0        580   c_w.l
        10          0          0          0          0        116   fz_wm.l

    ----------------------------------------------------------------------
       690         16          0          0          0        696   Library Totals

    ----------------------------------------------------------------------

==============================================================================


      Code (inc. data)   RO Data    RW Data    ZI Data      Debug   

     23992       1914       1720       7216      43376     741574   Grand Totals
     23992       1914       1720       1620      43376     741574   ELF Image Totals (compressed)
     23992       1914       1720       1620          0          0   ROM Totals

==============================================================================

    Total RO  Size (Code + RO Data)                25712 (  25.11kB)
    Total RW  Size (RW Data + ZI Data)             50592 (  49.41kB)
    Total ROM Size (Code + RO Data + RW Data)      27332 (  26.69kB)

==============================================================================

