<html>
<body>
<pre>
<h1>µVision Build Log</h1>
<h2>Tool Versions:</h2>
IDE-Version: ¦ÌVision V5.25.2.0
Copyright (C) 2018 ARM Ltd and ARM Germany GmbH. All rights reserved.
License Information: sun yongle, changchun  qijiao  star, LIC=76FPC-7FQ7V-CVV1L-0CFGN-NT05N-7Z3AN
 
Tool Versions:
Toolchain:       MDK-ARM Plus  Version: 5.25.2.0
Toolchain Path:  d:\Keil_v5\ARM\ARMCC\Bin
C Compiler:      Armcc.exe V5.06 update 6 (build 750)
Assembler:       Armasm.exe V5.06 update 6 (build 750)
Linker/Locator:  ArmLink.exe V5.06 update 6 (build 750)
Library Manager: ArmAr.exe V5.06 update 6 (build 750)
Hex Converter:   FromElf.exe V5.06 update 6 (build 750)
CPU DLL:         SARMCM3.DLL V5.25.2.0
Dialog DLL:      DCM.DLL V1.17.1.0
Target DLL:      Segger\JL2CM3.dll V2.99.29.0
Dialog DLL:      TCM.DLL V1.35.1.0
 
<h2>Project:</h2>
D:\SYL_JOB\NEW BMS\Èí¼þ\BMS V3.0(RTOS2-S32K144)\addon_mdk\Boards\NXP\S32K144-EVB\RTX5_Blinky\Blinky.uvprojx
Project File Date:  10/13/2020

<h2>Output:</h2>
*** Using Compiler 'V5.06 update 6 (build 750)', folder: 'd:\Keil_v5\ARM\ARMCC\Bin'
Rebuild target 'S32K144 Flash'
compiling task4.c...
compiling task5.c...
compiling Task2.c...
compiling main.c...
compiling task3.c...
compiling Task1.c...
compiling ccp_can_interface.C...
compiling CCP.C...
assembling irq_cm4f.s...
compiling S32K144_API.c...
compiling MainTask.c...
compiling rtx_evr.c...
compiling rtx_lib.c...
compiling RTX_Config.c...
compiling task6.c...
compiling rtx_delay.c...
compiling rtx_evflags.c...
compiling function.c...
compiling rtx_kernel.c...
compiling rtx_memory.c...
compiling rtx_msgqueue.c...
compiling rtx_system.c...
compiling rtx_mutex.c...
compiling rtx_semaphore.c...
compiling rtx_timer.c...
compiling rtx_mempool.c...
assembling startup_S32K144.s...
compiling rtx_thread.c...
compiling system_S32K144.c...
compiling EventRecorder.c...
compiling startup.c...
d:\Keil_v5\ARM\PACK\Keil\S32_SDK_DFP\1.2.0\platform\devices\startup.c(141): warning:  #47-D: incompatible redefinition of macro "__VECTOR_TABLE"  (declared at line 127 of "d:\Keil_v5\ARM\PACK\ARM\CMSIS\5.7.0\CMSIS\Core\Include\cmsis_armcc.h")
      #define __VECTOR_TABLE Image$$VECTOR_ROM$$Base
d:\Keil_v5\ARM\PACK\Keil\S32_SDK_DFP\1.2.0\platform\devices\startup.c: 1 warning, 0 errors
compiling adc_driver.c...
compiling os_systick.c...
compiling interrupt_manager.c...
compiling clock_manager.c...
compiling clock_S32K1xx.c...
compiling pins_port_hw_access.c...
compiling pins_driver.c...
linking...
Program Size: Code=85104 RO-data=3224 RW-data=7544 ZI-data=21924  
FromELF: creating hex file...
".\Flash\Blinky.axf" - 0 Error(s), 1 Warning(s).

<h2>Software Packages used:</h2>

Package Vendor: ARM
                http://www.keil.com/pack/ARM.CMSIS.5.7.0.pack
                ARM.CMSIS.5.7.0
                CMSIS (Cortex Microcontroller Software Interface Standard)
   * Component: RTOS2 Version: 2.1.3
   * Component: CORE Version: 5.4.0
   * Component: Keil RTX5 Variant: Source Version: 5.5.2

Package Vendor: Keil
                http://www.keil.com/pack/Keil.ARM_Compiler.1.6.3.pack
                Keil.ARM_Compiler.1.6.3
                Keil ARM Compiler extensions for ARM Compiler 5 and ARM Compiler 6
   * Component: Event Recorder Variant: DAP Version: 1.4.0

Package Vendor: Keil
                http://www.keil.com/pack/Keil.S32_SDK_DFP.1.2.0.pack
                Keil.S32_SDK_DFP.1.2.0
                NXP S32 SDK including S32K144HFT0VLLT, S32K144LFT0MLLT basic CMSIS Device Support
   * Component: ADC Version: 1.0.0
   * Component: Clock Version: 1.0.0
   * Component: Interrupt Version: 1.0.0
   * Component: PINS Version: 1.0.0
   * Component: Startup Version: 2.0.0

<h2>Collection of Component include folders:</h2>
  .\RTE\CMSIS
  .\RTE\Compiler
  .\RTE\Device\S32K144UAxxxLLx
  .\RTE\_S32K144_Flash
  d:\Keil_v5\ARM\PACK\ARM\CMSIS\5.7.0\CMSIS\Core\Include
  d:\Keil_v5\ARM\PACK\ARM\CMSIS\5.7.0\CMSIS\RTOS2\Include
  d:\Keil_v5\ARM\PACK\ARM\CMSIS\5.7.0\CMSIS\RTOS2\RTX\Include
  d:\Keil_v5\ARM\PACK\Keil\ARM_Compiler\1.6.3\Include
  d:\Keil_v5\ARM\PACK\Keil\S32_SDK_DFP\1.2.0\platform\devices
  d:\Keil_v5\ARM\PACK\Keil\S32_SDK_DFP\1.2.0\platform\devices\common
  d:\Keil_v5\ARM\PACK\Keil\S32_SDK_DFP\1.2.0\platform\drivers\inc
  d:\Keil_v5\ARM\PACK\Keil\S32_SDK_DFP\1.2.0\platform\drivers\src\clock\S32K1xx

<h2>Collection of Component Files used:</h2>

   * Component: ::CMSIS:RTOS2:2.1.3 (API)
      Include file:  CMSIS\RTOS2\Include\cmsis_os2.h

   * Component: ARM::CMSIS:CORE:5.4.0

   * Component: ARM::CMSIS:RTOS2:Keil RTX5:Source:5.5.2
      Source file:   CMSIS\RTOS2\RTX\Source\rtx_msgqueue.c
      Include file:  CMSIS\RTOS2\RTX\Include\rtx_os.h
      Source file:   CMSIS\RTOS2\RTX\Template\Mutex.c
      Source file:   CMSIS\RTOS2\RTX\Template\Semaphore.c
      Source file:   CMSIS\RTOS2\RTX\Template\Timer.c
      Source file:   CMSIS\RTOS2\RTX\Template\Thread.c
      Source file:   CMSIS\RTOS2\RTX\Source\rtx_thread.c
      Source file:   CMSIS\RTOS2\RTX\Source\rtx_timer.c
      Source file:   CMSIS\RTOS2\RTX\Template\MsgQueue.c
      Source file:   CMSIS\RTOS2\RTX\Source\rtx_evflags.c
      Source file:   CMSIS\RTOS2\RTX\Template\main.c
      Source file:   CMSIS\RTOS2\RTX\Template\svc_user.c
      Source file:   CMSIS\RTOS2\RTX\Source\rtx_mutex.c
      Source file:   CMSIS\RTOS2\RTX\Source\rtx_semaphore.c
      Include file:  CMSIS\RTOS2\RTX\Config\RTX_Config.h
      Source file:   CMSIS\RTOS2\RTX\Template\MemPool.c
      Source file:   CMSIS\RTOS2\RTX\Source\rtx_memory.c
      Source file:   CMSIS\RTOS2\RTX\Template\Events.c
      Source file:   CMSIS\RTOS2\RTX\Source\rtx_mempool.c
      Source file:   CMSIS\RTOS2\RTX\Config\RTX_Config.c
      Source file:   CMSIS\RTOS2\RTX\Source\rtx_kernel.c
      Source file:   CMSIS\RTOS2\RTX\Source\rtx_delay.c
      Source file:   CMSIS\RTOS2\RTX\Source\ARM\irq_cm4f.s
      Source file:   CMSIS\RTOS2\RTX\Source\rtx_system.c
      Source file:   CMSIS\RTOS2\RTX\Source\rtx_lib.c
      Source file:   CMSIS\RTOS2\RTX\Source\rtx_evr.c
      Source file:   CMSIS\RTOS2\Source\os_systick.c

   * Component: Keil.ARM Compiler::Compiler:Event Recorder:DAP:1.4.0
      Include file:  Config\EventRecorderConf.h
      Source file:   Source\EventRecorder.c
      Include file:  Include\EventRecorder.h

   * Component: Keil::Device:SDK Driver:ADC:1.0.0
      Include file:  platform\drivers\inc\adc_driver.h
      Source file:   platform\drivers\src\adc\adc_driver.c

   * Component: Keil::Device:SDK Driver:Clock:1.0.0
      Include file:  platform\drivers\inc\clock_manager.h
      Source file:   platform\drivers\src\clock\clock_manager.c
      Include file:  platform\drivers\src\clock\S32K1xx\clock_S32K1xx.h
      Source file:   platform\drivers\src\clock\S32K1xx\clock_S32K1xx.c

   * Component: Keil::Device:SDK Driver:Interrupt:1.0.0
      Source file:   platform\drivers\src\interrupt\interrupt_manager.c
      Include file:  platform\drivers\inc\interrupt_manager.h

   * Component: Keil::Device:SDK Driver:PINS:1.0.0
      Source file:   platform\drivers\src\pins\pins_driver.c
      Source file:   platform\drivers\src\pins\pins_port_hw_access.c
      Include file:  platform\drivers\inc\pins_driver.h

   * Component: Keil::Device:Startup:2.0.0
      Include file:  platform\devices\device_registers.h
      Source file:   platform\devices\startup.c
      Source file:   platform\devices\S32K144\startup\system_S32K144.c
      Source file:   platform\devices\S32K144\startup\arm\startup_S32K144.s
      Include file:  platform\devices\S32K144\startup\system_S32K144.h
Build Time Elapsed:  00:00:07
</pre>
</body>
</html>
