<html>
<body>
<pre>
<h1>µVision Build Log</h1>
<h2>Tool Versions:</h2>
IDE-Version: ¦ÌVision V5.25.2.0
Copyright (C) 2018 ARM Ltd and ARM Germany GmbH. All rights reserved.
License Information: yan bing, tsinghua, LIC=X96Z9-4QB5V-PZLWB-229ED-TW5Z1-JV2PB
 
Tool Versions:
Toolchain:       MDK-ARM Plus  Version: 5.25.2.0
Toolchain Path:  D:\Keil_v5\ARM\ARMCC\Bin
C Compiler:      Armcc.exe V5.06 update 6 (build 750)
Assembler:       Armasm.exe V5.06 update 6 (build 750)
Linker/Locator:  ArmLink.exe V5.06 update 6 (build 750)
Library Manager: ArmAr.exe V5.06 update 6 (build 750)
Hex Converter:   FromElf.exe V5.06 update 6 (build 750)
CPU DLL:         SARMCM3.DLL V5.25.2.0
Dialog DLL:      DCM.DLL V1.17.1.0
Target DLL:      Segger\JL2CM3.dll V2.99.29.0
Dialog DLL:      TCM.DLL V1.35.1.0
 
<h2>Project:</h2>
C:\Users\ybee0\Desktop\S32K144-EVB\RTX5_Blinky\Blinky.uvprojx
Project File Date:  01/12/2024

<h2>Output:</h2>
*** Using Compiler 'V5.06 update 6 (build 750)', folder: 'D:\Keil_v5\ARM\ARMCC\Bin'
Build target 'S32K144 Flash'
compiling task3.c...
linking...
.\RTE\Device\S32K144UAxxxLLx\S32K144_64_flash.sct(100): warning: L6314W: No section matches pattern *(EEPROM_SECTION).
Program Size: Code=23352 RO-data=1704 RW-data=3780 ZI-data=38300  
Finished: 0 information, 1 warning and 0 error messages.
FromELF: creating hex file...
".\Flash\SVC(V100)¿ØÖÆ³ÌÐò.axf" - 0 Error(s), 1 Warning(s).

<h2>Software Packages used:</h2>

Package Vendor: ARM
                http://www.keil.com/pack/ARM.CMSIS.5.9.0.pack
                ARM.CMSIS.5.9.0
                CMSIS (Common Microcontroller Software Interface Standard)
   * Component: RTOS2 Version: 2.1.3
   * Component: CORE Version: 5.6.0
   * Component: DSP Variant: Source Version: 1.10.0
   * Component: Keil RTX5 Variant: Source Version: 5.5.4

Package Vendor: Keil
                http://www.keil.com/pack/Keil.ARM_Compiler.1.5.0.pack
                Keil.ARM_Compiler.1.5.0
                Keil ARM Compiler extensions for ARM Compiler 5 and ARM Compiler 6
   * Component: Event Recorder Variant: DAP Version: 1.3.0

Package Vendor: Keil
                http://www.keil.com/pack/Keil.S32_SDK_DFP.1.2.0.pack
                Keil.S32_SDK_DFP.1.2.0
                NXP S32 SDK including S32K144HFT0VLLT, S32K144LFT0MLLT basic CMSIS Device Support
   * Component: ADC Version: 1.0.0
   * Component: Clock Version: 1.0.0
   * Component: Interrupt Version: 1.0.0
   * Component: PINS Version: 1.0.0
   * Component: Startup Version: 2.0.0

<h2>Collection of Component include folders:</h2>
  .\RTE\CMSIS
  .\RTE\Compiler
  .\RTE\Device\S32K144HFxxxLHx
  .\RTE\_S32K144_Flash
  D:\Keil_v5\ARM\PACK\ARM\CMSIS\5.9.0\CMSIS\Core\Include
  D:\Keil_v5\ARM\PACK\ARM\CMSIS\5.9.0\CMSIS\DSP\Include
  D:\Keil_v5\ARM\PACK\ARM\CMSIS\5.9.0\CMSIS\DSP\PrivateInclude
  D:\Keil_v5\ARM\PACK\ARM\CMSIS\5.9.0\CMSIS\RTOS2\Include
  D:\Keil_v5\ARM\PACK\ARM\CMSIS\5.9.0\CMSIS\RTOS2\RTX\Include
  D:\Keil_v5\ARM\PACK\Keil\ARM_Compiler\1.5.0\Include
  D:\Keil_v5\ARM\PACK\Keil\S32_SDK_DFP\1.2.0\platform\devices
  D:\Keil_v5\ARM\PACK\Keil\S32_SDK_DFP\1.2.0\platform\devices\common
  D:\Keil_v5\ARM\PACK\Keil\S32_SDK_DFP\1.2.0\platform\drivers\inc
  D:\Keil_v5\ARM\PACK\Keil\S32_SDK_DFP\1.2.0\platform\drivers\src\clock\S32K1xx

<h2>Collection of Component Files used:</h2>

   * Component: ::CMSIS:RTOS2:2.1.3 (API)
      Include file:  CMSIS\RTOS2\Include\cmsis_os2.h

   * Component: ARM::CMSIS:CORE:5.6.0

   * Component: ARM::CMSIS:DSP:Source:1.10.0
      Source file:   CMSIS\DSP\Source\StatisticsFunctions\StatisticsFunctionsF16.c
      Source file:   CMSIS\DSP\Source\DistanceFunctions\DistanceFunctionsF16.c
      Source file:   CMSIS\DSP\Source\FastMathFunctions\FastMathFunctionsF16.c
      Source file:   CMSIS\DSP\Source\MatrixFunctions\MatrixFunctions.c
      Source file:   CMSIS\DSP\Source\CommonTables\CommonTablesF16.c
      Source file:   CMSIS\DSP\Source\SupportFunctions\SupportFunctions.c
      Source file:   CMSIS\DSP\Source\ComplexMathFunctions\ComplexMathFunctionsF16.c
      Source file:   CMSIS\DSP\Source\TransformFunctions\TransformFunctionsF16.c
      Source file:   CMSIS\DSP\Source\MatrixFunctions\MatrixFunctionsF16.c
      Source file:   CMSIS\DSP\Source\TransformFunctions\TransformFunctions.c
      Source file:   CMSIS\DSP\Source\SupportFunctions\SupportFunctionsF16.c
      Source file:   CMSIS\DSP\Source\SVMFunctions\SVMFunctionsF16.c
      Source file:   CMSIS\DSP\Source\CommonTables\CommonTables.c
      Source file:   CMSIS\DSP\Source\ComplexMathFunctions\ComplexMathFunctions.c
      Source file:   CMSIS\DSP\Source\BayesFunctions\BayesFunctionsF16.c
      Source file:   CMSIS\DSP\Source\InterpolationFunctions\InterpolationFunctionsF16.c
      Source file:   CMSIS\DSP\Source\FilteringFunctions\FilteringFunctions.c
      Source file:   CMSIS\DSP\Source\StatisticsFunctions\StatisticsFunctions.c
      Source file:   CMSIS\DSP\Source\BasicMathFunctions\BasicMathFunctionsF16.c
      Source file:   CMSIS\DSP\Source\ControllerFunctions\ControllerFunctions.c
      Source file:   CMSIS\DSP\Source\DistanceFunctions\DistanceFunctions.c
      Source file:   CMSIS\DSP\Source\FastMathFunctions\FastMathFunctions.c
      Source file:   CMSIS\DSP\Source\InterpolationFunctions\InterpolationFunctions.c
      Source file:   CMSIS\DSP\Source\FilteringFunctions\FilteringFunctionsF16.c
      Source file:   CMSIS\DSP\Source\SVMFunctions\SVMFunctions.c
      Include file:  CMSIS\DSP\Include\arm_math.h
      Include file:  CMSIS\DSP\Include\arm_math_f16.h
      Include file:  CMSIS\DSP\Include\arm_common_tables.h
      Include file:  CMSIS\DSP\Include\arm_common_tables_f16.h
      Source file:   CMSIS\DSP\Source\QuaternionMathFunctions\QuaternionMathFunctions.c
      Include file:  CMSIS\DSP\Include\arm_const_structs.h
      Include file:  CMSIS\DSP\Include\arm_const_structs_f16.h
      Source file:   CMSIS\DSP\Source\BasicMathFunctions\BasicMathFunctions.c
      Source file:   CMSIS\DSP\Source\BayesFunctions\BayesFunctions.c

   * Component: ARM::CMSIS:RTOS2:Keil RTX5:Source:5.5.4
      Source file:   CMSIS\RTOS2\RTX\Source\rtx_evr.c
      Source file:   CMSIS\RTOS2\RTX\Source\rtx_lib.c
      Include file:  CMSIS\RTOS2\RTX\Include\rtx_os.h
      Source file:   CMSIS\RTOS2\RTX\Template\MsgQueue.c
      Source file:   CMSIS\RTOS2\RTX\Template\svc_user.c
      Source file:   CMSIS\RTOS2\RTX\Template\main.c
      Source file:   CMSIS\RTOS2\RTX\Template\Thread.c
      Source file:   CMSIS\RTOS2\RTX\Template\Timer.c
      Source file:   CMSIS\RTOS2\RTX\Source\rtx_kernel.c
      Source file:   CMSIS\RTOS2\RTX\Source\rtx_delay.c
      Source file:   CMSIS\RTOS2\RTX\Source\rtx_thread.c
      Source file:   CMSIS\RTOS2\RTX\Template\MemPool.c
      Source file:   CMSIS\RTOS2\RTX\Template\Mutex.c
      Source file:   CMSIS\RTOS2\RTX\Template\Events.c
      Include file:  CMSIS\RTOS2\RTX\Config\RTX_Config.h
      Source file:   CMSIS\RTOS2\RTX\Template\Semaphore.c
      Source file:   CMSIS\RTOS2\RTX\Source\rtx_timer.c
      Source file:   CMSIS\RTOS2\RTX\Source\rtx_evflags.c
      Source file:   CMSIS\RTOS2\RTX\Source\rtx_mutex.c
      Source file:   CMSIS\RTOS2\RTX\Source\rtx_semaphore.c
      Source file:   CMSIS\RTOS2\RTX\Source\rtx_memory.c
      Source file:   CMSIS\RTOS2\RTX\Source\rtx_mempool.c
      Source file:   CMSIS\RTOS2\RTX\Config\RTX_Config.c
      Source file:   CMSIS\RTOS2\RTX\Source\rtx_msgqueue.c
      Source file:   CMSIS\RTOS2\RTX\Source\rtx_system.c
      Source file:   CMSIS\RTOS2\Source\os_systick.c
      Source file:   CMSIS\RTOS2\RTX\Source\ARM\irq_armv7m.s

   * Component: Keil.ARM Compiler::Compiler:Event Recorder:DAP:1.3.0
      Include file:  Include\EventRecorder.h
      Include file:  Config\EventRecorderConf.h
      Source file:   Source\EventRecorder.c

   * Component: Keil::Device:SDK Driver:ADC:1.0.0
      Include file:  platform\drivers\inc\adc_driver.h
      Source file:   platform\drivers\src\adc\adc_driver.c

   * Component: Keil::Device:SDK Driver:Clock:1.0.0
      Include file:  platform\drivers\inc\clock_manager.h
      Include file:  platform\drivers\src\clock\S32K1xx\clock_S32K1xx.h
      Source file:   platform\drivers\src\clock\clock_manager.c
      Source file:   platform\drivers\src\clock\S32K1xx\clock_S32K1xx.c

   * Component: Keil::Device:SDK Driver:Interrupt:1.0.0
      Source file:   platform\drivers\src\interrupt\interrupt_manager.c
      Include file:  platform\drivers\inc\interrupt_manager.h

   * Component: Keil::Device:SDK Driver:PINS:1.0.0
      Include file:  platform\drivers\inc\pins_driver.h
      Source file:   platform\drivers\src\pins\pins_port_hw_access.c
      Source file:   platform\drivers\src\pins\pins_driver.c

   * Component: Keil::Device:Startup:2.0.0
      Source file:   platform\devices\S32K144\startup\system_S32K144.c
      Include file:  platform\devices\device_registers.h
      Source file:   platform\devices\startup.c
      Include file:  platform\devices\S32K144\startup\system_S32K144.h
      Source file:   platform\devices\S32K144\startup\arm\startup_S32K144.s
Build Time Elapsed:  00:00:01
</pre>
</body>
</html>
