Component: ARM Compiler 5.06 update 6 (build 750) Tool: armlink [4d35ed]

==============================================================================

Section Cross References

    main.o(i.main) refers to s32k144_api.o(i.SystemCoreClockConfigure) for SystemCoreClockConfigure
    main.o(i.main) refers to system_s32k144.o(i.SystemCoreClockUpdate) for SystemCoreClockUpdate
    main.o(i.main) refers to s32k144_api.o(i.InitHardware) for InitHardware
    main.o(i.main) refers to function.o(i.InitVarent) for InitVarent
    main.o(i.main) refers to rtx_kernel.o(i.osKernelInitialize) for osKernelInitialize
    main.o(i.main) refers to ccp.o(i.ccpInit) for ccpInit
    main.o(i.main) refers to rtx_thread.o(i.osThreadNew) for osThreadNew
    main.o(i.main) refers to rtx_kernel.o(i.osKernelGetState) for osKernelGetState
    main.o(i.main) refers to rtx_kernel.o(i.osKernelStart) for osKernelStart
    main.o(i.main) refers to maintask.o(.constdata) for app_main_attr
    main.o(i.main) refers to maintask.o(i.app_main) for app_main
    s32k144_api.o(i.CANTranQueue) refers to s32k144_api.o(.data) for Can0TranTop
    s32k144_api.o(i.CANTranQueue) refers to s32k144_api.o(.bss) for Can0TranBuffer
    s32k144_api.o(i.DmaInitial) refers to s32k144_api.o(.bss) for Can0ReceBuffer
    s32k144_api.o(i.GetAtdResult) refers to s32k144_api.o(.data) for Atd0Pos
    s32k144_api.o(i.InitCan) refers to s32k144_api.o(i.EnableCanClock) for EnableCanClock
    s32k144_api.o(i.InitHardware) refers to s32k144_api.o(i.InitATD) for InitATD
    s32k144_api.o(i.InitHardware) refers to s32k144_api.o(i.AutoCalibrationATD) for AutoCalibrationATD
    s32k144_api.o(i.InitHardware) refers to s32k144_api.o(i.FTM0_init) for FTM0_init
    s32k144_api.o(i.InitHardware) refers to s32k144_api.o(i.FTM1_init) for FTM1_init
    s32k144_api.o(i.InitHardware) refers to s32k144_api.o(i.DmaInitial) for DmaInitial
    s32k144_api.o(i.InitHardware) refers to s32k144_api.o(i.InitCan) for InitCan
    s32k144_api.o(i.InitHardware) refers to s32k144_api.o(RAMCODE) for FlexRamParden
    s32k144_api.o(i.InitHardware) refers to s32k144_api.o(i.FlexramEeprom) for FlexramEeprom
    s32k144_api.o(i.InitHardware) refers to s32k144_api.o(.data) for Atd0Pos
    s32k144_api.o(i.ReadCanData) refers to s32k144_api.o(.bss) for Can0ReceBuffer
    s32k144_api.o(i.ReadCanData) refers to s32k144_api.o(.data) for Can0RecePosition
    s32k144_api.o(i.StartAtdConver) refers to s32k144_api.o(.data) for Atd0Pos
    s32k144_api.o(.ARM.__AT_0x00000004) refers to startup_s32k144.o(.text) for Reset_Handler
    maintask.o(i.app_main) refers to eventrecorder.o(i.EventRecorderInitialize) for EventRecorderInitialize
    maintask.o(i.app_main) refers to eventrecorder.o(i.EventRecorderEnable) for EventRecorderEnable
    maintask.o(i.app_main) refers to rtx_thread.o(i.osThreadNew) for osThreadNew
    maintask.o(i.app_main) refers to rtx_kernel.o(i.osKernelGetTickCount) for osKernelGetTickCount
    maintask.o(i.app_main) refers to rtx_delay.o(i.osDelay) for osDelay
    maintask.o(i.app_main) refers to maintask.o(.constdata) for app_Task1_attr
    maintask.o(i.app_main) refers to task1.o(i.Task1) for Task1
    maintask.o(i.app_main) refers to maintask.o(.data) for tid_Task1
    maintask.o(i.app_main) refers to task2.o(i.Task2) for Task2
    maintask.o(i.app_main) refers to task3.o(i.Task3) for Task3
    maintask.o(i.app_main) refers to task4.o(i.Task4) for Task4
    maintask.o(i.app_main) refers to function.o(.data) for SysTickTime
    maintask.o(.constdata) refers to maintask.o(.bss) for app_main_stk
    task1.o(i.Task1) refers to rtx_delay.o(i.osDelay) for osDelay
    task2.o(i.Task2) refers to rt_memcpy_w.o(.text) for __aeabi_memcpy4
    task2.o(i.Task2) refers to filteringfunctions.o(i.arm_biquad_cascade_df1_init_f32) for arm_biquad_cascade_df1_init_f32
    task2.o(i.Task2) refers to rtx_delay.o(i.osDelay) for osDelay
    task2.o(i.Task2) refers to s32k144_api.o(i.ReadCanData) for ReadCanData
    task2.o(i.Task2) refers to filteringfunctions.o(i.arm_biquad_cascade_df1_f32) for arm_biquad_cascade_df1_f32
    task2.o(i.Task2) refers to rt_memcpy_v6.o(.text) for __aeabi_memcpy
    task2.o(i.Task2) refers to function.o(i.OutputLRData) for OutputLRData
    task2.o(i.Task2) refers to task2.o(.constdata) for .constdata
    task2.o(i.Task2) refers to task2.o(.bss) for state1
    task2.o(i.Task2) refers to task2.o(.data) for music_threshold
    task2.o(i.Task2) refers to function.o(.bss) for IisLeftSoundData
    task2.o(i.Task2) refers to function.o(.data) for SoundTopPoint
    task3.o(i.CanCommandVehicle) refers to s32k144_api.o(.data) for HostCommandState
    task3.o(i.CanRepeatTranProc) refers to task3.o(i.UpdateCanData) for UpdateCanData
    task3.o(i.CanRepeatTranProc) refers to s32k144_api.o(i.CANTranQueue) for CANTranQueue
    task3.o(i.CanRepeatTranProc) refers to function.o(.data) for CanRepeatBuff
    task3.o(i.Task3) refers to s32k144_api.o(i.StartAtdConver) for StartAtdConver
[...]
    __asm___13_rtx_mempool_c_7914b4c7__atomic_dec16_nz 0x0000860d   Thumb Code    26  rtx_mempool.o(.emb_text)
    __asm___13_rtx_mempool_c_7914b4c7__atomic_link_get 0x00008627   Thumb Code    26  rtx_mempool.o(.emb_text)
    __asm___13_rtx_mempool_c_7914b4c7__atomic_link_put 0x00008641   Thumb Code    28  rtx_mempool.o(.emb_text)
    __asm___14_rtx_msgqueue_c_a86a7a93__atomic_wr8 0x0000865d   Thumb Code    16  rtx_msgqueue.o(.emb_text)
    __asm___14_rtx_msgqueue_c_a86a7a93__atomic_set32 0x0000866d   Thumb Code    20  rtx_msgqueue.o(.emb_text)
    __asm___14_rtx_msgqueue_c_a86a7a93__atomic_clr32 0x00008681   Thumb Code    22  rtx_msgqueue.o(.emb_text)
    __asm___14_rtx_msgqueue_c_a86a7a93__atomic_chk32_all 0x00008697   Thumb Code    38  rtx_msgqueue.o(.emb_text)
    __asm___14_rtx_msgqueue_c_a86a7a93__atomic_chk32_any 0x000086bd   Thumb Code    34  rtx_msgqueue.o(.emb_text)
    __asm___14_rtx_msgqueue_c_a86a7a93__atomic_inc32 0x000086df   Thumb Code    18  rtx_msgqueue.o(.emb_text)
    __asm___14_rtx_msgqueue_c_a86a7a93__atomic_inc16_lt 0x000086f1   Thumb Code    30  rtx_msgqueue.o(.emb_text)
    __asm___14_rtx_msgqueue_c_a86a7a93__atomic_inc16_lim 0x0000870f   Thumb Code    26  rtx_msgqueue.o(.emb_text)
    __asm___14_rtx_msgqueue_c_a86a7a93__atomic_dec32 0x00008729   Thumb Code    18  rtx_msgqueue.o(.emb_text)
    __asm___14_rtx_msgqueue_c_a86a7a93__atomic_dec32_nz 0x0000873b   Thumb Code    26  rtx_msgqueue.o(.emb_text)
    __asm___14_rtx_msgqueue_c_a86a7a93__atomic_dec16_nz 0x00008755   Thumb Code    26  rtx_msgqueue.o(.emb_text)
    __asm___14_rtx_msgqueue_c_a86a7a93__atomic_link_get 0x0000876f   Thumb Code    26  rtx_msgqueue.o(.emb_text)
    __asm___14_rtx_msgqueue_c_a86a7a93__atomic_link_put 0x00008789   Thumb Code    28  rtx_msgqueue.o(.emb_text)
    __asm___12_rtx_system_c_024f2f18__atomic_wr8 0x000087a5   Thumb Code    16  rtx_system.o(.emb_text)
    __asm___12_rtx_system_c_024f2f18__atomic_set32 0x000087b5   Thumb Code    20  rtx_system.o(.emb_text)
    __asm___12_rtx_system_c_024f2f18__atomic_clr32 0x000087c9   Thumb Code    22  rtx_system.o(.emb_text)
    __asm___12_rtx_system_c_024f2f18__atomic_chk32_all 0x000087df   Thumb Code    38  rtx_system.o(.emb_text)
    __asm___12_rtx_system_c_024f2f18__atomic_chk32_any 0x00008805   Thumb Code    34  rtx_system.o(.emb_text)
    __asm___12_rtx_system_c_024f2f18__atomic_inc32 0x00008827   Thumb Code    18  rtx_system.o(.emb_text)
    __asm___12_rtx_system_c_024f2f18__atomic_inc16_lt 0x00008839   Thumb Code    30  rtx_system.o(.emb_text)
    __asm___12_rtx_system_c_024f2f18__atomic_inc16_lim 0x00008857   Thumb Code    26  rtx_system.o(.emb_text)
    __asm___12_rtx_system_c_024f2f18__atomic_dec32 0x00008871   Thumb Code    18  rtx_system.o(.emb_text)
    __asm___12_rtx_system_c_024f2f18__atomic_dec32_nz 0x00008883   Thumb Code    26  rtx_system.o(.emb_text)
    __asm___12_rtx_system_c_024f2f18__atomic_dec16_nz 0x0000889d   Thumb Code    26  rtx_system.o(.emb_text)
    __asm___12_rtx_system_c_024f2f18__atomic_link_get 0x000088b7   Thumb Code    26  rtx_system.o(.emb_text)
    __asm___12_rtx_system_c_024f2f18__atomic_link_put 0x000088d1   Thumb Code    28  rtx_system.o(.emb_text)
    __asm___12_rtx_thread_c_add96be5__atomic_wr8 0x000088ed   Thumb Code    16  rtx_thread.o(.emb_text)
    __asm___12_rtx_thread_c_add96be5__atomic_set32 0x000088fd   Thumb Code    20  rtx_thread.o(.emb_text)
    __asm___12_rtx_thread_c_add96be5__atomic_clr32 0x00008911   Thumb Code    22  rtx_thread.o(.emb_text)
    __asm___12_rtx_thread_c_add96be5__atomic_chk32_all 0x00008927   Thumb Code    38  rtx_thread.o(.emb_text)
    __asm___12_rtx_thread_c_add96be5__atomic_chk32_any 0x0000894d   Thumb Code    34  rtx_thread.o(.emb_text)
    __asm___12_rtx_thread_c_add96be5__atomic_inc32 0x0000896f   Thumb Code    18  rtx_thread.o(.emb_text)
    __asm___12_rtx_thread_c_add96be5__atomic_inc16_lt 0x00008981   Thumb Code    30  rtx_thread.o(.emb_text)
    __asm___12_rtx_thread_c_add96be5__atomic_inc16_lim 0x0000899f   Thumb Code    26  rtx_thread.o(.emb_text)
    __asm___12_rtx_thread_c_add96be5__atomic_dec32 0x000089b9   Thumb Code    18  rtx_thread.o(.emb_text)
    __asm___12_rtx_thread_c_add96be5__atomic_dec32_nz 0x000089cb   Thumb Code    26  rtx_thread.o(.emb_text)
    __asm___12_rtx_thread_c_add96be5__atomic_dec16_nz 0x000089e5   Thumb Code    26  rtx_thread.o(.emb_text)
    __asm___12_rtx_thread_c_add96be5__atomic_link_get 0x000089ff   Thumb Code    26  rtx_thread.o(.emb_text)
    __asm___12_rtx_thread_c_add96be5__atomic_link_put 0x00008a19   Thumb Code    28  rtx_thread.o(.emb_text)
    __asm___15_EventRecorder_c_e8d3082c__atomic_inc8 0x00008a35   Thumb Code    18  eventrecorder.o(.emb_text)
    __asm___15_EventRecorder_c_e8d3082c__atomic_inc32 0x00008a47   Thumb Code    18  eventrecorder.o(.emb_text)
    __asm___15_EventRecorder_c_e8d3082c__atomic_xch32 0x00008a59   Thumb Code    16  eventrecorder.o(.emb_text)
    __asm___15_EventRecorder_c_e8d3082c__LockRecord 0x00008a69   Thumb Code    34  eventrecorder.o(.emb_text)
    __asm___15_EventRecorder_c_e8d3082c__UnlockRecord 0x00008a8b   Thumb Code    30  eventrecorder.o(.emb_text)
    SVC_Handler                              0x00008aa9   Thumb Code   156  irq_armv7m.o(.text)
    PendSV_Handler                           0x00008b45   Thumb Code    16  irq_armv7m.o(.text)
    SysTick_Handler                          0x00008b55   Thumb Code    16  irq_armv7m.o(.text)
    Reset_Handler                            0x00008b71   Thumb Code    18  startup_s32k144.o(.text)
    NMI_Handler                              0x00008b83   Thumb Code     2  startup_s32k144.o(.text)
    HardFault_Handler                        0x00008b85   Thumb Code     2  startup_s32k144.o(.text)
    MemManage_Handler                        0x00008b87   Thumb Code     2  startup_s32k144.o(.text)
    BusFault_Handler                         0x00008b89   Thumb Code     2  startup_s32k144.o(.text)
    UsageFault_Handler                       0x00008b8b   Thumb Code     2  startup_s32k144.o(.text)
    DebugMon_Handler                         0x00008b8f   Thumb Code     2  startup_s32k144.o(.text)
    ADC0_IRQHandler                          0x00008b95   Thumb Code     0  startup_s32k144.o(.text)
    ADC1_IRQHandler                          0x00008b95   Thumb Code     0  startup_s32k144.o(.text)
    CAN0_Error_IRQHandler                    0x00008b95   Thumb Code     0  startup_s32k144.o(.text)
    CAN0_ORed_0_15_MB_IRQHandler             0x00008b95   Thumb Code     0  startup_s32k144.o(.text)
    CAN0_ORed_16_31_MB_IRQHandler            0x00008b95   Thumb Code     0  startup_s32k144.o(.text)
    CAN0_ORed_IRQHandler                     0x00008b95   Thumb Code     0  startup_s32k144.o(.text)
    CAN0_Wake_Up_IRQHandler                  0x00008b95   Thumb Code     0  startup_s32k144.o(.text)
    CAN1_Error_IRQHandler                    0x00008b95   Thumb Code     0  startup_s32k144.o(.text)
    CAN1_ORed_0_15_MB_IRQHandler             0x00008b95   Thumb Code     0  startup_s32k144.o(.text)
    CAN1_ORed_IRQHandler                     0x00008b95   Thumb Code     0  startup_s32k144.o(.text)
    CAN2_Error_IRQHandler                    0x00008b95   Thumb Code     0  startup_s32k144.o(.text)
    CAN2_ORed_0_15_MB_IRQHandler             0x00008b95   Thumb Code     0  startup_s32k144.o(.text)
    CAN2_ORed_IRQHandler                     0x00008b95   Thumb Code     0  startup_s32k144.o(.text)
    CMP0_IRQHandler                          0x00008b95   Thumb Code     0  startup_s32k144.o(.text)
    DMA0_IRQHandler                          0x00008b95   Thumb Code     0  startup_s32k144.o(.text)
    DMA10_IRQHandler                         0x00008b95   Thumb Code     0  startup_s32k144.o(.text)
    DMA11_IRQHandler                         0x00008b95   Thumb Code     0  startup_s32k144.o(.text)
    DMA12_IRQHandler                         0x00008b95   Thumb Code     0  startup_s32k144.o(.text)
    DMA13_IRQHandler                         0x00008b95   Thumb Code     0  startup_s32k144.o(.text)
    DMA14_IRQHandler                         0x00008b95   Thumb Code     0  startup_s32k144.o(.text)
    DMA15_IRQHandler                         0x00008b95   Thumb Code     0  startup_s32k144.o(.text)
    DMA1_IRQHandler                          0x00008b95   Thumb Code     0  startup_s32k144.o(.text)
    DMA2_IRQHandler                          0x00008b95   Thumb Code     0  startup_s32k144.o(.text)
    DMA3_IRQHandler                          0x00008b95   Thumb Code     0  startup_s32k144.o(.text)
    DMA4_IRQHandler                          0x00008b95   Thumb Code     0  startup_s32k144.o(.text)
    DMA5_IRQHandler                          0x00008b95   Thumb Code     0  startup_s32k144.o(.text)
    DMA6_IRQHandler                          0x00008b95   Thumb Code     0  startup_s32k144.o(.text)
    DMA7_IRQHandler                          0x00008b95   Thumb Code     0  startup_s32k144.o(.text)
    DMA8_IRQHandler                          0x00008b95   Thumb Code     0  startup_s32k144.o(.text)
    DMA9_IRQHandler                          0x00008b95   Thumb Code     0  startup_s32k144.o(.text)
    DMA_Error_IRQHandler                     0x00008b95   Thumb Code     0  startup_s32k144.o(.text)
    DefaultISR                               0x00008b95   Thumb Code     0  startup_s32k144.o(.text)
    ERM_double_fault_IRQHandler              0x00008b95   Thumb Code     0  startup_s32k144.o(.text)
    ERM_single_fault_IRQHandler              0x00008b95   Thumb Code     0  startup_s32k144.o(.text)
    FLEXIO_IRQHandler                        0x00008b95   Thumb Code     0  startup_s32k144.o(.text)
    FTFC_Fault_IRQHandler                    0x00008b95   Thumb Code     0  startup_s32k144.o(.text)
    FTFC_IRQHandler                          0x00008b95   Thumb Code     0  startup_s32k144.o(.text)
    FTM0_Ch0_Ch1_IRQHandler                  0x00008b95   Thumb Code     0  startup_s32k144.o(.text)
    FTM0_Ch2_Ch3_IRQHandler                  0x00008b95   Thumb Code     0  startup_s32k144.o(.text)
    FTM0_Ch4_Ch5_IRQHandler                  0x00008b95   Thumb Code     0  startup_s32k144.o(.text)
    FTM0_Ch6_Ch7_IRQHandler                  0x00008b95   Thumb Code     0  startup_s32k144.o(.text)
    FTM0_Fault_IRQHandler                    0x00008b95   Thumb Code     0  startup_s32k144.o(.text)
    FTM0_Ovf_Reload_IRQHandler               0x00008b95   Thumb Code     0  startup_s32k144.o(.text)
    FTM1_Ch0_Ch1_IRQHandler                  0x00008b95   Thumb Code     0  startup_s32k144.o(.text)
    FTM1_Ch2_Ch3_IRQHandler                  0x00008b95   Thumb Code     0  startup_s32k144.o(.text)
    FTM1_Ch4_Ch5_IRQHandler                  0x00008b95   Thumb Code     0  startup_s32k144.o(.text)
    FTM1_Ch6_Ch7_IRQHandler                  0x00008b95   Thumb Code     0  startup_s32k144.o(.text)
    FTM1_Fault_IRQHandler                    0x00008b95   Thumb Code     0  startup_s32k144.o(.text)
    FTM1_Ovf_Reload_IRQHandler               0x00008b95   Thumb Code     0  startup_s32k144.o(.text)
    FTM2_Ch0_Ch1_IRQHandler                  0x00008b95   Thumb Code     0  startup_s32k144.o(.text)
    FTM2_Ch2_Ch3_IRQHandler                  0x00008b95   Thumb Code     0  startup_s32k144.o(.text)
    FTM2_Ch4_Ch5_IRQHandler                  0x00008b95   Thumb Code     0  startup_s32k144.o(.text)
    FTM2_Ch6_Ch7_IRQHandler                  0x00008b95   Thumb Code     0  startup_s32k144.o(.text)
    FTM2_Fault_IRQHandler                    0x00008b95   Thumb Code     0  startup_s32k144.o(.text)
    FTM2_Ovf_Reload_IRQHandler               0x00008b95   Thumb Code     0  startup_s32k144.o(.text)
    FTM3_Ch0_Ch1_IRQHandler                  0x00008b95   Thumb Code     0  startup_s32k144.o(.text)
    FTM3_Ch2_Ch3_IRQHandler                  0x00008b95   Thumb Code     0  startup_s32k144.o(.text)
    FTM3_Ch4_Ch5_IRQHandler                  0x00008b95   Thumb Code     0  startup_s32k144.o(.text)
    FTM3_Ch6_Ch7_IRQHandler                  0x00008b95   Thumb Code     0  startup_s32k144.o(.text)
    FTM3_Fault_IRQHandler                    0x00008b95   Thumb Code     0  startup_s32k144.o(.text)
    FTM3_Ovf_Reload_IRQHandler               0x00008b95   Thumb Code     0  startup_s32k144.o(.text)
    LPI2C0_Master_IRQHandler                 0x00008b95   Thumb Code     0  startup_s32k144.o(.text)
    LPI2C0_Slave_IRQHandler                  0x00008b95   Thumb Code     0  startup_s32k144.o(.text)
    LPIT0_Ch0_IRQHandler                     0x00008b95   Thumb Code     0  startup_s32k144.o(.text)
    LPIT0_Ch1_IRQHandler                     0x00008b95   Thumb Code     0  startup_s32k144.o(.text)
    LPIT0_Ch2_IRQHandler                     0x00008b95   Thumb Code     0  startup_s32k144.o(.text)
    LPIT0_Ch3_IRQHandler                     0x00008b95   Thumb Code     0  startup_s32k144.o(.text)
    LPSPI0_IRQHandler                        0x00008b95   Thumb Code     0  startup_s32k144.o(.text)
    LPSPI1_IRQHandler                        0x00008b95   Thumb Code     0  startup_s32k144.o(.text)
    LPSPI2_IRQHandler                        0x00008b95   Thumb Code     0  startup_s32k144.o(.text)
    LPTMR0_IRQHandler                        0x00008b95   Thumb Code     0  startup_s32k144.o(.text)
    LPUART0_RxTx_IRQHandler                  0x00008b95   Thumb Code     0  startup_s32k144.o(.text)
    LPUART1_RxTx_IRQHandler                  0x00008b95   Thumb Code     0  startup_s32k144.o(.text)
    LPUART2_RxTx_IRQHandler                  0x00008b95   Thumb Code     0  startup_s32k144.o(.text)
    LVD_LVW_IRQHandler                       0x00008b95   Thumb Code     0  startup_s32k144.o(.text)
    MCM_IRQHandler                           0x00008b95   Thumb Code     0  startup_s32k144.o(.text)
    PDB0_IRQHandler                          0x00008b95   Thumb Code     0  startup_s32k144.o(.text)
    PDB1_IRQHandler                          0x00008b95   Thumb Code     0  startup_s32k144.o(.text)
    PORTA_IRQHandler                         0x00008b95   Thumb Code     0  startup_s32k144.o(.text)
    PORTB_IRQHandler                         0x00008b95   Thumb Code     0  startup_s32k144.o(.text)
    PORTC_IRQHandler                         0x00008b95   Thumb Code     0  startup_s32k144.o(.text)
    PORTD_IRQHandler                         0x00008b95   Thumb Code     0  startup_s32k144.o(.text)
    PORTE_IRQHandler                         0x00008b95   Thumb Code     0  startup_s32k144.o(.text)
    RCM_IRQHandler                           0x00008b95   Thumb Code     0  startup_s32k144.o(.text)
    RTC_IRQHandler                           0x00008b95   Thumb Code     0  startup_s32k144.o(.text)
    RTC_Seconds_IRQHandler                   0x00008b95   Thumb Code     0  startup_s32k144.o(.text)
    Read_Collision_IRQHandler                0x00008b95   Thumb Code     0  startup_s32k144.o(.text)
    Reserved100_IRQHandler                   0x00008b95   Thumb Code     0  startup_s32k144.o(.text)
    Reserved103_IRQHandler                   0x00008b95   Thumb Code     0  startup_s32k144.o(.text)
    Reserved105_IRQHandler                   0x00008b95   Thumb Code     0  startup_s32k144.o(.text)
    Reserved106_IRQHandler                   0x00008b95   Thumb Code     0  startup_s32k144.o(.text)
    Reserved107_IRQHandler                   0x00008b95   Thumb Code     0  startup_s32k144.o(.text)
    Reserved110_IRQHandler                   0x00008b95   Thumb Code     0  startup_s32k144.o(.text)
    Reserved112_IRQHandler                   0x00008b95   Thumb Code     0  startup_s32k144.o(.text)
    Reserved113_IRQHandler                   0x00008b95   Thumb Code     0  startup_s32k144.o(.text)
    Reserved114_IRQHandler                   0x00008b95   Thumb Code     0  startup_s32k144.o(.text)
    Reserved45_IRQHandler                    0x00008b95   Thumb Code     0  startup_s32k144.o(.text)
    Reserved46_IRQHandler                    0x00008b95   Thumb Code     0  startup_s32k144.o(.text)
    Reserved48_IRQHandler                    0x00008b95   Thumb Code     0  startup_s32k144.o(.text)
    Reserved50_IRQHandler                    0x00008b95   Thumb Code     0  startup_s32k144.o(.text)
    Reserved52_IRQHandler                    0x00008b95   Thumb Code     0  startup_s32k144.o(.text)
    Reserved53_IRQHandler                    0x00008b95   Thumb Code     0  startup_s32k144.o(.text)
    Reserved54_IRQHandler                    0x00008b95   Thumb Code     0  startup_s32k144.o(.text)
    Reserved58_IRQHandler                    0x00008b95   Thumb Code     0  startup_s32k144.o(.text)
    Reserved59_IRQHandler                    0x00008b95   Thumb Code     0  startup_s32k144.o(.text)
    Reserved69_IRQHandler                    0x00008b95   Thumb Code     0  startup_s32k144.o(.text)
    Reserved70_IRQHandler                    0x00008b95   Thumb Code     0  startup_s32k144.o(.text)
    Reserved71_IRQHandler                    0x00008b95   Thumb Code     0  startup_s32k144.o(.text)
    Reserved72_IRQHandler                    0x00008b95   Thumb Code     0  startup_s32k144.o(.text)
    Reserved81_IRQHandler                    0x00008b95   Thumb Code     0  startup_s32k144.o(.text)
    Reserved82_IRQHandler                    0x00008b95   Thumb Code     0  startup_s32k144.o(.text)
    Reserved83_IRQHandler                    0x00008b95   Thumb Code     0  startup_s32k144.o(.text)
    Reserved86_IRQHandler                    0x00008b95   Thumb Code     0  startup_s32k144.o(.text)
    Reserved87_IRQHandler                    0x00008b95   Thumb Code     0  startup_s32k144.o(.text)
    Reserved88_IRQHandler                    0x00008b95   Thumb Code     0  startup_s32k144.o(.text)
    Reserved89_IRQHandler                    0x00008b95   Thumb Code     0  startup_s32k144.o(.text)
    Reserved90_IRQHandler                    0x00008b95   Thumb Code     0  startup_s32k144.o(.text)
    Reserved91_IRQHandler                    0x00008b95   Thumb Code     0  startup_s32k144.o(.text)
    Reserved92_IRQHandler                    0x00008b95   Thumb Code     0  startup_s32k144.o(.text)
    Reserved93_IRQHandler                    0x00008b95   Thumb Code     0  startup_s32k144.o(.text)
    Reserved99_IRQHandler                    0x00008b95   Thumb Code     0  startup_s32k144.o(.text)
    SCG_IRQHandler                           0x00008b95   Thumb Code     0  startup_s32k144.o(.text)
    SWI_IRQHandler                           0x00008b95   Thumb Code     0  startup_s32k144.o(.text)
    WDOG_EWM_IRQHandler                      0x00008b95   Thumb Code     0  startup_s32k144.o(.text)
    __aeabi_memcpy                           0x00008ba9   Thumb Code     0  rt_memcpy_v6.o(.text)
    __rt_memcpy                              0x00008ba9   Thumb Code   138  rt_memcpy_v6.o(.text)
    _memcpy_lastbytes                        0x00008c0f   Thumb Code     0  rt_memcpy_v6.o(.text)
    __aeabi_memcpy4                          0x00008c33   Thumb Code     0  rt_memcpy_w.o(.text)
    __aeabi_memcpy8                          0x00008c33   Thumb Code     0  rt_memcpy_w.o(.text)
    __rt_memcpy_w                            0x00008c33   Thumb Code   100  rt_memcpy_w.o(.text)
    _memcpy_lastbytes_aligned                0x00008c7b   Thumb Code     0  rt_memcpy_w.o(.text)
    __aeabi_memclr                           0x00008c97   Thumb Code     0  rt_memclr.o(.text)
    __rt_memclr                              0x00008c97   Thumb Code    68  rt_memclr.o(.text)
    _memset                                  0x00008c9b   Thumb Code     0  rt_memclr.o(.text)
    __aeabi_memclr4                          0x00008cdb   Thumb Code     0  rt_memclr_w.o(.text)
    __aeabi_memclr8                          0x00008cdb   Thumb Code     0  rt_memclr_w.o(.text)
    __rt_memclr_w                            0x00008cdb   Thumb Code    78  rt_memclr_w.o(.text)
    _memset_w                                0x00008cdf   Thumb Code     0  rt_memclr_w.o(.text)
    exit                                     0x00008d29   Thumb Code    18  exit.o(.text)
    _sys_exit                                0x00008d3d   Thumb Code     8  sys_exit.o(.text)
    __I$use$semihosting                      0x00008d49   Thumb Code     0  use_no_semi.o(.text)
    __use_no_semihosting_swi                 0x00008d49   Thumb Code     2  use_no_semi.o(.text)
    Long Thumb to Thumb Veneer to FlexRamParden 0x00008d4b   Thumb Code    10  anon$$obj.o(Veneer$$Code)
    __semihosting_library_function           0x00008d4b   Thumb Code     0  indicate_semi.o(.text)
    _fp_init                                 0x00008d55   Thumb Code    18  rtx_lib.o(i.$Sub$$_fp_init)
    AutoCalibrationATD                       0x00008d6d   Thumb Code    74  s32k144_api.o(i.AutoCalibrationATD)
    CANTranQueue                             0x00008dbd   Thumb Code   108  s32k144_api.o(i.CANTranQueue)
    CanCommandVehicle                        0x00008e4d   Thumb Code   124  task3.o(i.CanCommandVehicle)
    CanRepeatTranProc                        0x00008ed5   Thumb Code   396  task3.o(i.CanRepeatTranProc)
    DisableDma                               0x00009069   Thumb Code    14  s32k144_api.o(i.DisableDma)
    DmaInitial                               0x0000907d   Thumb Code   164  s32k144_api.o(i.DmaInitial)
    EnableCanClock                           0x00009141   Thumb Code    50  s32k144_api.o(i.EnableCanClock)
    EventRecord2                             0x000091dd   Thumb Code    70  eventrecorder.o(i.EventRecord2)
    EventRecord4                             0x00009223   Thumb Code   118  eventrecorder.o(i.EventRecord4)
    EventRecorderEnable                      0x00009371   Thumb Code    88  eventrecorder.o(i.EventRecorderEnable)
    EventRecorderInitialize                  0x000093cd   Thumb Code   270  eventrecorder.o(i.EventRecorderInitialize)
    EventRecorderStart                       0x000094f5   Thumb Code    40  eventrecorder.o(i.EventRecorderStart)
    EventRecorderTimerGetCount               0x00009525   Thumb Code     6  eventrecorder.o(i.EventRecorderTimerGetCount)
    EventRecorderTimerGetFreq                0x00009531   Thumb Code     6  eventrecorder.o(i.EventRecorderTimerGetFreq)
    EventRecorderTimerSetup                  0x0000953d   Thumb Code    28  eventrecorder.o(i.EventRecorderTimerSetup)
    EvrRtxDelay                              0x00009561   Thumb Code    16  rtx_evr.o(i.EvrRtxDelay)
    EvrRtxDelayCompleted                     0x00009575   Thumb Code    16  rtx_evr.o(i.EvrRtxDelayCompleted)
    EvrRtxDelayError                         0x00009589   Thumb Code    18  rtx_evr.o(i.EvrRtxDelayError)
    EvrRtxDelayStarted                       0x0000959d   Thumb Code    16  rtx_evr.o(i.EvrRtxDelayStarted)
    EvrRtxEventFlagsWaitTimeout              0x000095b1   Thumb Code    16  rtx_evr.o(i.EvrRtxEventFlagsWaitTimeout)
    EvrRtxKernelError                        0x000095c5   Thumb Code    18  rtx_evr.o(i.EvrRtxKernelError)
    EvrRtxKernelErrorNotify                  0x000095d7   Thumb Code    20  rtx_evr.o(i.EvrRtxKernelErrorNotify)
    EvrRtxKernelGetState                     0x000095ed   Thumb Code    16  rtx_evr.o(i.EvrRtxKernelGetState)
    EvrRtxKernelGetTickCount                 0x00009601   Thumb Code    16  rtx_evr.o(i.EvrRtxKernelGetTickCount)
    EvrRtxKernelInitialize                   0x00009615   Thumb Code    14  rtx_evr.o(i.EvrRtxKernelInitialize)
    EvrRtxKernelInitialized                  0x00009629   Thumb Code    14  rtx_evr.o(i.EvrRtxKernelInitialized)
    EvrRtxKernelStart                        0x0000963d   Thumb Code    14  rtx_evr.o(i.EvrRtxKernelStart)
    EvrRtxKernelStarted                      0x00009651   Thumb Code    14  rtx_evr.o(i.EvrRtxKernelStarted)
    EvrRtxMemoryAlloc                        0x00009665   Thumb Code    26  rtx_evr.o(i.EvrRtxMemoryAlloc)
    EvrRtxMemoryBlockAlloc                   0x00009685   Thumb Code    18  rtx_evr.o(i.EvrRtxMemoryBlockAlloc)
    EvrRtxMemoryBlockFree                    0x0000969d   Thumb Code    26  rtx_evr.o(i.EvrRtxMemoryBlockFree)
    EvrRtxMemoryBlockInit                    0x000096bd   Thumb Code    26  rtx_evr.o(i.EvrRtxMemoryBlockInit)
    EvrRtxMemoryFree                         0x000096dd   Thumb Code    26  rtx_evr.o(i.EvrRtxMemoryFree)
    EvrRtxMemoryInit                         0x000096fd   Thumb Code    28  rtx_evr.o(i.EvrRtxMemoryInit)
    EvrRtxMessageQueueCreated                0x00009719   Thumb Code    18  rtx_evr.o(i.EvrRtxMessageQueueCreated)
    EvrRtxMessageQueueError                  0x00009731   Thumb Code    20  rtx_evr.o(i.EvrRtxMessageQueueError)
    EvrRtxMessageQueueGet                    0x00009745   Thumb Code    26  rtx_evr.o(i.EvrRtxMessageQueueGet)
    EvrRtxMessageQueueGetPending             0x00009765   Thumb Code    26  rtx_evr.o(i.EvrRtxMessageQueueGetPending)
    EvrRtxMessageQueueGetTimeout             0x00009785   Thumb Code    16  rtx_evr.o(i.EvrRtxMessageQueueGetTimeout)
    EvrRtxMessageQueueInsertPending          0x00009799   Thumb Code    18  rtx_evr.o(i.EvrRtxMessageQueueInsertPending)
    EvrRtxMessageQueueInserted               0x000097b1   Thumb Code    18  rtx_evr.o(i.EvrRtxMessageQueueInserted)
    EvrRtxMessageQueueNotInserted            0x000097c9   Thumb Code    18  rtx_evr.o(i.EvrRtxMessageQueueNotInserted)
    EvrRtxMessageQueueNotRetrieved           0x000097e1   Thumb Code    18  rtx_evr.o(i.EvrRtxMessageQueueNotRetrieved)
    EvrRtxMessageQueuePut                    0x000097f9   Thumb Code    26  rtx_evr.o(i.EvrRtxMessageQueuePut)
    EvrRtxMessageQueuePutPending             0x00009819   Thumb Code    26  rtx_evr.o(i.EvrRtxMessageQueuePutPending)
    EvrRtxMessageQueuePutTimeout             0x00009839   Thumb Code    16  rtx_evr.o(i.EvrRtxMessageQueuePutTimeout)
    EvrRtxMessageQueueRetrieved              0x0000984d   Thumb Code    18  rtx_evr.o(i.EvrRtxMessageQueueRetrieved)
    EvrRtxMutexAcquire                       0x00009865   Thumb Code    18  rtx_evr.o(i.EvrRtxMutexAcquire)
    EvrRtxMutexAcquirePending                0x0000987d   Thumb Code    18  rtx_evr.o(i.EvrRtxMutexAcquirePending)
    EvrRtxMutexAcquireTimeout                0x00009895   Thumb Code    16  rtx_evr.o(i.EvrRtxMutexAcquireTimeout)
    EvrRtxMutexAcquired                      0x000098a9   Thumb Code    18  rtx_evr.o(i.EvrRtxMutexAcquired)
    EvrRtxMutexCreated                       0x000098c1   Thumb Code    18  rtx_evr.o(i.EvrRtxMutexCreated)
    EvrRtxMutexDelete                        0x000098d9   Thumb Code    16  rtx_evr.o(i.EvrRtxMutexDelete)
    EvrRtxMutexDestroyed                     0x000098ed   Thumb Code    16  rtx_evr.o(i.EvrRtxMutexDestroyed)
    EvrRtxMutexError                         0x00009901   Thumb Code    20  rtx_evr.o(i.EvrRtxMutexError)
    EvrRtxMutexNew                           0x00009915   Thumb Code    16  rtx_evr.o(i.EvrRtxMutexNew)
    EvrRtxMutexNotAcquired                   0x00009929   Thumb Code    16  rtx_evr.o(i.EvrRtxMutexNotAcquired)
    EvrRtxMutexRelease                       0x0000993d   Thumb Code    16  rtx_evr.o(i.EvrRtxMutexRelease)
    EvrRtxMutexReleased                      0x00009951   Thumb Code    18  rtx_evr.o(i.EvrRtxMutexReleased)
    EvrRtxSemaphoreAcquireTimeout            0x00009969   Thumb Code    16  rtx_evr.o(i.EvrRtxSemaphoreAcquireTimeout)
    EvrRtxThreadBlocked                      0x0000997d   Thumb Code    18  rtx_evr.o(i.EvrRtxThreadBlocked)
    EvrRtxThreadCreated                      0x00009995   Thumb Code    36  rtx_evr.o(i.EvrRtxThreadCreated)
    EvrRtxThreadDestroyed                    0x000099bd   Thumb Code    16  rtx_evr.o(i.EvrRtxThreadDestroyed)
    EvrRtxThreadError                        0x000099d1   Thumb Code    20  rtx_evr.o(i.EvrRtxThreadError)
    EvrRtxThreadExit                         0x000099e5   Thumb Code    14  rtx_evr.o(i.EvrRtxThreadExit)
    EvrRtxThreadFlagsWaitCompleted           0x000099f9   Thumb Code    26  rtx_evr.o(i.EvrRtxThreadFlagsWaitCompleted)
    EvrRtxThreadFlagsWaitTimeout             0x00009a19   Thumb Code    16  rtx_evr.o(i.EvrRtxThreadFlagsWaitTimeout)
    EvrRtxThreadJoined                       0x00009a2d   Thumb Code    16  rtx_evr.o(i.EvrRtxThreadJoined)
    EvrRtxThreadNew                          0x00009a41   Thumb Code    26  rtx_evr.o(i.EvrRtxThreadNew)
    EvrRtxThreadPreempted                    0x00009a61   Thumb Code    16  rtx_evr.o(i.EvrRtxThreadPreempted)
    EvrRtxThreadSwitched                     0x00009a75   Thumb Code    16  rtx_evr.o(i.EvrRtxThreadSwitched)
    EvrRtxThreadUnblocked                    0x00009a89   Thumb Code    18  rtx_evr.o(i.EvrRtxThreadUnblocked)
    EvrRtxTimerCallback                      0x00009aa1   Thumb Code    18  rtx_evr.o(i.EvrRtxTimerCallback)
    FTM0_PWM_init                            0x00009ab9   Thumb Code   214  s32k144_api.o(i.FTM0_PWM_init)
    FTM0_init                                0x00009b95   Thumb Code    62  s32k144_api.o(i.FTM0_init)
    FTM1_PWM_init                            0x00009bdd   Thumb Code   214  s32k144_api.o(i.FTM1_PWM_init)
    FTM1_init                                0x00009cb9   Thumb Code    62  s32k144_api.o(i.FTM1_init)
    FlexIOInit                               0x00009d01   Thumb Code   126  s32k144_api.o(i.FlexIOInit)
    FlexioDmaRece                            0x00009db5   Thumb Code    88  s32k144_api.o(i.FlexioDmaRece)
    FlexramEeprom                            0x00009e19   Thumb Code    62  s32k144_api.o(i.FlexramEeprom)
    Fmt0Dma0Tran                             0x00009e5d   Thumb Code    60  s32k144_api.o(i.Fmt0Dma0Tran)
    Fmt1Dma1Tran                             0x00009ea5   Thumb Code    58  s32k144_api.o(i.Fmt1Dma1Tran)
    Fmt1Dma2Tran                             0x00009eed   Thumb Code    70  s32k144_api.o(i.Fmt1Dma2Tran)
    Fmt1Dma3Tran                             0x00009f41   Thumb Code    70  s32k144_api.o(i.Fmt1Dma3Tran)
    GetAtdResult                             0x00009f95   Thumb Code   190  s32k144_api.o(i.GetAtdResult)
    GetSoundDrvPosition                      0x0000a091   Thumb Code    10  s32k144_api.o(i.GetSoundDrvPosition)
    InitATD                                  0x0000a0a1   Thumb Code    46  s32k144_api.o(i.InitATD)
    InitCan                                  0x0000a0d9   Thumb Code   404  s32k144_api.o(i.InitCan)
    InitHardware                             0x0000a27d   Thumb Code   426  s32k144_api.o(i.InitHardware)
    InitVarent                               0x0000a475   Thumb Code   368  function.o(i.InitVarent)
    OS_Tick_AcknowledgeIRQ                   0x0000a7dd   Thumb Code     8  os_systick.o(i.OS_Tick_AcknowledgeIRQ)
    OS_Tick_Enable                           0x0000a7e5   Thumb Code    38  os_systick.o(i.OS_Tick_Enable)
    OS_Tick_GetIRQn                          0x0000a815   Thumb Code     6  os_systick.o(i.OS_Tick_GetIRQn)
    OS_Tick_Setup                            0x0000a81d   Thumb Code    66  os_systick.o(i.OS_Tick_Setup)
    OutputLRData                             0x0000a86d   Thumb Code   262  function.o(i.OutputLRData)
    ReadCanData                              0x0000a9a1   Thumb Code   196  s32k144_api.o(i.ReadCanData)
    StartAtdConver                           0x0000aa81   Thumb Code    24  s32k144_api.o(i.StartAtdConver)
    StartFtmCounter                          0x0000aaa1   Thumb Code    58  s32k144_api.o(i.StartFtmCounter)
    SystemCoreClockConfigure                 0x0000aae9   Thumb Code   244  s32k144_api.o(i.SystemCoreClockConfigure)
    SystemCoreClockUpdate                    0x0000abf9   Thumb Code   138  system_s32k144.o(i.SystemCoreClockUpdate)
    SystemInit                               0x0000aca5   Thumb Code    48  system_s32k144.o(i.SystemInit)
    Task1                                    0x0000ace5   Thumb Code    10  task1.o(i.Task1)
    Task2                                    0x0000acf1   Thumb Code   566  task2.o(i.Task2)
    Task3                                    0x0000af6d   Thumb Code    54  task3.o(i.Task3)
    Task4                                    0x0000afad   Thumb Code    18  task4.o(i.Task4)
    TranCan                                  0x0000b075   Thumb Code   186  s32k144_api.o(i.TranCan)
    UpdateCanData                            0x0000b13d   Thumb Code   174  task3.o(i.UpdateCanData)
    _mutex_acquire                           0x0000b213   Thumb Code    22  rtx_lib.o(i._mutex_acquire)
    _mutex_free                              0x0000b229   Thumb Code    12  rtx_lib.o(i._mutex_free)
    _mutex_initialize                        0x0000b235   Thumb Code    34  rtx_lib.o(i._mutex_initialize)
    _mutex_release                           0x0000b257   Thumb Code    18  rtx_lib.o(i._mutex_release)
    _platform_post_stackheap_init            0x0000b269   Thumb Code     8  rtx_lib.o(i._platform_post_stackheap_init)
    app_main                                 0x0000b271   Thumb Code   122  maintask.o(i.app_main)
    arm_biquad_cascade_df1_f32               0x0000b325   Thumb Code   172  filteringfunctions.o(i.arm_biquad_cascade_df1_f32)
    arm_biquad_cascade_df1_init_f32          0x0000b3d1   Thumb Code    30  filteringfunctions.o(i.arm_biquad_cascade_df1_init_f32)
    ccpCommand                               0x0000b439   Thumb Code   848  ccp.o(i.ccpCommand)
    ccpDaq                                   0x0000b795   Thumb Code   232  ccp.o(i.ccpDaq)
    ccpGetPointer                            0x0000b881   Thumb Code     6  ccp_can_interface.o(i.ccpGetPointer)
    ccpInit                                  0x0000b889   Thumb Code    22  ccp.o(i.ccpInit)
    ccpSend                                  0x0000ba75   Thumb Code    80  ccp_can_interface.o(i.ccpSend)
    ccpSendCrm                               0x0000bac9   Thumb Code    52  ccp.o(i.ccpSendCrm)
    init_data_bss                            0x0000bccd   Thumb Code    68  startup.o(i.init_data_bss)
    main                                     0x0000be99   Thumb Code    82  main.o(i.main)
    osDelay                                  0x0000bef9   Thumb Code    54  rtx_delay.o(i.osDelay)
    osKernelGetState                         0x0000bf35   Thumb Code    44  rtx_kernel.o(i.osKernelGetState)
    osKernelGetTickCount                     0x0000bf65   Thumb Code    38  rtx_kernel.o(i.osKernelGetTickCount)
    osKernelInitialize                       0x0000bf91   Thumb Code    52  rtx_kernel.o(i.osKernelInitialize)
    osKernelStart                            0x0000bfc9   Thumb Code    48  rtx_kernel.o(i.osKernelStart)
    osMessageQueueGet                        0x0000bffd   Thumb Code    78  rtx_msgqueue.o(i.osMessageQueueGet)
    osMessageQueuePut                        0x0000c051   Thumb Code    78  rtx_msgqueue.o(i.osMessageQueuePut)
    osMutexAcquire                           0x0000c0a5   Thumb Code    62  rtx_mutex.o(i.osMutexAcquire)
    osMutexDelete                            0x0000c0e9   Thumb Code    56  rtx_mutex.o(i.osMutexDelete)
    osMutexNew                               0x0000c125   Thumb Code    54  rtx_mutex.o(i.osMutexNew)
    osMutexRelease                           0x0000c161   Thumb Code    56  rtx_mutex.o(i.osMutexRelease)
    osRtxErrorNotify                         0x0000c19d   Thumb Code    32  rtx_config.o(i.osRtxErrorNotify)
    osRtxIdleThread                          0x0000c1bd   Thumb Code   346  rtx_config.o(i.osRtxIdleThread)
    osRtxKernelErrorNotify                   0x0000c349   Thumb Code    24  rtx_kernel.o(i.osRtxKernelErrorNotify)
    osRtxKernelPreInit                       0x0000c36d   Thumb Code     2  rtx_kernel.o(i.osRtxKernelPreInit)
    osRtxMemoryAlloc                         0x0000c36f   Thumb Code   238  rtx_memory.o(i.osRtxMemoryAlloc)
    osRtxMemoryFree                          0x0000c45d   Thumb Code   124  rtx_memory.o(i.osRtxMemoryFree)
    osRtxMemoryInit                          0x0000c4d9   Thumb Code   106  rtx_memory.o(i.osRtxMemoryInit)
    osRtxMemoryPoolAlloc                     0x0000c543   Thumb Code    48  rtx_mempool.o(i.osRtxMemoryPoolAlloc)
    osRtxMemoryPoolFree                      0x0000c573   Thumb Code    68  rtx_mempool.o(i.osRtxMemoryPoolFree)
    osRtxMemoryPoolInit                      0x0000c5b7   Thumb Code    88  rtx_mempool.o(i.osRtxMemoryPoolInit)
    osRtxMessageQueueTimerSetup              0x0000c719   Thumb Code    36  rtx_msgqueue.o(i.osRtxMessageQueueTimerSetup)
    osRtxMutexOwnerRelease                   0x0000c745   Thumb Code   102  rtx_mutex.o(i.osRtxMutexOwnerRelease)
    osRtxMutexOwnerRestore                   0x0000c7ab   Thumb Code    88  rtx_mutex.o(i.osRtxMutexOwnerRestore)
    osRtxPendSV_Handler                      0x0000c805   Thumb Code   130  rtx_system.o(i.osRtxPendSV_Handler)
    osRtxPostProcess                         0x0000c88d   Thumb Code    50  rtx_system.o(i.osRtxPostProcess)
    osRtxThreadDelayTick                     0x0000c9d1   Thumb Code   234  rtx_thread.o(i.osRtxThreadDelayTick)
    osRtxThreadDispatch                      0x0000cb01   Thumb Code   102  rtx_thread.o(i.osRtxThreadDispatch)
    osRtxThreadListGet                       0x0000cc03   Thumb Code    26  rtx_thread.o(i.osRtxThreadListGet)
    osRtxThreadListPut                       0x0000cc1d   Thumb Code    44  rtx_thread.o(i.osRtxThreadListPut)
    osRtxThreadListRemove                    0x0000cc49   Thumb Code    26  rtx_thread.o(i.osRtxThreadListRemove)
    osRtxThreadListSort                      0x0000cc73   Thumb Code    42  rtx_thread.o(i.osRtxThreadListSort)
    osRtxThreadReadyPut                      0x0000ccd1   Thumb Code    18  rtx_thread.o(i.osRtxThreadReadyPut)
    osRtxThreadRegPtr                        0x0000cce9   Thumb Code    24  rtx_thread.o(i.osRtxThreadRegPtr)
    osRtxThreadStackCheck                    0x0000cd19   Thumb Code    28  rtx_thread.o(i.osRtxThreadStackCheck)
    osRtxThreadStartup                       0x0000cd39   Thumb Code    76  rtx_thread.o(i.osRtxThreadStartup)
    osRtxThreadSwitch                        0x0000cd91   Thumb Code    20  rtx_thread.o(i.osRtxThreadSwitch)
    osRtxThreadWaitEnter                     0x0000cda9   Thumb Code    72  rtx_thread.o(i.osRtxThreadWaitEnter)
    osRtxThreadWaitExit                      0x0000cdf5   Thumb Code    54  rtx_thread.o(i.osRtxThreadWaitExit)
    osRtxTick_Handler                        0x0000ce2d   Thumb Code   152  rtx_system.o(i.osRtxTick_Handler)
    osRtxTimerSetup                          0x0000cec9   Thumb Code    24  rtx_timer.o(i.osRtxTimerSetup)
    osRtxTimerThread                         0x0000cee9   Thumb Code    44  rtx_timer.o(i.osRtxTimerThread)
    osThreadExit                             0x0000cfa5   Thumb Code    28  rtx_thread.o(i.osThreadExit)
    osThreadNew                              0x0000cfc5   Thumb Code    70  rtx_thread.o(i.osThreadNew)
    $Super$$_fp_init                         0x0000dddd   Thumb Code    10  fpinit.o(x$fpl$fpinit)
    __fplib_config_fpu_vfp                   0x0000dde5   Thumb Code     0  fpinit.o(x$fpl$fpinit)
    __fplib_config_pureend_doubles           0x0000dde5   Thumb Code     0  fpinit.o(x$fpl$fpinit)
    app_main_attr                            0x0000dde8   Data          36  maintask.o(.constdata)
    app_Task1_attr                           0x0000de0c   Data          36  maintask.o(.constdata)
    app_Task2_attr                           0x0000de30   Data          36  maintask.o(.constdata)
    app_Task3_attr                           0x0000de54   Data          36  maintask.o(.constdata)
    app_Task4_attr                           0x0000de78   Data          36  maintask.o(.constdata)
    irqRtxLib                                0x0000deec   Data           1  irq_armv7m.o(.constdata)
    irqRtxLibRef                             0x0000df50   Data           4  rtx_lib.o(.constdata)
    osRtxUserSVC                             0x0000df54   Data           4  rtx_lib.o(.constdata)
    EventRecorderInfo                        0x0000df58   Data          24  eventrecorder.o(.constdata)
    osRtxConfig                              0x0000df90   Data         112  rtx_lib.o(.rodata)
    os_cb_sections                           0x0000e000   Data          56  rtx_lib.o(.rodata)
    Region$$Table$$Base                      0x0000e038   Number         0  anon$$obj.o(Region$$Table)
    Region$$Table$$Limit                     0x0000e078   Number         0  anon$$obj.o(Region$$Table)
    IisDataBuffer                            0x1fff8000   Data        4020  function.o(.bss)
    Image$$RW_m_data$$Base                   0x1fff8000   Number         0  anon$$obj.o ABSOLUTE
    SoundOutputCH1                           0x1fff8fb4   Data        4010  function.o(.bss)
    SoundOutputCH2                           0x1fff9f5e   Data        4010  function.o(.bss)
    SoundOutputCH3                           0x1fffaf08   Data        4010  function.o(.bss)
    SoundOutputCH4                           0x1fffbeb2   Data        4010  function.o(.bss)
    IisLeftSoundData                         0x1fffce5c   Data        2000  function.o(.bss)
    IisRightSoundData                        0x1fffd62c   Data        2000  function.o(.bss)
    FlexRamParden                            0x20000001   Thumb Code    82  s32k144_api.o(RAMCODE)
    EepromQuickWrite                         0x20000053   Thumb Code   104  s32k144_api.o(RAMCODE)
    EraseFlashSector                         0x200000bb   Thumb Code    62  s32k144_api.o(RAMCODE)
    WriteFlash                               0x200000f9   Thumb Code    96  s32k144_api.o(RAMCODE)
    .bss.os.msgqueue.cb$$Base                0x20000a14   Number         0  rtx_lib.o(.bss.os.msgqueue.cb)
    .bss.os.msgqueue.cb$$Limit               0x20000a48   Number         0  rtx_lib.o(.bss.os.msgqueue.cb)
    .bss.os.thread.cb$$Base                  0x20000a98   Number         0  rtx_lib.o(.bss.os.thread.cb)
    .bss.os.thread.cb$$Limit                 0x20000b20   Number         0  rtx_lib.o(.bss.os.thread.cb)
    Can0TranTop                              0x20000ce8   Data           4  s32k144_api.o(.data)
    Can0TranTail                             0x20000cec   Data           4  s32k144_api.o(.data)
    Can1TranTop                              0x20000cf0   Data           4  s32k144_api.o(.data)
    Can1TranTail                             0x20000cf4   Data           4  s32k144_api.o(.data)
    Can2TranTop                              0x20000cf8   Data           4  s32k144_api.o(.data)
    Can2TranTail                             0x20000cfc   Data           4  s32k144_api.o(.data)
    Can0RecePosition                         0x20000d00   Data           4  s32k144_api.o(.data)
    Can1RecePosition                         0x20000d04   Data           4  s32k144_api.o(.data)
    Can2RecePosition                         0x20000d08   Data           4  s32k144_api.o(.data)
    HostCommandState                         0x20000d0c   Data           4  s32k144_api.o(.data)
    SystemTicksPrev                          0x20000d10   Data           4  s32k144_api.o(.data)
    HostData                                 0x20000d14   Data           8  s32k144_api.o(.data)
    CcpDataBuff                              0x20000d1c   Data           8  s32k144_api.o(.data)
    Atd0Pos                                  0x20000d24   Data           4  s32k144_api.o(.data)
    UbVoltageValue                           0x20000d28   Data           4  s32k144_api.o(.data)
    Ad2428Vout2Value                         0x20000d2c   Data           4  s32k144_api.o(.data)
    AD2428PowerValue                         0x20000d30   Data           4  s32k144_api.o(.data)
    UbVoltageBuff                            0x20000d34   Data           4  s32k144_api.o(.data)
    Ad2428Vout2Buff                          0x20000d38   Data           4  s32k144_api.o(.data)
    Ad2428PowerBuff                          0x20000d3c   Data           4  s32k144_api.o(.data)
    UbVoltage                                0x20000d40   Data           4  s32k144_api.o(.data)
    Ad2428Vout2                              0x20000d44   Data           4  s32k144_api.o(.data)
    Ad2428Power                              0x20000d48   Data           4  s32k144_api.o(.data)
    tid_Task1                                0x20000d4c   Data           4  maintask.o(.data)
    tid_Task2                                0x20000d50   Data           4  maintask.o(.data)
    tid_Task3                                0x20000d54   Data           4  maintask.o(.data)
    tid_Task4                                0x20000d58   Data           4  maintask.o(.data)
    FILTER_ORDER                             0x20000d5c   Data           4  task2.o(.data)
    split_size                               0x20000d60   Data           4  task2.o(.data)
    scaleValue                               0x20000d64   Data           4  task2.o(.data)
    SoundNumber                              0x20000d6c   Data           4  task3.o(.data)
    SoundNumber1                             0x20000d70   Data           4  task3.o(.data)
    CanRepeatBuff                            0x20000d74   Data         112  function.o(.data)
    SysTickTime                              0x20000de4   Data           4  function.o(.data)
    SystemTimes                              0x20000de8   Data           4  function.o(.data)
    IisReceTop                               0x20000dec   Data           4  function.o(.data)
    IisReceBottom                            0x20000df0   Data           4  function.o(.data)
    ReceDataSize                             0x20000df4   Data           4  function.o(.data)
    SoundTopPoint                            0x20000df8   Data           4  function.o(.data)
    SoundBottomPoint                         0x20000dfc   Data           4  function.o(.data)
    SoundDataLength                          0x20000e00   Data           4  function.o(.data)
    SoundDriveMark                           0x20000e04   Data           4  function.o(.data)
    SoundDrvTop                              0x20000e08   Data           4  function.o(.data)
    SoundDrvBottom                           0x20000e0c   Data           4  function.o(.data)
    ccpStationId                             0x20000e10   Data           9  ccp.o(.data)
    CRC16CCITTtab                            0x20000e1a   Data         512  ccp.o(.data)
    SystemCoreClock                          0x2000101c   Data           4  system_s32k144.o(.data)
    osRtxInfo                                0x20001020   Data         164  rtx_kernel.o(.data.os)
    Can0TranBuffer                           0x200010c4   Data         640  s32k144_api.o(.bss)
    Can1TranBuffer                           0x20001344   Data          80  s32k144_api.o(.bss)
    Can2TranBuffer                           0x20001394   Data          80  s32k144_api.o(.bss)
    Can0ReceBuffer                           0x200013e4   Data         512  s32k144_api.o(.bss)
    Can1ReceBuffer                           0x200015e4   Data          80  s32k144_api.o(.bss)
    Can2ReceBuffer                           0x20001634   Data          80  s32k144_api.o(.bss)
    app_main_stk                             0x20001688   Data        1024  maintask.o(.bss)
    app_Task1_stk                            0x20001a88   Data        1024  maintask.o(.bss)
    app_Task2_stk                            0x20001e88   Data        1024  maintask.o(.bss)
    app_Task3_stk                            0x20002288   Data        1024  maintask.o(.bss)
    app_Task4_stk                            0x20002688   Data        1024  maintask.o(.bss)
    BUFFER1                                  0x20002a88   Data         200  task2.o(.bss)
    BUFFER2                                  0x20002b50   Data         200  task2.o(.bss)
    ccp                                      0x20002c64   Data        5672  ccp.o(.bss)
    Image$$ARM_LIB_HEAP$$ZI$$Base            0x20004464   Number         0  anon$$obj.o ABSOLUTE
    Image$$ARM_LIB_HEAP$$ZI$$Limit           0x20004664   Number         0  anon$$obj.o ABSOLUTE
    Image$$ARM_LIB_STACK$$ZI$$Limit          0x20007000   Number         0  anon$$obj.o ABSOLUTE



==============================================================================

Memory Map of the image

  Image Entry point : 0x00008411

  Load Region LR_m_text (Base: 0x00008410, Size: 0x00006c8c, Max: 0x00077bf0, ABSOLUTE, COMPRESSED[0x00006034])

    Execution Region ER_m_text (Exec base: 0x00008410, Load base: 0x00008410, Size: 0x00005c68, Max: 0x00077bf0, ABSOLUTE)

    Exec Addr    Load Addr    Size         Type   Attr      Idx    E Section Name        Object

    0x00008410   0x00008410   0x00000008   Code   RO        10278  * !!!main             c_w.l(__main.o)
    0x00008418   0x00008418   0x00000034   Code   RO        10663    !!!scatter          c_w.l(__scatter.o)
    0x0000844c   0x0000844c   0x0000005a   Code   RO        10661    !!dczerorl2         c_w.l(__dczerorl2.o)
    0x000084a6   0x000084a6   0x00000002   PAD
    0x000084a8   0x000084a8   0x0000001a   Code   RO        10665    !!handler_copy      c_w.l(__scatter_copy.o)
    0x000084c2   0x000084c2   0x00000002   PAD
    0x000084c4   0x000084c4   0x0000001c   Code   RO        10667    !!handler_zi        c_w.l(__scatter_zi.o)
    0x000084e0   0x000084e0   0x00000002   Code   RO        10530    .ARM.Collect$$libinit$$00000000  c_w.l(libinit.o)
    0x000084e2   0x000084e2   0x00000004   Code   RO        10541    .ARM.Collect$$libinit$$00000001  c_w.l(libinit2.o)
    0x000084e6   0x000084e6   0x00000000   Code   RO        10544    .ARM.Collect$$libinit$$00000004  c_w.l(libinit2.o)
    0x000084e6   0x000084e6   0x00000000   Code   RO        10547    .ARM.Collect$$libinit$$0000000A  c_w.l(libinit2.o)
    0x000084e6   0x000084e6   0x00000000   Code   RO        10549    .ARM.Collect$$libinit$$0000000C  c_w.l(libinit2.o)
    0x000084e6   0x000084e6   0x00000000   Code   RO        10551    .ARM.Collect$$libinit$$0000000E  c_w.l(libinit2.o)
    0x000084e6   0x000084e6   0x00000000   Code   RO        10554    .ARM.Collect$$libinit$$00000011  c_w.l(libinit2.o)
    0x000084e6   0x000084e6   0x00000000   Code   RO        10556    .ARM.Collect$$libinit$$00000013  c_w.l(libinit2.o)
    0x000084e6   0x000084e6   0x00000000   Code   RO        10558    .ARM.Collect$$libinit$$00000015  c_w.l(libinit2.o)
    0x000084e6   0x000084e6   0x00000000   Code   RO        10560    .ARM.Collect$$libinit$$00000017  c_w.l(libinit2.o)
    0x000084e6   0x000084e6   0x00000000   Code   RO        10562    .ARM.Collect$$libinit$$00000019  c_w.l(libinit2.o)
    0x000084e6   0x000084e6   0x00000000   Code   RO        10564    .ARM.Collect$$libinit$$0000001B  c_w.l(libinit2.o)
    0x000084e6   0x000084e6   0x00000000   Code   RO        10566    .ARM.Collect$$libinit$$0000001D  c_w.l(libinit2.o)
    0x000084e6   0x000084e6   0x00000000   Code   RO        10568    .ARM.Collect$$libinit$$0000001F  c_w.l(libinit2.o)
    0x000084e6   0x000084e6   0x00000000   Code   RO        10570    .ARM.Collect$$libinit$$00000021  c_w.l(libinit2.o)
    0x000084e6   0x000084e6   0x00000000   Code   RO        10572    .ARM.Collect$$libinit$$00000023  c_w.l(libinit2.o)
    0x000084e6   0x000084e6   0x00000000   Code   RO        10574    .ARM.Collect$$libinit$$00000025  c_w.l(libinit2.o)
    0x000084e6   0x000084e6   0x00000000   Code   RO        10578    .ARM.Collect$$libinit$$0000002C  c_w.l(libinit2.o)
    0x000084e6   0x000084e6   0x00000000   Code   RO        10580    .ARM.Collect$$libinit$$0000002E  c_w.l(libinit2.o)
    0x000084e6   0x000084e6   0x00000000   Code   RO        10582    .ARM.Collect$$libinit$$00000030  c_w.l(libinit2.o)
    0x000084e6   0x000084e6   0x00000000   Code   RO        10584    .ARM.Collect$$libinit$$00000032  c_w.l(libinit2.o)
    0x000084e6   0x000084e6   0x00000002   Code   RO        10585    .ARM.Collect$$libinit$$00000033  c_w.l(libinit2.o)
    0x000084e8   0x000084e8   0x00000002   Code   RO        10618    .ARM.Collect$$libshutdown$$00000000  c_w.l(libshutdown.o)
    0x000084ea   0x000084ea   0x00000000   Code   RO        10644    .ARM.Collect$$libshutdown$$00000002  c_w.l(libshutdown2.o)
    0x000084ea   0x000084ea   0x00000000   Code   RO        10646    .ARM.Collect$$libshutdown$$00000004  c_w.l(libshutdown2.o)
    0x000084ea   0x000084ea   0x00000000   Code   RO        10649    .ARM.Collect$$libshutdown$$00000007  c_w.l(libshutdown2.o)
    0x000084ea   0x000084ea   0x00000000   Code   RO        10652    .ARM.Collect$$libshutdown$$0000000A  c_w.l(libshutdown2.o)
    0x000084ea   0x000084ea   0x00000000   Code   RO        10654    .ARM.Collect$$libshutdown$$0000000C  c_w.l(libshutdown2.o)
    0x000084ea   0x000084ea   0x00000000   Code   RO        10657    .ARM.Collect$$libshutdown$$0000000F  c_w.l(libshutdown2.o)
    0x000084ea   0x000084ea   0x00000002   Code   RO        10658    .ARM.Collect$$libshutdown$$00000010  c_w.l(libshutdown2.o)
    0x000084ec   0x000084ec   0x00000000   Code   RO        10426    .ARM.Collect$$rtentry$$00000000  c_w.l(__rtentry.o)
    0x000084ec   0x000084ec   0x00000000   Code   RO        10488    .ARM.Collect$$rtentry$$00000002  c_w.l(__rtentry2.o)
    0x000084ec   0x000084ec   0x00000004   Code   RO        10502    .ARM.Collect$$rtentry$$00000007  c_w.l(__rtentry7.o)
    0x000084f0   0x000084f0   0x00000008   Code   RO        10489    .ARM.Collect$$rtentry$$00000008  c_w.l(__rtentry2.o)
    0x000084f8   0x000084f8   0x00000004   Code   RO        10491    .ARM.Collect$$rtentry$$0000000A  c_w.l(__rtentry2.o)
    0x000084fc   0x000084fc   0x00000000   Code   RO        10493    .ARM.Collect$$rtentry$$0000000C  c_w.l(__rtentry2.o)
    0x000084fc   0x000084fc   0x00000008   Code   RO        10494    .ARM.Collect$$rtentry$$0000000D  c_w.l(__rtentry2.o)
    0x00008504   0x00008504   0x00000004   Code   RO        10503    .ARM.Collect$$rtentry$$00002718  c_w.l(__rtentry7.o)
    0x00008508   0x00008508   0x00000002   Code   RO        10533    .ARM.Collect$$rtexit$$00000000  c_w.l(rtexit.o)
    0x0000850a   0x0000850a   0x00000000   Code   RO        10596    .ARM.Collect$$rtexit$$00000002  c_w.l(rtexit2.o)
    0x0000850a   0x0000850a   0x00000004   Code   RO        10597    .ARM.Collect$$rtexit$$00000003  c_w.l(rtexit2.o)
    0x0000850e   0x0000850e   0x00000006   Code   RO        10598    .ARM.Collect$$rtexit$$00000004  c_w.l(rtexit2.o)
    0x00008514   0x00008514   0x00000148   Code   RO         7806    .emb_text           rtx_mempool.o
    0x0000865c   0x0000865c   0x00000148   Code   RO         7963    .emb_text           rtx_msgqueue.o
    0x000087a4   0x000087a4   0x00000148   Code   RO         8378    .emb_text           rtx_system.o
    0x000088ec   0x000088ec   0x00000148   Code   RO         8434    .emb_text           rtx_thread.o
    0x00008a34   0x00008a34   0x00000074   Code   RO         9131    .emb_text           eventrecorder.o
    0x00008aa8   0x00008aa8   0x000000c8   Code   RO         6250    .text               irq_armv7m.o
    0x00008b70   0x00008b70   0x00000038   Code   RO        10213    .text               startup_s32k144.o
    0x00008ba8   0x00008ba8   0x0000008a   Code   RO        10270    .text               c_w.l(rt_memcpy_v6.o)
    0x00008c32   0x00008c32   0x00000064   Code   RO        10272    .text               c_w.l(rt_memcpy_w.o)
    0x00008c96   0x00008c96   0x00000044   Code   RO        10274    .text               c_w.l(rt_memclr.o)
    0x00008cda   0x00008cda   0x0000004e   Code   RO        10276    .text               c_w.l(rt_memclr_w.o)
    0x00008d28   0x00008d28   0x00000012   Code   RO        10521    .text               c_w.l(exit.o)
    0x00008d3a   0x00008d3a   0x00000002   PAD
    0x00008d3c   0x00008d3c   0x0000000c   Code   RO        10590    .text               c_w.l(sys_exit.o)
    0x00008d48   0x00008d48   0x00000002   Code   RO        10592    .text               c_w.l(use_no_semi.o)
    0x00008d4a   0x00008d4a   0x00000000   Code   RO        10594    .text               c_w.l(indicate_semi.o)
    0x00008d4a   0x00008d4a   0x0000000a   Ven    RO        10669    Veneer$$Code        anon$$obj.o
    0x00008d54   0x00008d54   0x00000018   Code   RO         7670    i.$Sub$$_fp_init    rtx_lib.o
    0x00008d6c   0x00008d6c   0x00000050   Code   RO           98    i.AutoCalibrationATD  s32k144_api.o
    0x00008dbc   0x00008dbc   0x00000090   Code   RO           99    i.CANTranQueue      s32k144_api.o
    0x00008e4c   0x00008e4c   0x00000088   Code   RO          574    i.CanCommandVehicle  task3.o
    0x00008ed4   0x00008ed4   0x00000194   Code   RO          575    i.CanRepeatTranProc  task3.o
    0x00009068   0x00009068   0x00000014   Code   RO          101    i.DisableDma        s32k144_api.o
    0x0000907c   0x0000907c   0x000000c4   Code   RO          102    i.DmaInitial        s32k144_api.o
    0x00009140   0x00009140   0x00000038   Code   RO          105    i.EnableCanClock    s32k144_api.o
    0x00009178   0x00009178   0x00000028   Code   RO         9132    i.EventCheckFilter  eventrecorder.o
    0x000091a0   0x000091a0   0x0000003c   Code   RO         9133    i.EventGetTS        eventrecorder.o
    0x000091dc   0x000091dc   0x00000046   Code   RO         9134    i.EventRecord2      eventrecorder.o
    0x00009222   0x00009222   0x00000076   Code   RO         9135    i.EventRecord4      eventrecorder.o
    0x00009298   0x00009298   0x000000d8   Code   RO         9137    i.EventRecordItem   eventrecorder.o
    0x00009370   0x00009370   0x0000005c   Code   RO         9140    i.EventRecorderEnable  eventrecorder.o
    0x000093cc   0x000093cc   0x00000128   Code   RO         9141    i.EventRecorderInitialize  eventrecorder.o
    0x000094f4   0x000094f4   0x00000030   Code   RO         9142    i.EventRecorderStart  eventrecorder.o
    0x00009524   0x00009524   0x0000000c   Code   RO         9144    i.EventRecorderTimerGetCount  eventrecorder.o
    0x00009530   0x00009530   0x0000000c   Code   RO         9145    i.EventRecorderTimerGetFreq  eventrecorder.o
    0x0000953c   0x0000953c   0x00000024   Code   RO         9146    i.EventRecorderTimerSetup  eventrecorder.o
    0x00009560   0x00009560   0x00000014   Code   RO         6489    i.EvrRtxDelay       rtx_evr.o
    0x00009574   0x00009574   0x00000014   Code   RO         6490    i.EvrRtxDelayCompleted  rtx_evr.o
    0x00009588   0x00009588   0x00000012   Code   RO         6491    i.EvrRtxDelayError  rtx_evr.o
    0x0000959a   0x0000959a   0x00000002   PAD
    0x0000959c   0x0000959c   0x00000014   Code   RO         6492    i.EvrRtxDelayStarted  rtx_evr.o
    0x000095b0   0x000095b0   0x00000014   Code   RO         6510    i.EvrRtxEventFlagsWaitTimeout  rtx_evr.o
    0x000095c4   0x000095c4   0x00000012   Code   RO         6511    i.EvrRtxKernelError  rtx_evr.o
    0x000095d6   0x000095d6   0x00000014   Code   RO         6512    i.EvrRtxKernelErrorNotify  rtx_evr.o
    0x000095ea   0x000095ea   0x00000002   PAD
    0x000095ec   0x000095ec   0x00000014   Code   RO         6514    i.EvrRtxKernelGetState  rtx_evr.o
    0x00009600   0x00009600   0x00000014   Code   RO         6517    i.EvrRtxKernelGetTickCount  rtx_evr.o
    0x00009614   0x00009614   0x00000014   Code   RO         6520    i.EvrRtxKernelInitialize  rtx_evr.o
    0x00009628   0x00009628   0x00000014   Code   RO         6521    i.EvrRtxKernelInitialized  rtx_evr.o
    0x0000963c   0x0000963c   0x00000014   Code   RO         6528    i.EvrRtxKernelStart  rtx_evr.o
    0x00009650   0x00009650   0x00000014   Code   RO         6529    i.EvrRtxKernelStarted  rtx_evr.o
    0x00009664   0x00009664   0x00000020   Code   RO         6534    i.EvrRtxMemoryAlloc  rtx_evr.o
    0x00009684   0x00009684   0x00000018   Code   RO         6535    i.EvrRtxMemoryBlockAlloc  rtx_evr.o
    0x0000969c   0x0000969c   0x00000020   Code   RO         6536    i.EvrRtxMemoryBlockFree  rtx_evr.o
    0x000096bc   0x000096bc   0x00000020   Code   RO         6537    i.EvrRtxMemoryBlockInit  rtx_evr.o
    0x000096dc   0x000096dc   0x00000020   Code   RO         6538    i.EvrRtxMemoryFree  rtx_evr.o
    0x000096fc   0x000096fc   0x0000001c   Code   RO         6539    i.EvrRtxMemoryInit  rtx_evr.o
    0x00009718   0x00009718   0x00000018   Code   RO         6540    i.EvrRtxMessageQueueCreated  rtx_evr.o
    0x00009730   0x00009730   0x00000014   Code   RO         6543    i.EvrRtxMessageQueueError  rtx_evr.o
    0x00009744   0x00009744   0x00000020   Code   RO         6544    i.EvrRtxMessageQueueGet  rtx_evr.o
    0x00009764   0x00009764   0x00000020   Code   RO         6549    i.EvrRtxMessageQueueGetPending  rtx_evr.o
    0x00009784   0x00009784   0x00000014   Code   RO         6551    i.EvrRtxMessageQueueGetTimeout  rtx_evr.o
    0x00009798   0x00009798   0x00000018   Code   RO         6552    i.EvrRtxMessageQueueInsertPending  rtx_evr.o
    0x000097b0   0x000097b0   0x00000018   Code   RO         6553    i.EvrRtxMessageQueueInserted  rtx_evr.o
    0x000097c8   0x000097c8   0x00000018   Code   RO         6555    i.EvrRtxMessageQueueNotInserted  rtx_evr.o
    0x000097e0   0x000097e0   0x00000018   Code   RO         6556    i.EvrRtxMessageQueueNotRetrieved  rtx_evr.o
    0x000097f8   0x000097f8   0x00000020   Code   RO         6557    i.EvrRtxMessageQueuePut  rtx_evr.o
    0x00009818   0x00009818   0x00000020   Code   RO         6558    i.EvrRtxMessageQueuePutPending  rtx_evr.o
    0x00009838   0x00009838   0x00000014   Code   RO         6559    i.EvrRtxMessageQueuePutTimeout  rtx_evr.o
    0x0000984c   0x0000984c   0x00000018   Code   RO         6562    i.EvrRtxMessageQueueRetrieved  rtx_evr.o
    0x00009864   0x00009864   0x00000018   Code   RO         6563    i.EvrRtxMutexAcquire  rtx_evr.o
    0x0000987c   0x0000987c   0x00000018   Code   RO         6564    i.EvrRtxMutexAcquirePending  rtx_evr.o
    0x00009894   0x00009894   0x00000014   Code   RO         6565    i.EvrRtxMutexAcquireTimeout  rtx_evr.o
    0x000098a8   0x000098a8   0x00000018   Code   RO         6566    i.EvrRtxMutexAcquired  rtx_evr.o
    0x000098c0   0x000098c0   0x00000018   Code   RO         6567    i.EvrRtxMutexCreated  rtx_evr.o
    0x000098d8   0x000098d8   0x00000014   Code   RO         6568    i.EvrRtxMutexDelete  rtx_evr.o
    0x000098ec   0x000098ec   0x00000014   Code   RO         6569    i.EvrRtxMutexDestroyed  rtx_evr.o
    0x00009900   0x00009900   0x00000014   Code   RO         6570    i.EvrRtxMutexError  rtx_evr.o
    0x00009914   0x00009914   0x00000014   Code   RO         6573    i.EvrRtxMutexNew    rtx_evr.o
    0x00009928   0x00009928   0x00000014   Code   RO         6574    i.EvrRtxMutexNotAcquired  rtx_evr.o
    0x0000993c   0x0000993c   0x00000014   Code   RO         6575    i.EvrRtxMutexRelease  rtx_evr.o
    0x00009950   0x00009950   0x00000018   Code   RO         6576    i.EvrRtxMutexReleased  rtx_evr.o
    0x00009968   0x00009968   0x00000014   Code   RO         6579    i.EvrRtxSemaphoreAcquireTimeout  rtx_evr.o
    0x0000997c   0x0000997c   0x00000018   Code   RO         6591    i.EvrRtxThreadBlocked  rtx_evr.o
    0x00009994   0x00009994   0x00000028   Code   RO         6592    i.EvrRtxThreadCreated  rtx_evr.o
    0x000099bc   0x000099bc   0x00000014   Code   RO         6593    i.EvrRtxThreadDestroyed  rtx_evr.o
    0x000099d0   0x000099d0   0x00000014   Code   RO         6597    i.EvrRtxThreadError  rtx_evr.o
    0x000099e4   0x000099e4   0x00000014   Code   RO         6598    i.EvrRtxThreadExit  rtx_evr.o
    0x000099f8   0x000099f8   0x00000020   Code   RO         6606    i.EvrRtxThreadFlagsWaitCompleted  rtx_evr.o
    0x00009a18   0x00009a18   0x00000014   Code   RO         6609    i.EvrRtxThreadFlagsWaitTimeout  rtx_evr.o
    0x00009a2c   0x00009a2c   0x00000014   Code   RO         6619    i.EvrRtxThreadJoined  rtx_evr.o
    0x00009a40   0x00009a40   0x00000020   Code   RO         6620    i.EvrRtxThreadNew   rtx_evr.o
    0x00009a60   0x00009a60   0x00000014   Code   RO         6621    i.EvrRtxThreadPreempted  rtx_evr.o
    0x00009a74   0x00009a74   0x00000014   Code   RO         6628    i.EvrRtxThreadSwitched  rtx_evr.o
    0x00009a88   0x00009a88   0x00000018   Code   RO         6630    i.EvrRtxThreadUnblocked  rtx_evr.o
    0x00009aa0   0x00009aa0   0x00000018   Code   RO         6632    i.EvrRtxTimerCallback  rtx_evr.o
    0x00009ab8   0x00009ab8   0x000000dc   Code   RO          106    i.FTM0_PWM_init     s32k144_api.o
    0x00009b94   0x00009b94   0x00000048   Code   RO          107    i.FTM0_init         s32k144_api.o
    0x00009bdc   0x00009bdc   0x000000dc   Code   RO          108    i.FTM1_PWM_init     s32k144_api.o
    0x00009cb8   0x00009cb8   0x00000048   Code   RO          109    i.FTM1_init         s32k144_api.o
    0x00009d00   0x00009d00   0x000000b4   Code   RO          110    i.FlexIOInit        s32k144_api.o
    0x00009db4   0x00009db4   0x00000064   Code   RO          111    i.FlexioDmaRece     s32k144_api.o
    0x00009e18   0x00009e18   0x00000044   Code   RO          112    i.FlexramEeprom     s32k144_api.o
    0x00009e5c   0x00009e5c   0x00000048   Code   RO          113    i.Fmt0Dma0Tran      s32k144_api.o
    0x00009ea4   0x00009ea4   0x00000048   Code   RO          114    i.Fmt1Dma1Tran      s32k144_api.o
    0x00009eec   0x00009eec   0x00000054   Code   RO          115    i.Fmt1Dma2Tran      s32k144_api.o
    0x00009f40   0x00009f40   0x00000054   Code   RO          116    i.Fmt1Dma3Tran      s32k144_api.o
    0x00009f94   0x00009f94   0x000000ec   Code   RO          117    i.GetAtdResult      s32k144_api.o
    0x0000a080   0x0000a080   0x00000010   Code   RO         9147    i.GetContext        eventrecorder.o
    0x0000a090   0x0000a090   0x00000010   Code   RO          119    i.GetSoundDrvPosition  s32k144_api.o
    0x0000a0a0   0x0000a0a0   0x00000038   Code   RO          120    i.InitATD           s32k144_api.o
    0x0000a0d8   0x0000a0d8   0x000001a4   Code   RO          121    i.InitCan           s32k144_api.o
    0x0000a27c   0x0000a27c   0x000001f8   Code   RO          123    i.InitHardware      s32k144_api.o
    0x0000a474   0x0000a474   0x000001e4   Code   RO          646    i.InitVarent        function.o
    0x0000a658   0x0000a658   0x00000010   Code   RO         6258    i.IsException       rtx_delay.o
    0x0000a668   0x0000a668   0x00000010   Code   RO         7439    i.IsException       rtx_kernel.o
    0x0000a678   0x0000a678   0x00000010   Code   RO         7964    i.IsException       rtx_msgqueue.o
    0x0000a688   0x0000a688   0x00000010   Code   RO         8145    i.IsException       rtx_mutex.o
    0x0000a698   0x0000a698   0x00000010   Code   RO         8435    i.IsException       rtx_thread.o
    0x0000a6a8   0x0000a6a8   0x00000018   Code   RO         6259    i.IsIrqMasked       rtx_delay.o
    0x0000a6c0   0x0000a6c0   0x00000018   Code   RO         7440    i.IsIrqMasked       rtx_kernel.o
    0x0000a6d8   0x0000a6d8   0x00000018   Code   RO         7965    i.IsIrqMasked       rtx_msgqueue.o
    0x0000a6f0   0x0000a6f0   0x00000018   Code   RO         8146    i.IsIrqMasked       rtx_mutex.o
    0x0000a708   0x0000a708   0x00000018   Code   RO         8436    i.IsIrqMasked       rtx_thread.o
    0x0000a720   0x0000a720   0x00000010   Code   RO         7441    i.IsPrivileged      rtx_kernel.o
    0x0000a730   0x0000a730   0x0000000a   Code   RO         7759    i.MemBlockPtr       rtx_memory.o
    0x0000a73a   0x0000a73a   0x00000034   Code   RO         7966    i.MessageQueueGet   rtx_msgqueue.o
    0x0000a76e   0x0000a76e   0x0000004c   Code   RO         7967    i.MessageQueuePut   rtx_msgqueue.o
    0x0000a7ba   0x0000a7ba   0x00000022   Code   RO         7968    i.MessageQueueRemove  rtx_msgqueue.o
    0x0000a7dc   0x0000a7dc   0x00000008   Code   RO         9002    i.OS_Tick_AcknowledgeIRQ  os_systick.o
    0x0000a7e4   0x0000a7e4   0x00000030   Code   RO         9004    i.OS_Tick_Enable    os_systick.o
    0x0000a814   0x0000a814   0x00000006   Code   RO         9007    i.OS_Tick_GetIRQn   os_systick.o
    0x0000a81a   0x0000a81a   0x00000002   PAD
    0x0000a81c   0x0000a81c   0x00000050   Code   RO         9010    i.OS_Tick_Setup     os_systick.o
    0x0000a86c   0x0000a86c   0x00000134   Code   RO          648    i.OutputLRData      function.o
    0x0000a9a0   0x0000a9a0   0x000000e0   Code   RO          125    i.ReadCanData       s32k144_api.o
    0x0000aa80   0x0000aa80   0x00000020   Code   RO          129    i.StartAtdConver    s32k144_api.o
    0x0000aaa0   0x0000aaa0   0x00000048   Code   RO          131    i.StartFtmCounter   s32k144_api.o
    0x0000aae8   0x0000aae8   0x00000110   Code   RO          132    i.SystemCoreClockConfigure  s32k144_api.o
    0x0000abf8   0x0000abf8   0x000000ac   Code   RO        10220    i.SystemCoreClockUpdate  system_s32k144.o
    0x0000aca4   0x0000aca4   0x00000040   Code   RO        10221    i.SystemInit        system_s32k144.o
    0x0000ace4   0x0000ace4   0x0000000a   Code   RO          440    i.Task1             task1.o
    0x0000acee   0x0000acee   0x00000002   PAD
    0x0000acf0   0x0000acf0   0x0000027c   Code   RO          475    i.Task2             task2.o
    0x0000af6c   0x0000af6c   0x00000040   Code   RO          576    i.Task3             task3.o
    0x0000afac   0x0000afac   0x00000018   Code   RO          622    i.Task4             task4.o
    0x0000afc4   0x0000afc4   0x00000056   Code   RO         8437    i.ThreadFlagsCheck  rtx_thread.o
    0x0000b01a   0x0000b01a   0x00000002   PAD
    0x0000b01c   0x0000b01c   0x00000040   Code   RO         8867    i.TimerInsert       rtx_timer.o
    0x0000b05c   0x0000b05c   0x00000018   Code   RO         8869    i.TimerUnlink       rtx_timer.o
    0x0000b074   0x0000b074   0x000000c8   Code   RO          133    i.TranCan           s32k144_api.o
    0x0000b13c   0x0000b13c   0x000000cc   Code   RO          577    i.UpdateCanData     task3.o
    0x0000b208   0x0000b208   0x0000000a   Code   RO         7444    i.__set_CONTROL     rtx_kernel.o
    0x0000b212   0x0000b212   0x00000016   Code   RO         7672    i._mutex_acquire    rtx_lib.o
    0x0000b228   0x0000b228   0x0000000c   Code   RO         7673    i._mutex_free       rtx_lib.o
    0x0000b234   0x0000b234   0x00000022   Code   RO         7674    i._mutex_initialize  rtx_lib.o
    0x0000b256   0x0000b256   0x00000012   Code   RO         7675    i._mutex_release    rtx_lib.o
    0x0000b268   0x0000b268   0x00000008   Code   RO         7676    i._platform_post_stackheap_init  rtx_lib.o
    0x0000b270   0x0000b270   0x000000b4   Code   RO          377    i.app_main          maintask.o
    0x0000b324   0x0000b324   0x000000ac   Code   RO         2465    i.arm_biquad_cascade_df1_f32  filteringfunctions.o
    0x0000b3d0   0x0000b3d0   0x0000001e   Code   RO         2468    i.arm_biquad_cascade_df1_init_f32  filteringfunctions.o
    0x0000b3ee   0x0000b3ee   0x00000002   PAD
    0x0000b3f0   0x0000b3f0   0x00000048   Code   RO          688    i.ccpClearDaqList   ccp.o
    0x0000b438   0x0000b438   0x0000035c   Code   RO          689    i.ccpCommand        ccp.o
    0x0000b794   0x0000b794   0x000000ec   Code   RO          690    i.ccpDaq            ccp.o
    0x0000b880   0x0000b880   0x00000006   Code   RO          790    i.ccpGetPointer     ccp_can_interface.o
    0x0000b886   0x0000b886   0x00000002   PAD
    0x0000b888   0x0000b888   0x0000001c   Code   RO          691    i.ccpInit           ccp.o
    0x0000b8a4   0x0000b8a4   0x00000078   Code   RO          692    i.ccpPrepareDaq     ccp.o
    0x0000b91c   0x0000b91c   0x00000030   Code   RO          693    i.ccpReadMTA        ccp.o
    0x0000b94c   0x0000b94c   0x00000128   Code   RO          694    i.ccpSampleAndSendNextDtm  ccp.o
    0x0000ba74   0x0000ba74   0x00000054   Code   RO          791    i.ccpSend           ccp_can_interface.o
    0x0000bac8   0x0000bac8   0x00000038   Code   RO          696    i.ccpSendCrm        ccp.o
    0x0000bb00   0x0000bb00   0x0000003c   Code   RO          697    i.ccpSendDtm        ccp.o
    0x0000bb3c   0x0000bb3c   0x0000004c   Code   RO          698    i.ccpStartAllPreparedDaq  ccp.o
    0x0000bb88   0x0000bb88   0x00000038   Code   RO          699    i.ccpStartDaq       ccp.o
    0x0000bbc0   0x0000bbc0   0x00000038   Code   RO          700    i.ccpStopAllDaq     ccp.o
    0x0000bbf8   0x0000bbf8   0x0000005c   Code   RO          701    i.ccpStopDaq        ccp.o
    0x0000bc54   0x0000bc54   0x00000034   Code   RO          702    i.ccpWriteMTA       ccp.o
    0x0000bc88   0x0000bc88   0x00000042   Code   RO         9148    i.crc16_ccitt       eventrecorder.o
    0x0000bcca   0x0000bcca   0x00000002   PAD
    0x0000bccc   0x0000bccc   0x00000054   Code   RO         9257    i.init_data_bss     startup.o
    0x0000bd20   0x0000bd20   0x00000082   Code   RO         7969    i.isrRtxMessageQueueGet  rtx_msgqueue.o
    0x0000bda2   0x0000bda2   0x00000086   Code   RO         7970    i.isrRtxMessageQueuePut  rtx_msgqueue.o
    0x0000be28   0x0000be28   0x00000034   Code   RO         8379    i.isr_queue_get     rtx_system.o
    0x0000be5c   0x0000be5c   0x0000003c   Code   RO         8380    i.isr_queue_put     rtx_system.o
    0x0000be98   0x0000be98   0x00000060   Code   RO            7    i.main              main.o
    0x0000bef8   0x0000bef8   0x0000003c   Code   RO         6260    i.osDelay           rtx_delay.o
    0x0000bf34   0x0000bf34   0x00000030   Code   RO         7446    i.osKernelGetState  rtx_kernel.o
    0x0000bf64   0x0000bf64   0x0000002c   Code   RO         7449    i.osKernelGetTickCount  rtx_kernel.o
    0x0000bf90   0x0000bf90   0x00000038   Code   RO         7451    i.osKernelInitialize  rtx_kernel.o
    0x0000bfc8   0x0000bfc8   0x00000034   Code   RO         7455    i.osKernelStart     rtx_kernel.o
    0x0000bffc   0x0000bffc   0x00000054   Code   RO         7972    i.osMessageQueueGet  rtx_msgqueue.o
    0x0000c050   0x0000c050   0x00000054   Code   RO         7979    i.osMessageQueuePut  rtx_msgqueue.o
    0x0000c0a4   0x0000c0a4   0x00000044   Code   RO         8147    i.osMutexAcquire    rtx_mutex.o
    0x0000c0e8   0x0000c0e8   0x0000003c   Code   RO         8148    i.osMutexDelete     rtx_mutex.o
    0x0000c124   0x0000c124   0x0000003c   Code   RO         8151    i.osMutexNew        rtx_mutex.o
    0x0000c160   0x0000c160   0x0000003c   Code   RO         8152    i.osMutexRelease    rtx_mutex.o
    0x0000c19c   0x0000c19c   0x00000020   Code   RO         9076    i.osRtxErrorNotify  rtx_config.o
    0x0000c1bc   0x0000c1bc   0x0000018c   Code   RO         9077    i.osRtxIdleThread   rtx_config.o
    0x0000c348   0x0000c348   0x00000018   Code   RO         7458    i.osRtxKernelErrorNotify  rtx_kernel.o
    0x0000c360   0x0000c360   0x0000000c   Code   RO         8441    i.osRtxKernelGetState  rtx_thread.o
    0x0000c36c   0x0000c36c   0x00000002   Code   RO         7459    i.osRtxKernelPreInit  rtx_kernel.o
    0x0000c36e   0x0000c36e   0x000000ee   Code   RO         7760    i.osRtxMemoryAlloc  rtx_memory.o
    0x0000c45c   0x0000c45c   0x0000007c   Code   RO         7761    i.osRtxMemoryFree   rtx_memory.o
    0x0000c4d8   0x0000c4d8   0x0000006a   Code   RO         7762    i.osRtxMemoryInit   rtx_memory.o
    0x0000c542   0x0000c542   0x00000030   Code   RO         7818    i.osRtxMemoryPoolAlloc  rtx_mempool.o
    0x0000c572   0x0000c572   0x00000044   Code   RO         7819    i.osRtxMemoryPoolFree  rtx_mempool.o
    0x0000c5b6   0x0000c5b6   0x00000058   Code   RO         7820    i.osRtxMemoryPoolInit  rtx_mempool.o
    0x0000c60e   0x0000c60e   0x00000108   Code   RO         7981    i.osRtxMessageQueuePostProcess  rtx_msgqueue.o
    0x0000c716   0x0000c716   0x00000002   PAD
    0x0000c718   0x0000c718   0x0000002c   Code   RO         7982    i.osRtxMessageQueueTimerSetup  rtx_msgqueue.o
    0x0000c744   0x0000c744   0x00000066   Code   RO         8153    i.osRtxMutexOwnerRelease  rtx_mutex.o
    0x0000c7aa   0x0000c7aa   0x00000058   Code   RO         8154    i.osRtxMutexOwnerRestore  rtx_mutex.o
    0x0000c802   0x0000c802   0x00000002   PAD
    0x0000c804   0x0000c804   0x00000088   Code   RO         8381    i.osRtxPendSV_Handler  rtx_system.o
    0x0000c88c   0x0000c88c   0x0000003c   Code   RO         8382    i.osRtxPostProcess  rtx_system.o
    0x0000c8c8   0x0000c8c8   0x00000040   Code   RO         8442    i.osRtxThreadBlock  rtx_thread.o
    0x0000c908   0x0000c908   0x00000068   Code   RO         8443    i.osRtxThreadDelayInsert  rtx_thread.o
    0x0000c970   0x0000c970   0x00000060   Code   RO         8444    i.osRtxThreadDelayRemove  rtx_thread.o
    0x0000c9d0   0x0000c9d0   0x000000f0   Code   RO         8445    i.osRtxThreadDelayTick  rtx_thread.o
    0x0000cac0   0x0000cac0   0x00000040   Code   RO         8446    i.osRtxThreadDestroy  rtx_thread.o
    0x0000cb00   0x0000cb00   0x0000006c   Code   RO         8447    i.osRtxThreadDispatch  rtx_thread.o
    0x0000cb6c   0x0000cb6c   0x00000064   Code   RO         8448    i.osRtxThreadFree   rtx_thread.o
    0x0000cbd0   0x0000cbd0   0x0000000c   Code   RO         8449    i.osRtxThreadGetRunning  rtx_thread.o
    0x0000cbdc   0x0000cbdc   0x00000026   Code   RO         8450    i.osRtxThreadJoinWakeup  rtx_thread.o
    0x0000cc02   0x0000cc02   0x0000001a   Code   RO         8451    i.osRtxThreadListGet  rtx_thread.o
    0x0000cc1c   0x0000cc1c   0x0000002c   Code   RO         8452    i.osRtxThreadListPut  rtx_thread.o
    0x0000cc48   0x0000cc48   0x0000001a   Code   RO         8453    i.osRtxThreadListRemove  rtx_thread.o
    0x0000cc62   0x0000cc62   0x00000010   Code   RO         8454    i.osRtxThreadListRoot  rtx_thread.o
    0x0000cc72   0x0000cc72   0x0000002a   Code   RO         8455    i.osRtxThreadListSort  rtx_thread.o
    0x0000cc9c   0x0000cc9c   0x00000034   Code   RO         8457    i.osRtxThreadPostProcess  rtx_thread.o
    0x0000ccd0   0x0000ccd0   0x00000018   Code   RO         8458    i.osRtxThreadReadyPut  rtx_thread.o
    0x0000cce8   0x0000cce8   0x00000018   Code   RO         8459    i.osRtxThreadRegPtr  rtx_thread.o
    0x0000cd00   0x0000cd00   0x0000000c   Code   RO         8460    i.osRtxThreadSetRunning  rtx_thread.o
    0x0000cd0c   0x0000cd0c   0x0000000c   Code   RO         8870    i.osRtxThreadSetRunning  rtx_timer.o
    0x0000cd18   0x0000cd18   0x00000020   Code   RO         8461    i.osRtxThreadStackCheck  rtx_thread.o
    0x0000cd38   0x0000cd38   0x00000058   Code   RO         8462    i.osRtxThreadStartup  rtx_thread.o
    0x0000cd90   0x0000cd90   0x00000018   Code   RO         8463    i.osRtxThreadSwitch  rtx_thread.o
    0x0000cda8   0x0000cda8   0x0000004c   Code   RO         8464    i.osRtxThreadWaitEnter  rtx_thread.o
    0x0000cdf4   0x0000cdf4   0x00000036   Code   RO         8465    i.osRtxThreadWaitExit  rtx_thread.o
    0x0000ce2a   0x0000ce2a   0x00000002   PAD
    0x0000ce2c   0x0000ce2c   0x0000009c   Code   RO         8383    i.osRtxTick_Handler  rtx_system.o
    0x0000cec8   0x0000cec8   0x00000020   Code   RO         8871    i.osRtxTimerSetup   rtx_timer.o
    0x0000cee8   0x0000cee8   0x0000002c   Code   RO         8872    i.osRtxTimerThread  rtx_timer.o
    0x0000cf14   0x0000cf14   0x00000090   Code   RO         8873    i.osRtxTimerTick    rtx_timer.o
    0x0000cfa4   0x0000cfa4   0x00000020   Code   RO         8468    i.osThreadExit      rtx_thread.o
    0x0000cfc4   0x0000cfc4   0x0000004c   Code   RO         8481    i.osThreadNew       rtx_thread.o
    0x0000d010   0x0000d010   0x00000020   Code   RO         7677    i.os_kernel_is_active  rtx_lib.o
    0x0000d030   0x0000d030   0x00000038   Code   RO         6262    i.svcRtxDelay       rtx_delay.o
    0x0000d068   0x0000d068   0x00000018   Code   RO         7461    i.svcRtxKernelGetState  rtx_kernel.o
    0x0000d080   0x0000d080   0x00000014   Code   RO         7464    i.svcRtxKernelGetTickCount  rtx_kernel.o
    0x0000d094   0x0000d094   0x00000218   Code   RO         7466    i.svcRtxKernelInitialize  rtx_kernel.o
    0x0000d2ac   0x0000d2ac   0x000000d4   Code   RO         7470    i.svcRtxKernelStart  rtx_kernel.o
    0x0000d380   0x0000d380   0x00000128   Code   RO         7984    i.svcRtxMessageQueueGet  rtx_msgqueue.o
    0x0000d4a8   0x0000d4a8   0x00000188   Code   RO         7990    i.svcRtxMessageQueueNew  rtx_msgqueue.o
    0x0000d630   0x0000d630   0x00000118   Code   RO         7991    i.svcRtxMessageQueuePut  rtx_msgqueue.o
    0x0000d748   0x0000d748   0x0000010c   Code   RO         8155    i.svcRtxMutexAcquire  rtx_mutex.o
    0x0000d854   0x0000d854   0x000000e4   Code   RO         8156    i.svcRtxMutexDelete  rtx_mutex.o
    0x0000d938   0x0000d938   0x000000ac   Code   RO         8159    i.svcRtxMutexNew    rtx_mutex.o
    0x0000d9e4   0x0000d9e4   0x00000110   Code   RO         8160    i.svcRtxMutexRelease  rtx_mutex.o
    0x0000daf4   0x0000daf4   0x00000068   Code   RO         8489    i.svcRtxThreadExit  rtx_thread.o
    0x0000db5c   0x0000db5c   0x00000280   Code   RO         8502    i.svcRtxThreadNew   rtx_thread.o
    0x0000dddc   0x0000dddc   0x0000000a   Code   RO        10312    x$fpl$fpinit        fz_wm.l(fpinit.o)
    0x0000dde6   0x0000dde6   0x00000002   PAD
    0x0000dde8   0x0000dde8   0x000000b4   Data   RO          379    .constdata          maintask.o
    0x0000de9c   0x0000de9c   0x00000050   Data   RO          477    .constdata          task2.o
    0x0000deec   0x0000deec   0x00000001   Data   RO         6249    .constdata          irq_armv7m.o
    0x0000deed   0x0000deed   0x00000003   PAD
    0x0000def0   0x0000def0   0x00000068   Data   RO         7685    .constdata          rtx_lib.o
    0x0000df58   0x0000df58   0x00000018   Data   RO         9150    .constdata          eventrecorder.o
    0x0000df70   0x0000df70   0x00000004   Data   RO         9258    .constdata          startup.o
    0x0000df74   0x0000df74   0x00000010   Data   RO        10223    .constdata          system_s32k144.o
    0x0000df84   0x0000df84   0x0000000b   Data   RO         7473    .conststrlit        rtx_kernel.o
    0x0000df8f   0x0000df8f   0x00000001   PAD
    0x0000df90   0x0000df90   0x000000a8   Data   RO         7687    .rodata             rtx_lib.o
    0x0000e038   0x0000e038   0x00000040   Data   RO        10659    Region$$Table       anon$$obj.o


    Execution Region RW_EEPROM_data (Exec base: 0x14000000, Load base: 0x0000e2e4, Size: 0x00000000, Max: 0x00001000, ABSOLUTE)

    **** No section assigned to this execution region ****


    Execution Region RW_m_data (Exec base: 0x1fff8000, Load base: 0x0000e078, Size: 0x00005dfc, Max: 0x00008000, ABSOLUTE)

    Exec Addr    Load Addr    Size         Type   Attr      Idx    E Section Name        Object

    0x1fff8000        -       0x00005dfc   Zero   RW          649    .bss                function.o


    Execution Region RW_MYRAM1 (Exec base: 0x20000000, Load base: 0x0000e2e4, Size: 0x00000160, Max: 0x00000200, ABSOLUTE)

    Exec Addr    Load Addr    Size         Type   Attr      Idx    E Section Name        Object

    0x20000000   0x0000e2e4   0x00000160   Code   RO           97    RAMCODE             s32k144_api.o


    Execution Region RW_m_data_2 (Exec base: 0x20000200, Load base: 0x0000e078, Size: 0x00004264, Max: 0x00006a00, ABSOLUTE, COMPRESSED[0x0000026c])

    Exec Addr    Load Addr    Size         Type   Attr      Idx    E Section Name        Object

    0x20000200   COMPRESSED   0x00000810   Data   RW         7678    .bss.os             rtx_lib.o
    0x20000a10   COMPRESSED   0x00000001   Data   RW         9011    .bss.os             os_systick.o
    0x20000a11   COMPRESSED   0x00000003   PAD
    0x20000a14   COMPRESSED   0x00000034   Data   RW         7680    .bss.os.msgqueue.cb  rtx_lib.o
    0x20000a48   COMPRESSED   0x00000050   Data   RW         7681    .bss.os.msgqueue.mem  rtx_lib.o
    0x20000a98   COMPRESSED   0x00000088   Data   RW         7682    .bss.os.thread.cb   rtx_lib.o
    0x20000b20   COMPRESSED   0x00000100   Data   RW         7683    .bss.os.thread.idle.stack  rtx_lib.o
    0x20000c20   COMPRESSED   0x000000c8   Data   RW         7684    .bss.os.thread.timer.stack  rtx_lib.o
    0x20000ce8   COMPRESSED   0x00000064   Data   RW          140    .data               s32k144_api.o
    0x20000d4c   COMPRESSED   0x00000010   Data   RW          380    .data               maintask.o
    0x20000d5c   COMPRESSED   0x00000010   Data   RW          478    .data               task2.o
    0x20000d6c   COMPRESSED   0x00000008   Data   RW          578    .data               task3.o
    0x20000d74   COMPRESSED   0x0000009c   Data   RW          650    .data               function.o
    0x20000e10   COMPRESSED   0x0000020a   Data   RW          704    .data               ccp.o
    0x2000101a   COMPRESSED   0x00000001   Data   RW         7686    .data               rtx_lib.o
    0x2000101b   COMPRESSED   0x00000001   PAD
    0x2000101c   COMPRESSED   0x00000004   Data   RW        10224    .data               system_s32k144.o
    0x20001020   COMPRESSED   0x000000a4   Data   RW         7474    .data.os            rtx_kernel.o
    0x200010c4        -       0x000005c0   Zero   RW          139    .bss                s32k144_api.o
    0x20001684   COMPRESSED   0x00000004   PAD
    0x20001688        -       0x00001400   Zero   RW          378    .bss                maintask.o
    0x20002a88        -       0x000001dc   Zero   RW          476    .bss                task2.o
    0x20002c64        -       0x00001628   Zero   RW          703    .bss                ccp.o
    0x2000428c   COMPRESSED   0x00000034   PAD
    0x200042c0        -       0x000001a4   Zero   RW         9149    .bss.noinit         eventrecorder.o


    Execution Region ARM_LIB_HEAP (Exec base: 0x20004464, Load base: 0x0000e2e4, Size: 0x00000200, Max: 0x00000200, ABSOLUTE)

    Exec Addr    Load Addr    Size         Type   Attr      Idx    E Section Name        Object

    0x20004464        -       0x00000200   Zero   RW            1    ARM_LIB_HEAP.bss    anon$$obj.o


    Execution Region ARM_LIB_STACK (Exec base: 0x20006e00, Load base: 0x0000e2e4, Size: 0x00000200, Max: 0x00000200, ABSOLUTE)

    Exec Addr    Load Addr    Size         Type   Attr      Idx    E Section Name        Object

    0x20006e00        -       0x00000200   Zero   RW            2    ARM_LIB_STACK.bss   anon$$obj.o



  Load Region LR_m_interrupts (Base: 0x00008000, Size: 0x00000400, Max: 0x00000400, ABSOLUTE)

    Execution Region VECTOR_RAM (Exec base: 0x00008000, Load base: 0x00008000, Size: 0x00000000, Max: 0x00000000, ABSOLUTE)

    Exec Addr    Load Addr    Size         Type   Attr      Idx    E Section Name        Object

    0x00008000        -       0x00000000   Zero   RW            3    VECTOR_RAM.bss      anon$$obj.o


    Execution Region VECTOR_ROM (Exec base: 0x00008000, Load base: 0x00008000, Size: 0x00000400, Max: 0x00000400, ABSOLUTE)

    Exec Addr    Load Addr    Size         Type   Attr      Idx    E Section Name        Object

    0x00008000   0x00008000   0x00000400   Data   RO        10211    RESET               startup_s32k144.o



  Load Region LR_m_flash_config (Base: 0x00008400, Size: 0x00000010, Max: 0x00000010, ABSOLUTE)

    Execution Region ER_m_flash_config (Exec base: 0x00008400, Load base: 0x00008400, Size: 0x00000010, Max: 0x00000010, ABSOLUTE)

    Exec Addr    Load Addr    Size         Type   Attr      Idx    E Section Name        Object

    0x00008400   0x00008400   0x00000010   Data   RO        10212    FlashConfig         startup_s32k144.o



  Load Region LR$$.ARM.__AT_0x00000000 (Base: 0x00000000, Size: 0x00000004, Max: 0x00000004, ABSOLUTE)

    Execution Region ER$$.ARM.__AT_0x00000000 (Exec base: 0x00000000, Load base: 0x00000000, Size: 0x00000004, Max: 0x00000004, ABSOLUTE, UNINIT)

    Exec Addr    Load Addr    Size         Type   Attr      Idx    E Section Name        Object

    0x00000000   0x00000000   0x00000004   Data   RO          137    .ARM.__AT_0x00000000  s32k144_api.o



  Load Region LR$$.ARM.__AT_0x00000004 (Base: 0x00000004, Size: 0x00000004, Max: 0x00000004, ABSOLUTE)

    Execution Region ER$$.ARM.__AT_0x00000004 (Exec base: 0x00000004, Load base: 0x00000004, Size: 0x00000004, Max: 0x00000004, ABSOLUTE, UNINIT)

    Exec Addr    Load Addr    Size         Type   Attr      Idx    E Section Name        Object

    0x00000004   0x00000004   0x00000004   Data   RO          138    .ARM.__AT_0x00000004  s32k144_api.o


==============================================================================

Image component sizes


      Code (inc. data)   RO Data    RW Data    ZI Data      Debug   Object Name

      2108         92          0        522       5672      13646   ccp.o
        90          4          0          0          0       7184   ccp_can_interface.o
      1198         86         24          0        420      19882   eventrecorder.o
       202          0          0          0          0       8259   filteringfunctions.o
       792        162          0        156      24060       4233   function.o
       200         14          1          0          0        696   irq_armv7m.o
        96         14          0          0          0     446176   main.o
       180         58        180         16       5120       5824   maintask.o
       142         24          0          1          0       2500   os_systick.o
       428         56          0          0          0       1377   rtx_config.o
       156          6          0          0          0      18329   rtx_delay.o
      1364        264          0          0          0      50329   rtx_evr.o
      1084         52         11        164          0      27314   rtx_kernel.o
       150         10        272       2789          0      18695   rtx_lib.o
       478          0          0          0          0       4191   rtx_memory.o
       532          0          0          0          0       4043   rtx_mempool.o
      2238         40          0          0          0      18002   rtx_msgqueue.o
      1418         36          0          0          0      13021   rtx_mutex.o
       792         40          0          0          0       9849   rtx_system.o
      2684        128          0          0          0      34790   rtx_thread.o
       320         32          0          0          0       6861   rtx_timer.o
      4124        524          8        100       1472      24252   s32k144_api.o
        84         16          4          0          0       1676   startup.o
        56         18       1040          0          0        908   startup_s32k144.o
       236         50         16          4          0       2371   system_s32k144.o
        10          0          0          0          0        436   task1.o
       636         70         80         16        476       8973   task2.o
       808         60          0          8          0       3279   task3.o
        24          6          0          0          0        440   task4.o

    ----------------------------------------------------------------------
     22662       1862       1704       3780      38300     757536   Object Totals
        10          0         64          0       1024          0   (incl. Generated)
        22          0          4          4         56          0   (incl. Padding)

    ----------------------------------------------------------------------

      Code (inc. data)   RO Data    RW Data    ZI Data      Debug   Library Member Name

        90          0          0          0          0          0   __dczerorl2.o
         8          0          0          0          0         68   __main.o
         0          0          0          0          0          0   __rtentry.o
        20          0          0          0          0          0   __rtentry2.o
         8          4          0          0          0          0   __rtentry7.o
        52          8          0          0          0          0   __scatter.o
        26          0          0          0          0          0   __scatter_copy.o
        28          0          0          0          0          0   __scatter_zi.o
        18          0          0          0          0         80   exit.o
         0          0          0          0          0          0   indicate_semi.o
         2          0          0          0          0          0   libinit.o
         6          0          0          0          0          0   libinit2.o
         2          0          0          0          0          0   libshutdown.o
         2          0          0          0          0          0   libshutdown2.o
        68          0          0          0          0         68   rt_memclr.o
        78          0          0          0          0         80   rt_memclr_w.o
       138          0          0          0          0         68   rt_memcpy_v6.o
       100          0          0          0          0         80   rt_memcpy_w.o
         2          0          0          0          0          0   rtexit.o
        10          0          0          0          0          0   rtexit2.o
        12          4          0          0          0         68   sys_exit.o
         2          0          0          0          0         68   use_no_semi.o
        10          0          0          0          0        116   fpinit.o

    ----------------------------------------------------------------------
       690         16          0          0          0        696   Library Totals
         8          0          0          0          0          0   (incl. Padding)

    ----------------------------------------------------------------------

      Code (inc. data)   RO Data    RW Data    ZI Data      Debug   Library Name

       672         16          0          0          0        580   c_w.l
        10          0          0          0          0        116   fz_wm.l

    ----------------------------------------------------------------------
       690         16          0          0          0        696   Library Totals

    ----------------------------------------------------------------------

==============================================================================


      Code (inc. data)   RO Data    RW Data    ZI Data      Debug   

     23352       1878       1704       3780      38300     734192   Grand Totals
     23352       1878       1704        620      38300     734192   ELF Image Totals (compressed)
     23352       1878       1704        620          0          0   ROM Totals

==============================================================================

    Total RO  Size (Code + RO Data)                25056 (  24.47kB)
    Total RW  Size (RW Data + ZI Data)             42080 (  41.09kB)
    Total ROM Size (Code + RO Data + RW Data)      25676 (  25.07kB)

==============================================================================

